###############################################################################
#
# IAR ELF Linker V9.30.1.335/W64 for ARM                  16/Jun/2023  17:28:28
# Copyright 2007-2022 IAR Systems AB.
#
#    Output file  =
#        d:\JD-Signal\3.Firmware\JD-Signal\EWARM\JD-Signal\Exe\JD-Signal.out
#    Map file     =
#        d:\JD-Signal\3.Firmware\JD-Signal\EWARM\JD-Signal\List\JD-Signal.map
#    Command line =
#        -f
#        d:\JD-Signal\3.Firmware\JD-Signal\EWARM\JD-Signal\Exe\JD-Signal.out.rsp
#        (d:\JD-Signal\3.Firmware\JD-Signal\EWARM\JD-Signal\Obj\Application\User\Core\adc.o
#        d:\JD-Signal\3.Firmware\JD-Signal\EWARM\JD-Signal\Obj\Drivers\Algorithm\Algorithm.o
#        d:\JD-Signal\3.Firmware\JD-Signal\EWARM\JD-Signal\Obj\Drivers\CMSIS-DSP\BasicMathFunctions.o
#        d:\JD-Signal\3.Firmware\JD-Signal\EWARM\JD-Signal\Obj\Drivers\CMSIS-DSP\BasicMathFunctionsF16.o
#        d:\JD-Signal\3.Firmware\JD-Signal\EWARM\JD-Signal\Obj\Drivers\BodeSetting\BodeSetting.o
#        d:\JD-Signal\3.Firmware\JD-Signal\EWARM\JD-Signal\Obj\Application\User\FATFS\Target\bsp_driver_sd.o
#        d:\JD-Signal\3.Firmware\JD-Signal\EWARM\JD-Signal\Obj\Middlewares\FatFs\ccsbcs.o
#        d:\JD-Signal\3.Firmware\JD-Signal\EWARM\JD-Signal\Obj\Drivers\cJSON\cJSON.o
#        d:\JD-Signal\3.Firmware\JD-Signal\EWARM\JD-Signal\Obj\Middlewares\FreeRTOS\cmsis_os.o
#        d:\JD-Signal\3.Firmware\JD-Signal\EWARM\JD-Signal\Obj\Middlewares\FreeRTOS\croutine.o
#        d:\JD-Signal\3.Firmware\JD-Signal\EWARM\JD-Signal\Obj\Application\User\Core\dac.o
#        d:\JD-Signal\3.Firmware\JD-Signal\EWARM\JD-Signal\Obj\Middlewares\FatFs\diskio.o
#        d:\JD-Signal\3.Firmware\JD-Signal\EWARM\JD-Signal\Obj\Application\User\Core\dma.o
#        d:\JD-Signal\3.Firmware\JD-Signal\EWARM\JD-Signal\Obj\Middlewares\FreeRTOS\event_groups.o
#        d:\JD-Signal\3.Firmware\JD-Signal\EWARM\JD-Signal\Obj\Application\User\FATFS\App\fatfs.o
#        d:\JD-Signal\3.Firmware\JD-Signal\EWARM\JD-Signal\Obj\Application\User\FATFS\Target\fatfs_platform.o
#        d:\JD-Signal\3.Firmware\JD-Signal\EWARM\JD-Signal\Obj\Middlewares\FatFs\ff.o
#        d:\JD-Signal\3.Firmware\JD-Signal\EWARM\JD-Signal\Obj\Middlewares\FatFs\ff_gen_drv.o
#        d:\JD-Signal\3.Firmware\JD-Signal\EWARM\JD-Signal\Obj\Application\User\Core\freertos.o
#        d:\JD-Signal\3.Firmware\JD-Signal\EWARM\JD-Signal\Obj\Application\User\Core\gpio.o
#        d:\JD-Signal\3.Firmware\JD-Signal\EWARM\JD-Signal\Obj\Middlewares\FreeRTOS\heap_4.o
#        d:\JD-Signal\3.Firmware\JD-Signal\EWARM\JD-Signal\Obj\Drivers\IPort3\IPort3.o
#        d:\JD-Signal\3.Firmware\JD-Signal\EWARM\JD-Signal\Obj\Drivers\LCD\LCD.o
#        d:\JD-Signal\3.Firmware\JD-Signal\EWARM\JD-Signal\Obj\Middlewares\FreeRTOS\list.o
#        d:\JD-Signal\3.Firmware\JD-Signal\EWARM\JD-Signal\Obj\Drivers\LTC6912\LTC6912.o
#        d:\JD-Signal\3.Firmware\JD-Signal\EWARM\JD-Signal\Obj\Application\User\Core\main.o
#        d:\JD-Signal\3.Firmware\JD-Signal\EWARM\JD-Signal\Obj\Middlewares\FreeRTOS\port.o
#        d:\JD-Signal\3.Firmware\JD-Signal\EWARM\JD-Signal\Obj\Middlewares\FreeRTOS\portasm.o
#        d:\JD-Signal\3.Firmware\JD-Signal\EWARM\JD-Signal\Obj\Middlewares\FreeRTOS\queue.o
#        d:\JD-Signal\3.Firmware\JD-Signal\EWARM\JD-Signal\Obj\Application\User\Core\rtc.o
#        d:\JD-Signal\3.Firmware\JD-Signal\EWARM\JD-Signal\Obj\Drivers\SaveInCSV\SaveInCSV.o
#        d:\JD-Signal\3.Firmware\JD-Signal\EWARM\JD-Signal\Obj\Drivers\SaveInCSV\SD.o
#        d:\JD-Signal\3.Firmware\JD-Signal\EWARM\JD-Signal\Obj\Application\User\FATFS\Target\sd_diskio.o
#        d:\JD-Signal\3.Firmware\JD-Signal\EWARM\JD-Signal\Obj\Application\User\Core\sdmmc.o
#        d:\JD-Signal\3.Firmware\JD-Signal\EWARM\JD-Signal\Obj\Application\User\Core\spi.o
#        d:\JD-Signal\3.Firmware\JD-Signal\EWARM\JD-Signal\Obj\Drivers\LCD\ST7789.o
#        d:\JD-Signal\3.Firmware\JD-Signal\EWARM\JD-Signal\Obj\Application\EWARM\startup_stm32h750xx.o
#        d:\JD-Signal\3.Firmware\JD-Signal\EWARM\JD-Signal\Obj\Drivers\STM32H7xx_HAL_Driver\stm32h7xx_hal.o
#        d:\JD-Signal\3.Firmware\JD-Signal\EWARM\JD-Signal\Obj\Drivers\STM32H7xx_HAL_Driver\stm32h7xx_hal_adc.o
#        d:\JD-Signal\3.Firmware\JD-Signal\EWARM\JD-Signal\Obj\Drivers\STM32H7xx_HAL_Driver\stm32h7xx_hal_adc_ex.o
#        d:\JD-Signal\3.Firmware\JD-Signal\EWARM\JD-Signal\Obj\Drivers\STM32H7xx_HAL_Driver\stm32h7xx_hal_cortex.o
#        d:\JD-Signal\3.Firmware\JD-Signal\EWARM\JD-Signal\Obj\Drivers\STM32H7xx_HAL_Driver\stm32h7xx_hal_dac.o
#        d:\JD-Signal\3.Firmware\JD-Signal\EWARM\JD-Signal\Obj\Drivers\STM32H7xx_HAL_Driver\stm32h7xx_hal_dac_ex.o
#        d:\JD-Signal\3.Firmware\JD-Signal\EWARM\JD-Signal\Obj\Drivers\STM32H7xx_HAL_Driver\stm32h7xx_hal_dma.o
#        d:\JD-Signal\3.Firmware\JD-Signal\EWARM\JD-Signal\Obj\Drivers\STM32H7xx_HAL_Driver\stm32h7xx_hal_dma_ex.o
#        d:\JD-Signal\3.Firmware\JD-Signal\EWARM\JD-Signal\Obj\Drivers\STM32H7xx_HAL_Driver\stm32h7xx_hal_exti.o
#        d:\JD-Signal\3.Firmware\JD-Signal\EWARM\JD-Signal\Obj\Drivers\STM32H7xx_HAL_Driver\stm32h7xx_hal_flash.o
#        d:\JD-Signal\3.Firmware\JD-Signal\EWARM\JD-Signal\Obj\Drivers\STM32H7xx_HAL_Driver\stm32h7xx_hal_flash_ex.o
#        d:\JD-Signal\3.Firmware\JD-Signal\EWARM\JD-Signal\Obj\Drivers\STM32H7xx_HAL_Driver\stm32h7xx_hal_gpio.o
#        d:\JD-Signal\3.Firmware\JD-Signal\EWARM\JD-Signal\Obj\Drivers\STM32H7xx_HAL_Driver\stm32h7xx_hal_hsem.o
#        d:\JD-Signal\3.Firmware\JD-Signal\EWARM\JD-Signal\Obj\Drivers\STM32H7xx_HAL_Driver\stm32h7xx_hal_i2c.o
#        d:\JD-Signal\3.Firmware\JD-Signal\EWARM\JD-Signal\Obj\Drivers\STM32H7xx_HAL_Driver\stm32h7xx_hal_i2c_ex.o
#        d:\JD-Signal\3.Firmware\JD-Signal\EWARM\JD-Signal\Obj\Drivers\STM32H7xx_HAL_Driver\stm32h7xx_hal_mdma.o
#        d:\JD-Signal\3.Firmware\JD-Signal\EWARM\JD-Signal\Obj\Application\User\Core\stm32h7xx_hal_msp.o
#        d:\JD-Signal\3.Firmware\JD-Signal\EWARM\JD-Signal\Obj\Drivers\STM32H7xx_HAL_Driver\stm32h7xx_hal_pwr.o
#        d:\JD-Signal\3.Firmware\JD-Signal\EWARM\JD-Signal\Obj\Drivers\STM32H7xx_HAL_Driver\stm32h7xx_hal_pwr_ex.o
#        d:\JD-Signal\3.Firmware\JD-Signal\EWARM\JD-Signal\Obj\Drivers\STM32H7xx_HAL_Driver\stm32h7xx_hal_rcc.o
#        d:\JD-Signal\3.Firmware\JD-Signal\EWARM\JD-Signal\Obj\Drivers\STM32H7xx_HAL_Driver\stm32h7xx_hal_rcc_ex.o
#        d:\JD-Signal\3.Firmware\JD-Signal\EWARM\JD-Signal\Obj\Drivers\STM32H7xx_HAL_Driver\stm32h7xx_hal_rtc.o
#        d:\JD-Signal\3.Firmware\JD-Signal\EWARM\JD-Signal\Obj\Drivers\STM32H7xx_HAL_Driver\stm32h7xx_hal_rtc_ex.o
#        d:\JD-Signal\3.Firmware\JD-Signal\EWARM\JD-Signal\Obj\Drivers\STM32H7xx_HAL_Driver\stm32h7xx_hal_sd.o
#        d:\JD-Signal\3.Firmware\JD-Signal\EWARM\JD-Signal\Obj\Drivers\STM32H7xx_HAL_Driver\stm32h7xx_hal_sd_ex.o
#        d:\JD-Signal\3.Firmware\JD-Signal\EWARM\JD-Signal\Obj\Drivers\STM32H7xx_HAL_Driver\stm32h7xx_hal_spi.o
#        d:\JD-Signal\3.Firmware\JD-Signal\EWARM\JD-Signal\Obj\Drivers\STM32H7xx_HAL_Driver\stm32h7xx_hal_spi_ex.o
#        d:\JD-Signal\3.Firmware\JD-Signal\EWARM\JD-Signal\Obj\Drivers\STM32H7xx_HAL_Driver\stm32h7xx_hal_tim.o
#        d:\JD-Signal\3.Firmware\JD-Signal\EWARM\JD-Signal\Obj\Drivers\STM32H7xx_HAL_Driver\stm32h7xx_hal_tim_ex.o
#        d:\JD-Signal\3.Firmware\JD-Signal\EWARM\JD-Signal\Obj\Application\User\Core\stm32h7xx_hal_timebase_tim.o
#        d:\JD-Signal\3.Firmware\JD-Signal\EWARM\JD-Signal\Obj\Drivers\STM32H7xx_HAL_Driver\stm32h7xx_hal_uart.o
#        d:\JD-Signal\3.Firmware\JD-Signal\EWARM\JD-Signal\Obj\Drivers\STM32H7xx_HAL_Driver\stm32h7xx_hal_uart_ex.o
#        d:\JD-Signal\3.Firmware\JD-Signal\EWARM\JD-Signal\Obj\Application\User\Core\stm32h7xx_it.o
#        d:\JD-Signal\3.Firmware\JD-Signal\EWARM\JD-Signal\Obj\Drivers\STM32H7xx_HAL_Driver\stm32h7xx_ll_delayblock.o
#        d:\JD-Signal\3.Firmware\JD-Signal\EWARM\JD-Signal\Obj\Drivers\STM32H7xx_HAL_Driver\stm32h7xx_ll_sdmmc.o
#        d:\JD-Signal\3.Firmware\JD-Signal\EWARM\JD-Signal\Obj\Middlewares\FreeRTOS\stream_buffer.o
#        d:\JD-Signal\3.Firmware\JD-Signal\EWARM\JD-Signal\Obj\Middlewares\FatFs\syscall.o
#        d:\JD-Signal\3.Firmware\JD-Signal\EWARM\JD-Signal\Obj\Drivers\CMSIS\system_stm32h7xx.o
#        d:\JD-Signal\3.Firmware\JD-Signal\EWARM\JD-Signal\Obj\Middlewares\FreeRTOS\tasks.o
#        d:\JD-Signal\3.Firmware\JD-Signal\EWARM\JD-Signal\Obj\Application\User\Core\tim.o
#        d:\JD-Signal\3.Firmware\JD-Signal\EWARM\JD-Signal\Obj\Middlewares\FreeRTOS\timers.o
#        d:\JD-Signal\3.Firmware\JD-Signal\EWARM\JD-Signal\Obj\Drivers\CMSIS-DSP\TransformFunctions.o
#        d:\JD-Signal\3.Firmware\JD-Signal\EWARM\JD-Signal\Obj\Drivers\CMSIS-DSP\TransformFunctionsF16.o
#        d:\JD-Signal\3.Firmware\JD-Signal\EWARM\JD-Signal\Obj\Application\User\Core\usart.o
#        d:\JD-Signal\3.Firmware\JD-Signal\EWARM\JD-Signal\Obj\Drivers\UserInteraction\UserInteraction.o
#        d:\JD-Signal\3.Firmware\JD-Signal\EWARM\JD-Signal\Obj\Application\User\Core\write.o
#        --no_out_extension -o
#        d:\JD-Signal\3.Firmware\JD-Signal\EWARM\JD-Signal\Exe\JD-Signal.out
#        --redirect _Printf=_PrintfFullNoMb --redirect _Scanf=_ScanfFullNoMb
#        --map
#        d:\JD-Signal\3.Firmware\JD-Signal\EWARM\JD-Signal\List\JD-Signal.map
#        --config d:\JD-Signal\3.Firmware\JD-Signal\EWARM/stm32h750xx_flash.icf
#        --semihosting --entry __iar_program_start --redirect
#        __iar_sh_stdout=__iar_sh_stdout_swo --vfe --text_out locale
#        --cpu=Cortex-M7 --fpu=VFPv5_d16)
#
###############################################################################

*******************************************************************************
*** RUNTIME MODEL ATTRIBUTES
***

CppFlavor       = *
__CPP_Runtime   = 1
__Heap_Handler  = Basic
__SystemLibrary = DLib
__dlib_version  = 6


*******************************************************************************
*** HEAP SELECTION
***

The basic heap was selected because --advanced_heap
was not specified and the application did not appear to
be primarily optimized for speed.


*******************************************************************************
*** PLACEMENT SUMMARY
***

"A0":  place at address 0x800'0000 { ro section .intvec };
"P1":  place in [from 0x800'0000 to 0x801'ffff] { ro };
define block CSTACK with size = 16K, alignment = 8 { };
define block HEAP with size = 8K, alignment = 8 { };
"P2":  place in [from 0x2000'0000 to 0x2001'ffff] {
          rw, block CSTACK, block HEAP };
"P3":  place in [from 0x2400'0000 to 0x2408'0000] { section .RAM_D1 };
initialize by copy { rw };

No sections matched the following patterns:

  section .RAM_D2  in "P4"
  section .RAM_D3  in "P5"


  Section            Kind         Address      Size  Object
  -------            ----         -------      ----  ------
"A0":                                         0x298
  .intvec            ro code   0x800'0000     0x298  startup_stm32h750xx.o [1]
                             - 0x800'0298     0x298

"P1":                                      0x1'2c47
  .rodata            const     0x800'0298    0x33f4  LCD.o [10]
  .text              ro code   0x800'368c    0x18a4  stm32h7xx_hal_dma.o [12]
  .text              ro code   0x800'4f30       0xc  stm32h7xx_hal.o [12]
  .text              ro code   0x800'4f3c     0xf30  stm32h7xx_hal_rcc_ex.o [12]
  .text              ro code   0x800'5e6c     0x3f4  stm32h7xx_hal_rcc.o [12]
  .text              ro code   0x800'6260      0x88  stm32h7xx_hal_timebase_tim.o [2]
  .text              ro code   0x800'62e8      0x9c  stm32h7xx_hal_cortex.o [12]
  .text              ro code   0x800'6384     0x918  stm32h7xx_hal_tim.o [12]
  .text              ro code   0x800'6c9c     0x238  tim.o [2]
  .text              ro code   0x800'6ed4       0x2  stm32h7xx_hal_tim.o [12]
  .text              ro code   0x800'6ed6       0x2  stm32h7xx_hal_tim.o [12]
  .text              ro code   0x800'6ed8       0x2  stm32h7xx_hal_tim.o [12]
  .text              ro code   0x800'6eda      0x7e  lz77_init_single.o [20]
  .text              ro code   0x800'6f58     0x2f0  main.o [2]
  .text              ro code   0x800'7248       0x2  stm32h7xx_hal_tim_ex.o [12]
  .text              ro code   0x800'724a       0x2  stm32h7xx_hal_tim_ex.o [12]
  .text              ro code   0x800'724c       0x2  stm32h7xx_hal_tim.o [12]
  .text              ro code   0x800'724e       0x2  stm32h7xx_hal_tim_ex.o [12]
  .text              ro code   0x800'7250       0x2  stm32h7xx_hal_tim.o [12]
  .text              ro code   0x800'7252      0x14  memset.o [20]
  .text              ro code   0x800'7266      0x1e  xsscin.o [18]
  .text              ro code   0x800'7284      0xa0  stm32h7xx_hal_tim_ex.o [12]
  .text              ro code   0x800'7324     0x260  stm32h7xx_hal_gpio.o [12]
  .text              ro code   0x800'7584      0x68  stm32h7xx_hal.o [12]
  .text              ro code   0x800'75ec     0x1b4  gpio.o [2]
  .text              ro code   0x800'77a0      0x70  dma.o [2]
  .text              ro code   0x800'7810     0x108  dac.o [2]
  .text              ro code   0x800'7918      0xf8  sdmmc.o [2]
  .text              ro code   0x800'7a10     0x1cc  spi.o [2]
  .text              ro code   0x800'7bdc     0x28c  usart.o [2]
  .text              ro code   0x800'7e68     0x310  adc.o [2]
  .text              ro code   0x800'8178      0xe8  rtc.o [2]
  .text              ro code   0x800'8260      0x18  fatfs.o [3]
  .text              ro code   0x800'8278      0x28  printf.o [18]
  .text              ro code   0x800'82a0     0x19c  stm32h7xx_hal_adc_ex.o [12]
  .text              ro code   0x800'843c      0xc8  UserInteraction.o [14]
  .text              ro code   0x800'8504      0x28  stm32h7xx_hal.o [12]
  .text              ro code   0x800'852c     0x160  BodeSetting.o [6]
  .text              ro code   0x800'868c     0x224  ST7789.o [10]
  .text              ro code   0x800'88b0     0x1b2  LCD.o [10]
  .text              ro code   0x800'8a62       0xa  xsprout.o [18]
  .text              ro code   0x800'8a6c      0xc8  LTC6912.o [11]
  .text              ro code   0x800'8b34     0x504  freertos.o [2]
  .text              ro code   0x800'9038     0x1c4  cmsis_os.o [17]
  .text              ro code   0x800'91fc       0x6  ABImemclr4.o [20]
  .rodata            const     0x800'9202       0x2  xlocale_c.o [18]
  .text              ro code   0x800'9204      0x48  stm32h7xx_hal_pwr_ex.o [12]
  .text              ro code   0x800'924c      0x10  stm32h7xx_hal_pwr.o [12]
  .text              ro code   0x800'925c     0x510  stm32h7xx_hal_rcc.o [12]
  .text              ro code   0x800'976c      0x10  stm32h7xx_hal.o [12]
  .text              ro code   0x800'977c      0x66  ABImemset.o [20]
  .text              ro code   0x800'97e2       0x2  stm32h7xx_hal_gpio.o [12]
  .text              ro code   0x800'97e4      0x28  stm32h7xx_hal_msp.o [2]
  .text              ro code   0x800'980c     0x364  stm32h7xx_hal_dac.o [12]
  .text              ro code   0x800'9b70     0x69c  stm32h7xx_hal_spi.o [12]
  .text              ro code   0x800'a20c     0x150  stm32h7xx_hal_uart_ex.o [12]
  .text              ro code   0x800'a35c     0xd6c  stm32h7xx_hal_uart.o [12]
  .text              ro code   0x800'b0c8     0xd84  stm32h7xx_hal_adc.o [12]
  .text              ro code   0x800'be4c     0x38a  stm32h7xx_hal_rtc.o [12]
  .rodata            const     0x800'c1d6       0x2  xlocale_c.o [18]
  .text              ro code   0x800'c1d8      0x64  stm32h7xx_hal_rtc_ex.o [12]
  .text              ro code   0x800'c23c      0x44  ff_gen_drv.o [16]
  .text              ro code   0x800'c280     0xeaa  xprintffull_nomb.o [18]
  .rodata            const     0x800'd12a       0x1  xlocale_c.o [18]
  .text              ro code   0x800'd12c     0x2d4  cos_sin64.o [19]
  .text              ro code   0x800'd400     0x7e4  tasks.o [17]
  .text              ro code   0x800'dbe4     0xce8  cJSON.o [15]
  .text              ro code   0x800'e8cc      0x40  sprintf.o [18]
  .text              ro code   0x800'e90c      0x12  strcmp.o [20]
  .text              ro code   0x800'e920     0x484  queue.o [17]
  .text              ro code   0x800'eda4      0x3a  ABImemset48.o [20]
  .text              ro code   0x800'edde       0x2  stm32h7xx_hal_dac.o [12]
  .text              ro code   0x800'ede0       0x2  stm32h7xx_hal_dac_ex.o [12]
  .text              ro code   0x800'ede2       0x2  stm32h7xx_hal_dac.o [12]
  .text              ro code   0x800'ede4       0x2  stm32h7xx_hal_dac.o [12]
  .text              ro code   0x800'ede6       0x2  stm32h7xx_hal_dac.o [12]
  .text              ro code   0x800'ede8       0x2  stm32h7xx_hal_spi.o [12]
  .text              ro code   0x800'edea       0x2  stm32h7xx_hal_spi.o [12]
  .text              ro code   0x800'edec       0x2  stm32h7xx_hal_spi.o [12]
  .text              ro code   0x800'edee       0x2  stm32h7xx_hal_spi.o [12]
  .text              ro code   0x800'edf0       0x2  stm32h7xx_hal_spi.o [12]
  .text              ro code   0x800'edf2       0x2  stm32h7xx_hal_uart.o [12]
  .text              ro code   0x800'edf4       0x2  stm32h7xx_hal_uart_ex.o [12]
  .text              ro code   0x800'edf6       0x2  stm32h7xx_hal_uart.o [12]
  .text              ro code   0x800'edf8       0x2  stm32h7xx_hal_uart_ex.o [12]
  .text              ro code   0x800'edfa       0x2  stm32h7xx_hal_uart_ex.o [12]
  .text              ro code   0x800'edfc     0x106  I64DivMod_small.o [20]
  .text              ro code   0x800'ef02       0x2  stm32h7xx_hal_uart.o [12]
  .text              ro code   0x800'ef04       0x2  stm32h7xx_hal_uart.o [12]
  .text              ro code   0x800'ef06       0x2  stm32h7xx_hal_adc_ex.o [12]
  .text              ro code   0x800'ef08       0x2  stm32h7xx_hal_adc_ex.o [12]
  .text              ro code   0x800'ef0a       0x2  stm32h7xx_hal_adc.o [12]
  .text              ro code   0x800'ef0c       0x2  stm32h7xx_hal_adc_ex.o [12]
  .text              ro code   0x800'ef0e       0x2  stm32h7xx_hal_adc_ex.o [12]
  .text              ro code   0x800'ef10       0x2  stm32h7xx_hal_adc.o [12]
  .text              ro code   0x800'ef12       0x2  stm32h7xx_hal_adc_ex.o [12]
  .text              ro code   0x800'ef14       0x2  stm32h7xx_hal_adc.o [12]
  .text              ro code   0x800'ef18      0x16  strchr.o [20]
  .text              ro code   0x800'ef30      0x40  xfail_s.o [18]
  .text              ro code   0x800'ef70      0x14  strlen_small.o [20]
  .text              ro code   0x800'ef84      0x58  memchr.o [20]
  .text              ro code   0x800'efdc      0x18  ABImemcpy_small.o [20]
  .text              ro code   0x800'eff4      0x88  frexp.o [19]
  .text              ro code   0x800'f07c      0x34  DblCmpLe.o [19]
  .text              ro code   0x800'f0b0      0x34  DblCmpGe.o [19]
  .text              ro code   0x800'f0e4     0x104  ldexp.o [19]
  .text              ro code   0x800'f1e8       0xe  DblToS32.o [19]
  .text              ro code   0x800'f1f6       0xe  S32ToDbl.o [19]
  .text              ro code   0x800'f204      0x12  DblSub.o [19]
  .text              ro code   0x800'f216      0x12  DblDiv.o [19]
  .text              ro code   0x800'f228       0xe  DblToU32.o [19]
  .text              ro code   0x800'f236       0xe  U32ToDbl.o [19]
  .text              ro code   0x800'f244      0x12  DblMul.o [19]
  .text              ro code   0x800'f258      0x4c  xlocale_c.o [18]
  .text              ro code   0x800'f2a4     0x168  heap_4.o [17]
  .text              ro code   0x800'f40c      0x94  list.o [17]
  .text              ro code   0x800'f4a0      0xcc  port.o [17]
  .text              ro code   0x800'f56c       0x2  freertos.o [2]
  .text              ro code   0x800'f56e       0x4  freertos.o [2]
  .text              ro code   0x800'f574       0x6  ABImemclr.o [20]
  .text              ro code   0x800'f57a      0x2a  strncmp.o [18]
  .text              ro code   0x800'f5a4     0x2cc  strto64.o [19]
  .text              ro code   0x800'f870      0x24  cJSON.o [15]
  .text              ro code   0x800'f894      0x28  sscanf.o [18]
  .text              ro code   0x800'f8bc      0x14  tolower.o [18]
  .text              ro code   0x800'f8d0       0x2  I64DivZer.o [20]
  .text              ro code   0x800'f8d2       0x6  abort.o [18]
  .text              ro code   0x800'f8d8      0x2c  port.o [17]
  CODE               ro code   0x800'f904      0xb0  portasm.o [17]
  .text              ro code   0x800'f9b4     0x122  iar_Stopfx.o [18]
  .text              ro code   0x800'fad8     0x1b8  iar_Stoflt.o [18]
  .text              ro code   0x800'fc90     0x208  iar_Stoxflt.o [18]
  .text              ro code   0x800'fe98     0xd78  xscanffull_nomb.o [18]
  .text              ro code   0x801'0c10      0x14  exit.o [21]
  .text              ro code   0x801'0c24      0x14  isspace.o [18]
  .text              ro code   0x801'0c38      0x14  isalpha.o [18]
  .text              ro code   0x801'0c4c       0xe  math_wrappers64.o [19]
  .text              ro code   0x801'0c5a       0xe  DblToFlt.o [19]
  .text              ro code   0x801'0c68     0x1b2  iar_Stoullx.o [18]
  .text              ro code   0x801'0e1c      0xaa  iar_Stollx.o [18]
  .text              ro code   0x801'0ec8     0xd2e  stm32h7xx_hal_sd.o [12]
  .text              ro code   0x801'1bf8     0x5a8  stm32h7xx_ll_sdmmc.o [12]
  .text              ro code   0x801'21a0       0x8  bsp_driver_sd.o [4]
  .text              ro code   0x801'21a8       0x2  stm32h7xx_hal_sd.o [12]
  .text              ro code   0x801'21aa       0x2  stm32h7xx_hal_sd.o [12]
  .text              ro code   0x801'21ac       0x2  stm32h7xx_hal_sd.o [12]
  .text              ro code   0x801'21ae       0x2  stm32h7xx_hal_sd.o [12]
  .text              ro code   0x801'21b0       0x2  stm32h7xx_hal_sd.o [12]
  .text              ro code   0x801'21b4     0x1b4  sd_diskio.o [4]
  .text              ro code   0x801'2368      0x18  bsp_driver_sd.o [4]
  .text              ro code   0x801'2380      0x30  bsp_driver_sd.o [4]
  .text              ro code   0x801'23b0      0x1c  bsp_driver_sd.o [4]
  .text              ro code   0x801'23cc      0x1c  bsp_driver_sd.o [4]
  .text              ro code   0x801'23e8       0xc  bsp_driver_sd.o [4]
  .text              ro code   0x801'23f4      0x18  bsp_driver_sd.o [4]
  .text              ro code   0x801'240c      0x18  fatfs_platform.o [4]
  .text              ro code   0x801'2424     0x2e8  heap0.o [18]
  .text              ro code   0x801'270c      0x2c  xgetmemchunk.o [18]
  .text              ro code   0x801'2738      0x1e  ABImemmove_small.o [20]
  .text              ro code   0x801'2758      0xd4  system_stm32h7xx.o [7]
  .text              ro code   0x801'282c      0xd0  stm32h7xx_it.o [2]
  .rodata            const     0x801'28fc      0x50  iar_Stoullx.o [18]
  .rodata            const     0x801'294c      0x24  xscanffull_nomb.o [18]
  .rodata            const     0x801'2970      0x48  strto64.o [19]
  .text              ro code   0x801'29b8      0x44  putchar.o [18]
  .text              ro code   0x801'29fc      0x30  write.o [2]
  .text              ro code   0x801'2a2c      0x38  zero_init3.o [20]
  .text              ro code   0x801'2a64      0x32  stm32h7xx_hal_dac_ex.o [12]
  .text              ro code   0x801'2a96       0x2  stm32h7xx_hal_dac_ex.o [12]
  .text              ro code   0x801'2a98       0x2  stm32h7xx_hal_dac_ex.o [12]
  .text              ro code   0x801'2a9a       0x2  stm32h7xx_hal_dac_ex.o [12]
  .rodata            const     0x801'2a9c      0x28  xscanffull_nomb.o [18]
  .text              ro code   0x801'2ac4      0x28  data_init.o [20]
  .text              ro code   0x801'2aec      0x22  fpinit_M.o [19]
  .iar.init_table    const     0x801'2b10      0x28  - Linker created -
  .text              ro code   0x801'2b38      0x1e  cmain.o [20]
  .text              ro code   0x801'2b56       0x4  low_level_init.o [18]
  .text              ro code   0x801'2b5a       0x4  exit.o [18]
  .text              ro code   0x801'2b60       0xa  cexit.o [20]
  .text              ro code   0x801'2b6c      0x1c  cstartup_M.o [20]
  .text              ro code   0x801'2b88      0x16  xprout.o [18]
  .rodata            const     0x801'2ba0      0x14  sd_diskio.o [4]
  .rodata            const     0x801'2bb4      0x10  freertos.o [2]
  .rodata            const     0x801'2bc4      0x10  freertos.o [2]
  .rodata            const     0x801'2bd4      0x10  freertos.o [2]
  .rodata            const     0x801'2be4      0x10  freertos.o [2]
  .text              ro code   0x801'2bf4      0x10  startup_stm32h750xx.o [1]
  .rodata            const     0x801'2c04       0xc  freertos.o [2]
  .rodata            const     0x801'2c10       0xc  freertos.o [2]
  .text              ro code   0x801'2c1c       0x8  heaptramp0.o [18]
  .text              ro code   0x801'2c24       0x4  startup_stm32h750xx.o [1]
  .text              ro code   0x801'2c28       0x4  startup_stm32h750xx.o [1]
  .text              ro code   0x801'2c2c       0x4  startup_stm32h750xx.o [1]
  .text              ro code   0x801'2c30       0x4  startup_stm32h750xx.o [1]
  .text              ro code   0x801'2c34       0x4  startup_stm32h750xx.o [1]
  .text              ro code   0x801'2c38       0x4  startup_stm32h750xx.o [1]
  .text              ro code   0x801'2c3c       0x4  startup_stm32h750xx.o [1]
  .text              ro code   0x801'2c40       0x4  startup_stm32h750xx.o [1]
  .text              ro code   0x801'2c44       0x4  startup_stm32h750xx.o [1]
  .text              ro code   0x801'2c48       0x4  startup_stm32h750xx.o [1]
  .text              ro code   0x801'2c4c       0x4  startup_stm32h750xx.o [1]
  .text              ro code   0x801'2c50       0x4  startup_stm32h750xx.o [1]
  .text              ro code   0x801'2c54       0x4  startup_stm32h750xx.o [1]
  .text              ro code   0x801'2c58       0x4  startup_stm32h750xx.o [1]
  .text              ro code   0x801'2c5c       0x4  startup_stm32h750xx.o [1]
  .text              ro code   0x801'2c60       0x4  startup_stm32h750xx.o [1]
  .text              ro code   0x801'2c64       0x4  startup_stm32h750xx.o [1]
  .text              ro code   0x801'2c68       0x4  startup_stm32h750xx.o [1]
  .text              ro code   0x801'2c6c       0x4  startup_stm32h750xx.o [1]
  .text              ro code   0x801'2c70       0x4  startup_stm32h750xx.o [1]
  .text              ro code   0x801'2c74       0x4  startup_stm32h750xx.o [1]
  .text              ro code   0x801'2c78       0x4  startup_stm32h750xx.o [1]
  .text              ro code   0x801'2c7c       0x4  startup_stm32h750xx.o [1]
  .text              ro code   0x801'2c80       0x4  startup_stm32h750xx.o [1]
  .text              ro code   0x801'2c84       0x4  startup_stm32h750xx.o [1]
  .text              ro code   0x801'2c88       0x4  startup_stm32h750xx.o [1]
  .text              ro code   0x801'2c8c       0x4  startup_stm32h750xx.o [1]
  .text              ro code   0x801'2c90       0x4  startup_stm32h750xx.o [1]
  .text              ro code   0x801'2c94       0x4  startup_stm32h750xx.o [1]
  .text              ro code   0x801'2c98       0x4  startup_stm32h750xx.o [1]
  .text              ro code   0x801'2c9c       0x4  startup_stm32h750xx.o [1]
  .text              ro code   0x801'2ca0       0x4  startup_stm32h750xx.o [1]
  .text              ro code   0x801'2ca4       0x4  startup_stm32h750xx.o [1]
  .text              ro code   0x801'2ca8       0x4  startup_stm32h750xx.o [1]
  .text              ro code   0x801'2cac       0x4  startup_stm32h750xx.o [1]
  .text              ro code   0x801'2cb0       0x4  startup_stm32h750xx.o [1]
  .text              ro code   0x801'2cb4       0x4  startup_stm32h750xx.o [1]
  .text              ro code   0x801'2cb8       0x4  startup_stm32h750xx.o [1]
  .text              ro code   0x801'2cbc       0x4  startup_stm32h750xx.o [1]
  .text              ro code   0x801'2cc0       0x4  startup_stm32h750xx.o [1]
  .text              ro code   0x801'2cc4       0x4  startup_stm32h750xx.o [1]
  .text              ro code   0x801'2cc8       0x4  startup_stm32h750xx.o [1]
  .text              ro code   0x801'2ccc       0x4  startup_stm32h750xx.o [1]
  .text              ro code   0x801'2cd0       0x4  startup_stm32h750xx.o [1]
  .text              ro code   0x801'2cd4       0x4  startup_stm32h750xx.o [1]
  .text              ro code   0x801'2cd8       0x4  startup_stm32h750xx.o [1]
  .text              ro code   0x801'2cdc       0x4  startup_stm32h750xx.o [1]
  .text              ro code   0x801'2ce0       0x4  startup_stm32h750xx.o [1]
  .text              ro code   0x801'2ce4       0x4  startup_stm32h750xx.o [1]
  .text              ro code   0x801'2ce8       0x4  startup_stm32h750xx.o [1]
  .text              ro code   0x801'2cec       0x4  startup_stm32h750xx.o [1]
  .text              ro code   0x801'2cf0       0x4  startup_stm32h750xx.o [1]
  .text              ro code   0x801'2cf4       0x4  startup_stm32h750xx.o [1]
  .text              ro code   0x801'2cf8       0x4  startup_stm32h750xx.o [1]
  .text              ro code   0x801'2cfc       0x4  startup_stm32h750xx.o [1]
  .text              ro code   0x801'2d00       0x4  startup_stm32h750xx.o [1]
  .text              ro code   0x801'2d04       0x4  startup_stm32h750xx.o [1]
  .text              ro code   0x801'2d08       0x4  startup_stm32h750xx.o [1]
  .text              ro code   0x801'2d0c       0x4  startup_stm32h750xx.o [1]
  .text              ro code   0x801'2d10       0x4  startup_stm32h750xx.o [1]
  .text              ro code   0x801'2d14       0x4  startup_stm32h750xx.o [1]
  .text              ro code   0x801'2d18       0x4  startup_stm32h750xx.o [1]
  .text              ro code   0x801'2d1c       0x4  startup_stm32h750xx.o [1]
  .text              ro code   0x801'2d20       0x4  startup_stm32h750xx.o [1]
  .text              ro code   0x801'2d24       0x4  startup_stm32h750xx.o [1]
  .text              ro code   0x801'2d28       0x4  startup_stm32h750xx.o [1]
  .text              ro code   0x801'2d2c       0x4  startup_stm32h750xx.o [1]
  .text              ro code   0x801'2d30       0x4  startup_stm32h750xx.o [1]
  .text              ro code   0x801'2d34       0x4  startup_stm32h750xx.o [1]
  .text              ro code   0x801'2d38       0x4  startup_stm32h750xx.o [1]
  .text              ro code   0x801'2d3c       0x4  startup_stm32h750xx.o [1]
  .text              ro code   0x801'2d40       0x4  startup_stm32h750xx.o [1]
  .text              ro code   0x801'2d44       0x4  startup_stm32h750xx.o [1]
  .text              ro code   0x801'2d48       0x4  startup_stm32h750xx.o [1]
  .text              ro code   0x801'2d4c       0x4  startup_stm32h750xx.o [1]
  .text              ro code   0x801'2d50       0x4  startup_stm32h750xx.o [1]
  .text              ro code   0x801'2d54       0x4  startup_stm32h750xx.o [1]
  .text              ro code   0x801'2d58       0x4  startup_stm32h750xx.o [1]
  .text              ro code   0x801'2d5c       0x4  startup_stm32h750xx.o [1]
  .text              ro code   0x801'2d60       0x4  startup_stm32h750xx.o [1]
  .text              ro code   0x801'2d64       0x4  startup_stm32h750xx.o [1]
  .text              ro code   0x801'2d68       0x4  startup_stm32h750xx.o [1]
  .text              ro code   0x801'2d6c       0x4  startup_stm32h750xx.o [1]
  .text              ro code   0x801'2d70       0x4  startup_stm32h750xx.o [1]
  .text              ro code   0x801'2d74       0x4  startup_stm32h750xx.o [1]
  .text              ro code   0x801'2d78       0x4  startup_stm32h750xx.o [1]
  .text              ro code   0x801'2d7c       0x4  startup_stm32h750xx.o [1]
  .text              ro code   0x801'2d80       0x4  startup_stm32h750xx.o [1]
  .text              ro code   0x801'2d84       0x4  startup_stm32h750xx.o [1]
  .text              ro code   0x801'2d88       0x4  startup_stm32h750xx.o [1]
  .text              ro code   0x801'2d8c       0x4  startup_stm32h750xx.o [1]
  .text              ro code   0x801'2d90       0x4  startup_stm32h750xx.o [1]
  .text              ro code   0x801'2d94       0x4  startup_stm32h750xx.o [1]
  .text              ro code   0x801'2d98       0x4  startup_stm32h750xx.o [1]
  .text              ro code   0x801'2d9c       0x4  startup_stm32h750xx.o [1]
  .text              ro code   0x801'2da0       0x4  startup_stm32h750xx.o [1]
  .text              ro code   0x801'2da4       0x4  startup_stm32h750xx.o [1]
  .text              ro code   0x801'2da8       0x4  startup_stm32h750xx.o [1]
  .text              ro code   0x801'2dac       0x4  startup_stm32h750xx.o [1]
  .text              ro code   0x801'2db0       0x4  startup_stm32h750xx.o [1]
  .text              ro code   0x801'2db4       0x4  startup_stm32h750xx.o [1]
  .text              ro code   0x801'2db8       0x4  startup_stm32h750xx.o [1]
  .text              ro code   0x801'2dbc       0x4  startup_stm32h750xx.o [1]
  .text              ro code   0x801'2dc0       0x4  startup_stm32h750xx.o [1]
  .text              ro code   0x801'2dc4       0x4  startup_stm32h750xx.o [1]
  .text              ro code   0x801'2dc8       0x4  startup_stm32h750xx.o [1]
  .text              ro code   0x801'2dcc       0x4  startup_stm32h750xx.o [1]
  .text              ro code   0x801'2dd0       0x4  startup_stm32h750xx.o [1]
  .text              ro code   0x801'2dd4       0x4  startup_stm32h750xx.o [1]
  .text              ro code   0x801'2dd8       0x4  startup_stm32h750xx.o [1]
  .text              ro code   0x801'2ddc       0x4  startup_stm32h750xx.o [1]
  .text              ro code   0x801'2de0       0x4  startup_stm32h750xx.o [1]
  .text              ro code   0x801'2de4       0x4  startup_stm32h750xx.o [1]
  .text              ro code   0x801'2de8       0x4  startup_stm32h750xx.o [1]
  .text              ro code   0x801'2dec       0x4  startup_stm32h750xx.o [1]
  .text              ro code   0x801'2df0       0x4  startup_stm32h750xx.o [1]
  .text              ro code   0x801'2df4       0x4  startup_stm32h750xx.o [1]
  .text              ro code   0x801'2df8       0x4  startup_stm32h750xx.o [1]
  .text              ro code   0x801'2dfc       0x4  startup_stm32h750xx.o [1]
  .text              ro code   0x801'2e00       0x4  startup_stm32h750xx.o [1]
  .text              ro code   0x801'2e04       0x4  startup_stm32h750xx.o [1]
  .text              ro code   0x801'2e08       0x4  startup_stm32h750xx.o [1]
  .text              ro code   0x801'2e0c       0x4  startup_stm32h750xx.o [1]
  .text              ro code   0x801'2e10       0x4  startup_stm32h750xx.o [1]
  .text              ro code   0x801'2e14       0x4  startup_stm32h750xx.o [1]
  .rodata            const     0x801'2e18       0x0  zero_init3.o [20]
  .rodata            const     0x801'2e18       0x0  lz77_init_single.o [20]
  Initializer bytes  const     0x801'2e18      0xc7  <for P2-1>
                             - 0x801'2edf  0x1'2c47

"P2", part 1 of 3:                            0x160
  P2-1                        0x2000'0000     0x160  <Init block>
    .data            inited   0x2000'0000      0x14  cJSON.o [15]
    .data            inited   0x2000'0014      0x64  LTC6912.o [11]
    .data            inited   0x2000'0078       0x4  port.o [17]
    .data            inited   0x2000'007c       0x8  sd_diskio.o [4]
    .data            inited   0x2000'0084       0xc  stm32h7xx_hal.o [12]
    .data            inited   0x2000'0090       0x8  system_stm32h7xx.o [7]
    .data            inited   0x2000'0098      0x38  xlocale_c.o [18]
    .data            inited   0x2000'00d0      0x48  xlocale_c.o [18]
    .data            inited   0x2000'0118      0x48  xfiles.o [18]
                            - 0x2000'0160     0x160

"P2", part 2 of 3:                           0x4878
  .bss               zero     0x2000'0160    0x3c20  heap_4.o [17]
  .bss               zero     0x2000'3d80     0x260  freertos.o [2]
  .bss               zero     0x2000'3fe0      0xf0  adc.o [2]
  .bss               zero     0x2000'40d0      0xa0  tasks.o [17]
  .bss               zero     0x2000'4170      0x94  usart.o [2]
  .bss               zero     0x2000'4204      0x94  usart.o [2]
  .bss               zero     0x2000'4298      0x94  usart.o [2]
  .bss               zero     0x2000'432c      0x8c  tasks.o [17]
  .bss               zero     0x2000'43b8      0x88  spi.o [2]
  .bss               zero     0x2000'4440      0x88  spi.o [2]
  .bss               zero     0x2000'44c8      0x7c  sdmmc.o [2]
  .bss               zero     0x2000'4544      0x78  dac.o [2]
  .bss               zero     0x2000'45bc      0x78  spi.o [2]
  .bss               zero     0x2000'4634      0x78  usart.o [2]
  .bss               zero     0x2000'46ac      0x64  adc.o [2]
  .bss               zero     0x2000'4710      0x64  adc.o [2]
  .bss               zero     0x2000'4774      0x64  adc.o [2]
  .bss               zero     0x2000'47d8      0x50  xfiles.o [18]
  .bss               zero     0x2000'4828      0x4c  stm32h7xx_hal_timebase_tim.o [2]
  .bss               zero     0x2000'4874      0x4c  tim.o [2]
  .bss               zero     0x2000'48c0      0x4c  tim.o [2]
  .bss               zero     0x2000'490c      0x4c  tim.o [2]
  .bss               zero     0x2000'4958      0x24  rtc.o [2]
  .bss               zero     0x2000'497c      0x1c  freertos.o [2]
  .bss               zero     0x2000'4998      0x14  dac.o [2]
  .bss               zero     0x2000'49ac      0x10  ff_gen_drv.o [16]
  .bss               zero     0x2000'49bc       0x8  fatfs.o [3]
  .bss               zero     0x2000'49c4       0x8  heap0.o [18]
  .bss               zero     0x2000'49cc       0x4  adc.o [2]
  .bss               zero     0x2000'49d0       0x4  xfail_s.o [18]
  .bss               zero     0x2000'49d4       0x4  xgetmemchunk.o [18]
                            - 0x2000'49d8    0x4878

"P2", part 3 of 3:                           0x6000
  CSTACK                      0x2000'49d8    0x4000  <Block>
    CSTACK           uninit   0x2000'49d8    0x4000  <Block tail>
  HEAP                        0x2000'89d8    0x2000  <Block>
    HEAP             uninit   0x2000'89d8    0x2000  <Block tail>
                            - 0x2000'a9d8    0x6000

"P3":                                        0x1900
  .RAM_D1            zero     0x2400'0000    0x1100  freertos.o [2]
  .RAM_D1            zero     0x2400'1100     0x800  BodeSetting.o [6]
                            - 0x2400'1900    0x1900

Unused ranges:

         From           To      Size
         ----           --      ----
   0x801'2edf   0x801'ffff    0xd121
  0x2000'a9d8  0x2001'ffff  0x1'5628
  0x2400'1900  0x2408'0000  0x7'e701


*******************************************************************************
*** INIT TABLE
***

          Address      Size
          -------      ----
Zero (__iar_zero_init3)
    2 destination ranges, total size 0x6178:
          0x2000'0160  0x4878
          0x2400'0000  0x1900

Copy/lz77 (__iar_lz77_init_single3)
    1 source range, total size 0xc7 (56% of destination):
           0x801'2e18    0xc7
    1 destination range, total size 0x160:
          0x2000'0000   0x160



*******************************************************************************
*** MODULE SUMMARY
***

    Module                        ro code  ro data  rw data
    ------                        -------  -------  -------
command line/config:
    -------------------------------------------------------
    Total:

d:\JD-Signal\3.Firmware\JD-Signal\EWARM\JD-Signal\Obj\Application\EWARM: [1]
    startup_stm32h750xx.o           1'180
    -------------------------------------------------------
    Total:                          1'180

d:\JD-Signal\3.Firmware\JD-Signal\EWARM\JD-Signal\Obj\Application\User\Core: [2]
    adc.o                             784               544
    dac.o                             264               140
    dma.o                             112
    freertos.o                      1'290       88    4'988
    gpio.o                            436
    main.o                            752
    rtc.o                             232                36
    sdmmc.o                           248               124
    spi.o                             460               392
    stm32h7xx_hal_msp.o                40
    stm32h7xx_hal_timebase_tim.o      136                76
    stm32h7xx_it.o                    208
    tim.o                             568               228
    usart.o                           652               564
    write.o                            48
    -------------------------------------------------------
    Total:                          6'230       88    7'092

d:\JD-Signal\3.Firmware\JD-Signal\EWARM\JD-Signal\Obj\Application\User\FATFS\App: [3]
    fatfs.o                            24                 8
    -------------------------------------------------------
    Total:                             24                 8

d:\JD-Signal\3.Firmware\JD-Signal\EWARM\JD-Signal\Obj\Application\User\FATFS\Target: [4]
    bsp_driver_sd.o                   172
    fatfs_platform.o                   24
    sd_diskio.o                       436       24        8
    -------------------------------------------------------
    Total:                            632       24        8

d:\JD-Signal\3.Firmware\JD-Signal\EWARM\JD-Signal\Obj\Drivers\Algorithm: [5]
    -------------------------------------------------------
    Total:

d:\JD-Signal\3.Firmware\JD-Signal\EWARM\JD-Signal\Obj\Drivers\BodeSetting: [6]
    BodeSetting.o                     352             2'048
    -------------------------------------------------------
    Total:                            352             2'048

d:\JD-Signal\3.Firmware\JD-Signal\EWARM\JD-Signal\Obj\Drivers\CMSIS: [7]
    system_stm32h7xx.o                212        4        8
    -------------------------------------------------------
    Total:                            212        4        8

d:\JD-Signal\3.Firmware\JD-Signal\EWARM\JD-Signal\Obj\Drivers\CMSIS-DSP: [8]
    -------------------------------------------------------
    Total:

d:\JD-Signal\3.Firmware\JD-Signal\EWARM\JD-Signal\Obj\Drivers\IPort3: [9]
    -------------------------------------------------------
    Total:

d:\JD-Signal\3.Firmware\JD-Signal\EWARM\JD-Signal\Obj\Drivers\LCD: [10]
    LCD.o                             434   13'300
    ST7789.o                          548
    -------------------------------------------------------
    Total:                            982   13'300

d:\JD-Signal\3.Firmware\JD-Signal\EWARM\JD-Signal\Obj\Drivers\LTC6912: [11]
    LTC6912.o                         200       56      100
    -------------------------------------------------------
    Total:                            200       56      100

d:\JD-Signal\3.Firmware\JD-Signal\EWARM\JD-Signal\Obj\Drivers\STM32H7xx_HAL_Driver: [12]
    stm32h7xx_hal.o                   172        7       12
    stm32h7xx_hal_adc.o             3'466
    stm32h7xx_hal_adc_ex.o            422
    stm32h7xx_hal_cortex.o            156
    stm32h7xx_hal_dac.o               876
    stm32h7xx_hal_dac_ex.o             58
    stm32h7xx_hal_dma.o             6'308
    stm32h7xx_hal_gpio.o              610
    stm32h7xx_hal_pwr.o                16
    stm32h7xx_hal_pwr_ex.o             72
    stm32h7xx_hal_rcc.o             2'308
    stm32h7xx_hal_rcc_ex.o          3'888
    stm32h7xx_hal_rtc.o               906
    stm32h7xx_hal_rtc_ex.o            100
    stm32h7xx_hal_sd.o              3'384
    stm32h7xx_hal_spi.o             1'702
    stm32h7xx_hal_tim.o             2'338
    stm32h7xx_hal_tim_ex.o            166
    stm32h7xx_hal_uart.o            3'444
    stm32h7xx_hal_uart_ex.o           342
    stm32h7xx_ll_sdmmc.o            1'448
    -------------------------------------------------------
    Total:                         32'182        7       12

d:\JD-Signal\3.Firmware\JD-Signal\EWARM\JD-Signal\Obj\Drivers\SaveInCSV: [13]
    -------------------------------------------------------
    Total:

d:\JD-Signal\3.Firmware\JD-Signal\EWARM\JD-Signal\Obj\Drivers\UserInteraction: [14]
    UserInteraction.o                 200
    -------------------------------------------------------
    Total:                            200

d:\JD-Signal\3.Firmware\JD-Signal\EWARM\JD-Signal\Obj\Drivers\cJSON: [15]
    cJSON.o                         3'340       11       20
    -------------------------------------------------------
    Total:                          3'340       11       20

d:\JD-Signal\3.Firmware\JD-Signal\EWARM\JD-Signal\Obj\Middlewares\FatFs: [16]
    ff_gen_drv.o                       68                16
    -------------------------------------------------------
    Total:                             68                16

d:\JD-Signal\3.Firmware\JD-Signal\EWARM\JD-Signal\Obj\Middlewares\FreeRTOS: [17]
    cmsis_os.o                        452
    heap_4.o                          360            15'392
    list.o                            148
    port.o                            248        3        4
    portasm.o                         176
    queue.o                         1'156
    tasks.o                         2'020               300
    -------------------------------------------------------
    Total:                          4'560        3   15'696

dl7M_tlf.a: [18]
    abort.o                             6
    exit.o                              4
    heap0.o                           744                 8
    heaptramp0.o                        8
    iar_Stoflt.o                      440
    iar_Stollx.o                      170
    iar_Stopfx.o                      290
    iar_Stoullx.o                     434       80
    iar_Stoxflt.o                     520
    isalpha.o                          20
    isspace.o                          20
    low_level_init.o                    4
    printf.o                           40
    putchar.o                          68
    sprintf.o                          64
    sscanf.o                           40
    strncmp.o                          42
    tolower.o                          20
    xfail_s.o                          64                 4
    xfiles.o                                    41      152
    xgetmemchunk.o                     44                 4
    xlocale_c.o                        76       78      128
    xprintffull_nomb.o              3'754
    xprout.o                           22
    xscanffull_nomb.o               3'448       76
    xsprout.o                          10
    xsscin.o                           30
    -------------------------------------------------------
    Total:                         10'382      275      296

m7M_tlv.a: [19]
    DblCmpGe.o                         52
    DblCmpLe.o                         52
    DblDiv.o                           18
    DblMul.o                           18
    DblSub.o                           18
    DblToFlt.o                         14
    DblToS32.o                         14
    DblToU32.o                         14
    S32ToDbl.o                         14
    U32ToDbl.o                         14
    cos_sin64.o                       724
    fpinit_M.o                         34
    frexp.o                           136
    ldexp.o                           260
    math_wrappers64.o                  14
    strto64.o                         716       72
    -------------------------------------------------------
    Total:                          2'112       72

rt7M_tl.a: [20]
    ABImemclr.o                         6
    ABImemclr4.o                        6
    ABImemcpy_small.o                  24
    ABImemmove_small.o                 30
    ABImemset.o                       102
    ABImemset48.o                      58
    I64DivMod_small.o                 262
    I64DivZer.o                         2
    cexit.o                            10
    cmain.o                            30
    cstartup_M.o                       28
    data_init.o                        40
    lz77_init_single.o                126
    memchr.o                           88
    memset.o                           20
    strchr.o                           22
    strcmp.o                           18
    strlen_small.o                     20
    zero_init3.o                       56
    -------------------------------------------------------
    Total:                            948

shb_l.a: [21]
    exit.o                             20
    -------------------------------------------------------
    Total:                             20

    Gaps                               27        4
    Linker created                              40   24'576
-----------------------------------------------------------
    Grand Total:                   63'651   13'884   49'880


*******************************************************************************
*** ENTRY LIST
***

Entry                       Address    Size  Type      Object
-----                       -------    ----  ----      ------
.iar.init_table$$Base    0x801'2b10           --   Gb  - Linker created -
.iar.init_table$$Limit   0x801'2b38           --   Gb  - Linker created -
?main                    0x801'2b39          Code  Gb  cmain.o [20]
ADC1ConvEnd             0x2000'497c     0x1  Data  Gb  freertos.o [2]
ADC1_Buffer             0x2400'0000   0x800  Data  Gb  freertos.o [2]
ADC2ConvEnd             0x2000'497d     0x1  Data  Gb  freertos.o [2]
ADC2_Buffer             0x2400'0800   0x800  Data  Gb  freertos.o [2]
ADC3_IRQHandler          0x801'2dc9          Code  Wk  startup_stm32h750xx.o [1]
ADC_ConfigureBoostMode   0x800'bcdd   0x116  Code  Gb  stm32h7xx_hal_adc.o [12]
ADC_ConversionStop       0x800'ba6d    0xba  Code  Gb  stm32h7xx_hal_adc.o [12]
ADC_DMAConvCplt          0x800'bc45    0x7c  Code  Gb  stm32h7xx_hal_adc.o [12]
ADC_DMAError             0x800'bcc7    0x16  Code  Gb  stm32h7xx_hal_adc.o [12]
ADC_DMAHalfConvCplt      0x800'bcc1     0x6  Code  Gb  stm32h7xx_hal_adc.o [12]
ADC_Disable              0x800'bbcd    0x58  Code  Gb  stm32h7xx_hal_adc.o [12]
ADC_Enable               0x800'bb27    0x9e  Code  Gb  stm32h7xx_hal_adc.o [12]
ADC_IRQHandler           0x801'2845    0x12  Code  Gb  stm32h7xx_it.o [2]
Aldata                  0x2000'49c4     0x8  Data  Lc  heap0.o [18]
Analyze_Task             0x800'8e6b    0x34  Code  Gb  freertos.o [2]
BDMA_Channel0_IRQHandler
                         0x801'2dd1          Code  Wk  startup_stm32h750xx.o [1]
BDMA_Channel1_IRQHandler
                         0x801'2dd5          Code  Wk  startup_stm32h750xx.o [1]
BDMA_Channel2_IRQHandler
                         0x801'2dd9          Code  Wk  startup_stm32h750xx.o [1]
BDMA_Channel3_IRQHandler
                         0x801'2ddd          Code  Wk  startup_stm32h750xx.o [1]
BDMA_Channel4_IRQHandler
                         0x801'2de1          Code  Wk  startup_stm32h750xx.o [1]
BDMA_Channel5_IRQHandler
                         0x801'2de5          Code  Wk  startup_stm32h750xx.o [1]
BDMA_Channel6_IRQHandler
                         0x801'2de9          Code  Wk  startup_stm32h750xx.o [1]
BDMA_Channel7_IRQHandler
                         0x801'2ded          Code  Wk  startup_stm32h750xx.o [1]
BSP_PlatformIsDetected   0x801'240d    0x18  Code  Gb  fatfs_platform.o [4]
BSP_SD_GetCardInfo       0x801'23e9     0xc  Code  Wk  bsp_driver_sd.o [4]
BSP_SD_GetCardState      0x801'2369    0x18  Code  Wk  bsp_driver_sd.o [4]
BSP_SD_Init              0x801'2381    0x30  Code  Wk  bsp_driver_sd.o [4]
BSP_SD_IsDetected        0x801'23f5    0x18  Code  Wk  bsp_driver_sd.o [4]
BSP_SD_ReadBlocks_DMA    0x801'23b1    0x1c  Code  Wk  bsp_driver_sd.o [4]
BSP_SD_ReadCpltCallback
                         0x801'2347     0xc  Code  Gb  sd_diskio.o [4]
BSP_SD_WriteBlocks_DMA   0x801'23cd    0x1c  Code  Wk  bsp_driver_sd.o [4]
BSP_SD_WriteCpltCallback
                         0x801'233b     0xc  Code  Gb  sd_diskio.o [4]
BusFault_Handler         0x801'2833     0x2  Code  Gb  stm32h7xx_it.o [2]
CEC_IRQHandler           0x801'2d51          Code  Wk  startup_stm32h750xx.o [1]
CJSON_Task               0x800'8d09   0x15c  Code  Gb  freertos.o [2]
COMP1_IRQHandler         0x801'2df1          Code  Wk  startup_stm32h750xx.o [1]
CRS_IRQHandler           0x801'2e09          Code  Wk  startup_stm32h750xx.o [1]
CRYP_IRQHandler          0x801'2d19          Code  Wk  startup_stm32h750xx.o [1]
CSTACK$$Base            0x2000'49d8           --   Gb  - Linker created -
CSTACK$$Limit           0x2000'89d8           --   Gb  - Linker created -
D1CorePrescTable         0x801'281c    0x10  Data  Gb  system_stm32h7xx.o [7]
DAC_DMAConvCpltCh1       0x800'9b41    0x10  Code  Gb  stm32h7xx_hal_dac.o [12]
DAC_DMAConvCpltCh2       0x801'2a65    0x10  Code  Gb  stm32h7xx_hal_dac_ex.o [12]
DAC_DMAErrorCh1          0x800'9b59    0x18  Code  Gb  stm32h7xx_hal_dac.o [12]
DAC_DMAErrorCh2          0x801'2a7d    0x14  Code  Gb  stm32h7xx_hal_dac_ex.o [12]
DAC_DMAHalfConvCpltCh1   0x800'9b51     0x6  Code  Gb  stm32h7xx_hal_dac.o [12]
DAC_DMAHalfConvCpltCh2   0x801'2a75     0x6  Code  Gb  stm32h7xx_hal_dac_ex.o [12]
DCMI_IRQHandler          0x801'2d15          Code  Wk  startup_stm32h750xx.o [1]
DFSDM1_FLT0_IRQHandler   0x801'2d91          Code  Wk  startup_stm32h750xx.o [1]
DFSDM1_FLT1_IRQHandler   0x801'2d95          Code  Wk  startup_stm32h750xx.o [1]
DFSDM1_FLT2_IRQHandler   0x801'2d99          Code  Wk  startup_stm32h750xx.o [1]
DFSDM1_FLT3_IRQHandler   0x801'2d9d          Code  Wk  startup_stm32h750xx.o [1]
DMA1_Stream0_IRQHandler
                         0x801'2839     0x6  Code  Gb  stm32h7xx_it.o [2]
DMA1_Stream1_IRQHandler
                         0x801'283f     0x6  Code  Gb  stm32h7xx_it.o [2]
DMA1_Stream2_IRQHandler
                         0x801'2c51          Code  Wk  startup_stm32h750xx.o [1]
DMA1_Stream3_IRQHandler
                         0x801'2c55          Code  Wk  startup_stm32h750xx.o [1]
DMA1_Stream4_IRQHandler
                         0x801'2c59          Code  Wk  startup_stm32h750xx.o [1]
DMA1_Stream5_IRQHandler
                         0x801'2c5d          Code  Wk  startup_stm32h750xx.o [1]
DMA1_Stream6_IRQHandler
                         0x801'2c61          Code  Wk  startup_stm32h750xx.o [1]
DMA1_Stream7_IRQHandler
                         0x801'2cbd          Code  Wk  startup_stm32h750xx.o [1]
DMA2D_IRQHandler         0x801'2d41          Code  Wk  startup_stm32h750xx.o [1]
DMA2_Stream0_IRQHandler
                         0x801'289d     0x6  Code  Gb  stm32h7xx_it.o [2]
DMA2_Stream1_IRQHandler
                         0x801'28a3     0x6  Code  Gb  stm32h7xx_it.o [2]
DMA2_Stream2_IRQHandler
                         0x801'2cd9          Code  Wk  startup_stm32h750xx.o [1]
DMA2_Stream3_IRQHandler
                         0x801'2cdd          Code  Wk  startup_stm32h750xx.o [1]
DMA2_Stream4_IRQHandler
                         0x801'2ce1          Code  Wk  startup_stm32h750xx.o [1]
DMA2_Stream5_IRQHandler
                         0x801'2cf1          Code  Wk  startup_stm32h750xx.o [1]
DMA2_Stream6_IRQHandler
                         0x801'2cf5          Code  Wk  startup_stm32h750xx.o [1]
DMA2_Stream7_IRQHandler
                         0x801'2cf9          Code  Wk  startup_stm32h750xx.o [1]
DMAMUX1_OVR_IRQHandler   0x801'2d71          Code  Wk  startup_stm32h750xx.o [1]
DMAMUX2_OVR_IRQHandler   0x801'2dcd          Code  Wk  startup_stm32h750xx.o [1]
DMA_CalcBaseAndBitshift
                         0x800'4d15    0x92  Code  Lc  stm32h7xx_hal_dma.o [12]
DMA_CalcBaseAndBitshift{1}{2}::flagBitshiftOffset
                         0x800'4f28     0x8  Data  Lc  stm32h7xx_hal_dma.o [12]
DMA_CalcDMAMUXChannelBaseAndMask
                         0x800'4dc5    0x80  Code  Lc  stm32h7xx_hal_dma.o [12]
DMA_CalcDMAMUXRequestGenBaseAndMask
                         0x800'4e61    0x60  Code  Lc  stm32h7xx_hal_dma.o [12]
DMA_SetConfig            0x800'4b71   0x192  Code  Lc  stm32h7xx_hal_dma.o [12]
DebugMon_Handler         0x801'2837     0x2  Code  Gb  stm32h7xx_it.o [2]
Default_Task             0x800'8c79     0xc  Code  Gb  freertos.o [2]
Dtentox                  0x800'f5a5   0x1a0  Code  Lc  strto64.o [19]
DualSine12bit           0x2400'1100   0x800  Data  Gb  BodeSetting.o [6]
ECC_IRQHandler           0x801'2e0d          Code  Wk  startup_stm32h750xx.o [1]
ETH_IRQHandler           0x801'2ce5          Code  Wk  startup_stm32h750xx.o [1]
ETH_WKUP_IRQHandler      0x801'2ce9          Code  Wk  startup_stm32h750xx.o [1]
EXTI0_IRQHandler         0x801'2c3d          Code  Wk  startup_stm32h750xx.o [1]
EXTI15_10_IRQHandler     0x801'286f    0x16  Code  Gb  stm32h7xx_it.o [2]
EXTI1_IRQHandler         0x801'2c41          Code  Wk  startup_stm32h750xx.o [1]
EXTI2_IRQHandler         0x801'2c45          Code  Wk  startup_stm32h750xx.o [1]
EXTI3_IRQHandler         0x801'2c49          Code  Wk  startup_stm32h750xx.o [1]
EXTI4_IRQHandler         0x801'2c4d          Code  Wk  startup_stm32h750xx.o [1]
EXTI9_5_IRQHandler       0x801'2c75          Code  Wk  startup_stm32h750xx.o [1]
Error_Handler            0x800'7229     0x2  Code  Gb  main.o [2]
FATFS_LinkDriver         0x800'c279     0x4  Code  Gb  ff_gen_drv.o [16]
FATFS_LinkDriverEx       0x800'c23d    0x3c  Code  Gb  ff_gen_drv.o [16]
FDCAN1_IT0_IRQHandler    0x801'2c65          Code  Wk  startup_stm32h750xx.o [1]
FDCAN1_IT1_IRQHandler    0x801'2c6d          Code  Wk  startup_stm32h750xx.o [1]
FDCAN2_IT0_IRQHandler    0x801'2c69          Code  Wk  startup_stm32h750xx.o [1]
FDCAN2_IT1_IRQHandler    0x801'2c71          Code  Wk  startup_stm32h750xx.o [1]
FDCAN_CAL_IRQHandler     0x801'2ced          Code  Wk  startup_stm32h750xx.o [1]
FLASH_IRQHandler         0x801'2c35          Code  Wk  startup_stm32h750xx.o [1]
FMC_IRQHandler           0x801'2cc1          Code  Wk  startup_stm32h750xx.o [1]
FPU_IRQHandler           0x801'2d21          Code  Wk  startup_stm32h750xx.o [1]
Gain_LTC6912_1_Series   0x2000'0038    0x24  Data  Gb  LTC6912.o [11]
Gain_LTC6912_2_Series   0x2000'005c    0x1c  Data  Gb  LTC6912.o [11]
HAL_ADCEx_Calibration_Start
                         0x800'82a1    0x94  Code  Gb  stm32h7xx_hal_adc_ex.o [12]
HAL_ADCEx_EndOfSamplingCallback
                         0x800'ef07     0x2  Code  Wk  stm32h7xx_hal_adc_ex.o [12]
HAL_ADCEx_InjectedConvCpltCallback
                         0x800'ef09     0x2  Code  Wk  stm32h7xx_hal_adc_ex.o [12]
HAL_ADCEx_InjectedQueueOverflowCallback
                         0x800'ef13     0x2  Code  Wk  stm32h7xx_hal_adc_ex.o [12]
HAL_ADCEx_LevelOutOfWindow2Callback
                         0x800'ef0d     0x2  Code  Wk  stm32h7xx_hal_adc_ex.o [12]
HAL_ADCEx_LevelOutOfWindow3Callback
                         0x800'ef0f     0x2  Code  Wk  stm32h7xx_hal_adc_ex.o [12]
HAL_ADCEx_MultiModeConfigChannel
                         0x800'8345    0xdc  Code  Gb  stm32h7xx_hal_adc_ex.o [12]
HAL_ADC_ConfigChannel    0x800'b6f7   0x338  Code  Gb  stm32h7xx_hal_adc.o [12]
HAL_ADC_ConvCpltCallback
                         0x800'8bbf    0x36  Code  Gb  freertos.o [2]
HAL_ADC_ConvHalfCpltCallback
                         0x800'ef15     0x2  Code  Wk  stm32h7xx_hal_adc.o [12]
HAL_ADC_ErrorCallback    0x800'ef11     0x2  Code  Wk  stm32h7xx_hal_adc.o [12]
HAL_ADC_IRQHandler       0x800'b471   0x246  Code  Gb  stm32h7xx_hal_adc.o [12]
HAL_ADC_Init             0x800'b0fb   0x1f6  Code  Gb  stm32h7xx_hal_adc.o [12]
HAL_ADC_LevelOutOfWindowCallback
                         0x800'ef0b     0x2  Code  Wk  stm32h7xx_hal_adc.o [12]
HAL_ADC_MspInit          0x800'7fcf   0x16e  Code  Gb  adc.o [2]
HAL_ADC_Start_DMA        0x800'b2fd    0xde  Code  Gb  stm32h7xx_hal_adc.o [12]
HAL_ADC_Stop_DMA         0x800'b3f9    0x78  Code  Gb  stm32h7xx_hal_adc.o [12]
HAL_DACEx_ConvCpltCallbackCh2
                         0x801'2a97     0x2  Code  Wk  stm32h7xx_hal_dac_ex.o [12]
HAL_DACEx_ConvHalfCpltCallbackCh2
                         0x801'2a99     0x2  Code  Wk  stm32h7xx_hal_dac_ex.o [12]
HAL_DACEx_DMAUnderrunCallbackCh2
                         0x800'ede1     0x2  Code  Wk  stm32h7xx_hal_dac_ex.o [12]
HAL_DACEx_ErrorCallbackCh2
                         0x801'2a9b     0x2  Code  Wk  stm32h7xx_hal_dac_ex.o [12]
HAL_DAC_ConfigChannel    0x800'99e7   0x148  Code  Gb  stm32h7xx_hal_dac.o [12]
HAL_DAC_ConvCpltCallbackCh1
                         0x800'ede3     0x2  Code  Wk  stm32h7xx_hal_dac.o [12]
HAL_DAC_ConvHalfCpltCallbackCh1
                         0x800'ede5     0x2  Code  Wk  stm32h7xx_hal_dac.o [12]
HAL_DAC_DMAUnderrunCallbackCh1
                         0x800'eddf     0x2  Code  Wk  stm32h7xx_hal_dac.o [12]
HAL_DAC_ErrorCallbackCh1
                         0x800'ede7     0x2  Code  Wk  stm32h7xx_hal_dac.o [12]
HAL_DAC_IRQHandler       0x800'9975    0x72  Code  Gb  stm32h7xx_hal_dac.o [12]
HAL_DAC_Init             0x800'980d    0x28  Code  Gb  stm32h7xx_hal_dac.o [12]
HAL_DAC_MspInit          0x800'7857    0xa8  Code  Gb  dac.o [2]
HAL_DAC_Start_DMA        0x800'9835    0xf0  Code  Gb  stm32h7xx_hal_dac.o [12]
HAL_DAC_Stop_DMA         0x800'9925    0x50  Code  Gb  stm32h7xx_hal_dac.o [12]
HAL_DMA_Abort            0x800'3d69   0x366  Code  Gb  stm32h7xx_hal_dma.o [12]
HAL_DMA_Abort_IT         0x800'4115   0x268  Code  Gb  stm32h7xx_hal_dma.o [12]
HAL_DMA_IRQHandler       0x800'43e5   0x746  Code  Gb  stm32h7xx_hal_dma.o [12]
HAL_DMA_Init             0x800'368d   0x3a2  Code  Gb  stm32h7xx_hal_dma.o [12]
HAL_DMA_Start_IT         0x800'3a5d   0x282  Code  Gb  stm32h7xx_hal_dma.o [12]
HAL_Delay                0x800'8505    0x28  Code  Wk  stm32h7xx_hal.o [12]
HAL_GPIO_EXTI_Callback   0x800'97e3     0x2  Code  Wk  stm32h7xx_hal_gpio.o [12]
HAL_GPIO_EXTI_IRQHandler
                         0x800'7537    0x12  Code  Gb  stm32h7xx_hal_gpio.o [12]
HAL_GPIO_Init            0x800'7325   0x1ee  Code  Gb  stm32h7xx_hal_gpio.o [12]
HAL_GPIO_ReadPin         0x800'7513     0xc  Code  Gb  stm32h7xx_hal_gpio.o [12]
HAL_GPIO_TogglePin       0x800'7527    0x10  Code  Gb  stm32h7xx_hal_gpio.o [12]
HAL_GPIO_WritePin        0x800'751f     0x8  Code  Gb  stm32h7xx_hal_gpio.o [12]
HAL_GetREVID             0x800'75cf     0x8  Code  Gb  stm32h7xx_hal.o [12]
HAL_GetTick              0x800'4f31     0xc  Code  Wk  stm32h7xx_hal.o [12]
HAL_IncTick              0x800'976d    0x10  Code  Wk  stm32h7xx_hal.o [12]
HAL_Init                 0x800'7585    0x4a  Code  Gb  stm32h7xx_hal.o [12]
HAL_InitTick             0x800'6261    0x72  Code  Gb  stm32h7xx_hal_timebase_tim.o [2]
HAL_MspInit              0x800'97e5    0x28  Code  Gb  stm32h7xx_hal_msp.o [2]
HAL_NVIC_EnableIRQ       0x800'6359    0x16  Code  Gb  stm32h7xx_hal_cortex.o [12]
HAL_NVIC_SetPriority     0x800'631d    0x3a  Code  Gb  stm32h7xx_hal_cortex.o [12]
HAL_NVIC_SetPriorityGrouping
                         0x800'6303    0x1a  Code  Gb  stm32h7xx_hal_cortex.o [12]
HAL_PWREx_ConfigSupply   0x800'9205    0x44  Code  Gb  stm32h7xx_hal_pwr_ex.o [12]
HAL_PWR_EnableBkUpAccess
                         0x800'924d     0xc  Code  Gb  stm32h7xx_hal_pwr.o [12]
HAL_RCCEx_GetD3PCLK1Freq
                         0x800'5a37     0xa  Code  Gb  stm32h7xx_hal_rcc_ex.o [12]
HAL_RCCEx_GetPLL1ClockFreq
                         0x800'5c1d    0x66  Code  Gb  stm32h7xx_hal_rcc_ex.o [12]
HAL_RCCEx_GetPLL2ClockFreq
                         0x800'5a55    0x58  Code  Gb  stm32h7xx_hal_rcc_ex.o [12]
HAL_RCCEx_GetPLL3ClockFreq
                         0x800'5aad    0x58  Code  Gb  stm32h7xx_hal_rcc_ex.o [12]
HAL_RCCEx_GetPeriphCLKFreq
                         0x800'5729   0x302  Code  Gb  stm32h7xx_hal_rcc_ex.o [12]
HAL_RCCEx_PeriphCLKConfig
                         0x800'4f3d   0x7c0  Code  Gb  stm32h7xx_hal_rcc_ex.o [12]
HAL_RCC_ADC12_CLK_ENABLED
                        0x2000'49cc     0x4  Data  Lc  adc.o [2]
HAL_RCC_ClockConfig      0x800'5e6d   0x1ac  Code  Gb  stm32h7xx_hal_rcc.o [12]
HAL_RCC_GetClockConfig   0x800'61d3    0x4c  Code  Gb  stm32h7xx_hal_rcc.o [12]
HAL_RCC_GetHCLKFreq      0x800'6173    0x30  Code  Gb  stm32h7xx_hal_rcc.o [12]
HAL_RCC_GetPCLK1Freq     0x800'61a3    0x10  Code  Gb  stm32h7xx_hal_rcc.o [12]
HAL_RCC_GetPCLK2Freq     0x800'61b3     0xe  Code  Gb  stm32h7xx_hal_rcc.o [12]
HAL_RCC_GetSysClockFreq
                         0x800'6075    0xf0  Code  Gb  stm32h7xx_hal_rcc.o [12]
HAL_RCC_OscConfig        0x800'925d   0x510  Code  Wk  stm32h7xx_hal_rcc.o [12]
HAL_RTCEx_SetTimeStamp   0x800'c1d9    0x2e  Code  Gb  stm32h7xx_hal_rtc_ex.o [12]
HAL_RTC_GetDate          0x800'c08f    0x34  Code  Gb  stm32h7xx_hal_rtc.o [12]
HAL_RTC_GetTime          0x800'bfb5    0x3c  Code  Gb  stm32h7xx_hal_rtc.o [12]
HAL_RTC_Init             0x800'be4d    0xa0  Code  Gb  stm32h7xx_hal_rtc.o [12]
HAL_RTC_MspInit          0x800'8211    0x42  Code  Gb  rtc.o [2]
HAL_RTC_SetDate          0x800'bff1    0x9e  Code  Gb  stm32h7xx_hal_rtc.o [12]
HAL_RTC_SetTime          0x800'beed    0xc2  Code  Gb  stm32h7xx_hal_rtc.o [12]
HAL_RTC_WaitForSynchro   0x800'c0ef    0x2e  Code  Gb  stm32h7xx_hal_rtc.o [12]
HAL_SDEx_Read_DMADoubleBuf0CpltCallback
                         0x801'21b1     0x2  Code  Wk  stm32h7xx_hal_sd.o [12]
HAL_SDEx_Read_DMADoubleBuf1CpltCallback
                         0x801'21ad     0x2  Code  Wk  stm32h7xx_hal_sd.o [12]
HAL_SDEx_Write_DMADoubleBuf0CpltCallback
                         0x801'21af     0x2  Code  Wk  stm32h7xx_hal_sd.o [12]
HAL_SDEx_Write_DMADoubleBuf1CpltCallback
                         0x801'21ab     0x2  Code  Wk  stm32h7xx_hal_sd.o [12]
HAL_SD_ConfigWideBusOperation
                         0x801'1903   0x180  Code  Gb  stm32h7xx_hal_sd.o [12]
HAL_SD_ErrorCallback     0x801'21a9     0x2  Code  Wk  stm32h7xx_hal_sd.o [12]
HAL_SD_GetCardCSD        0x801'1555   0x1c6  Code  Gb  stm32h7xx_hal_sd.o [12]
HAL_SD_GetCardInfo       0x801'18dd    0x26  Code  Gb  stm32h7xx_hal_sd.o [12]
HAL_SD_GetCardState      0x801'1a95    0x28  Code  Gb  stm32h7xx_hal_sd.o [12]
HAL_SD_GetCardStatus     0x801'1725   0x1a0  Code  Gb  stm32h7xx_hal_sd.o [12]
HAL_SD_IRQHandler        0x801'1307   0x23a  Code  Gb  stm32h7xx_hal_sd.o [12]
HAL_SD_Init              0x801'0ec9    0x92  Code  Gb  stm32h7xx_hal_sd.o [12]
HAL_SD_InitCard          0x801'0f5b   0x20c  Code  Gb  stm32h7xx_hal_sd.o [12]
HAL_SD_MspInit           0x800'7937    0xaa  Code  Gb  sdmmc.o [2]
HAL_SD_ReadBlocks_DMA    0x801'1177    0x84  Code  Gb  stm32h7xx_hal_sd.o [12]
HAL_SD_RxCpltCallback    0x801'21a5     0x4  Code  Gb  bsp_driver_sd.o [4]
HAL_SD_TxCpltCallback    0x801'21a1     0x4  Code  Gb  bsp_driver_sd.o [4]
HAL_SD_WriteBlocks_DMA   0x801'1223    0x82  Code  Gb  stm32h7xx_hal_sd.o [12]
HAL_SPI_ErrorCallback    0x800'edf1     0x2  Code  Wk  stm32h7xx_hal_spi.o [12]
HAL_SPI_IRQHandler       0x800'9eff   0x1de  Code  Gb  stm32h7xx_hal_spi.o [12]
HAL_SPI_Init             0x800'9b71   0x14e  Code  Gb  stm32h7xx_hal_spi.o [12]
HAL_SPI_MspInit          0x800'7aab   0x10c  Code  Gb  spi.o [2]
HAL_SPI_RxCpltCallback   0x800'eded     0x2  Code  Wk  stm32h7xx_hal_spi.o [12]
HAL_SPI_SuspendCallback
                         0x800'ede9     0x2  Code  Wk  stm32h7xx_hal_spi.o [12]
HAL_SPI_Transmit         0x800'9ccd   0x1a4  Code  Gb  stm32h7xx_hal_spi.o [12]
HAL_SPI_TxCpltCallback   0x800'edef     0x2  Code  Wk  stm32h7xx_hal_spi.o [12]
HAL_SPI_TxRxCpltCallback
                         0x800'edeb     0x2  Code  Wk  stm32h7xx_hal_spi.o [12]
HAL_TIMEx_Break2Callback
                         0x800'724b     0x2  Code  Wk  stm32h7xx_hal_tim_ex.o [12]
HAL_TIMEx_BreakCallback
                         0x800'7249     0x2  Code  Wk  stm32h7xx_hal_tim_ex.o [12]
HAL_TIMEx_CommutCallback
                         0x800'724f     0x2  Code  Wk  stm32h7xx_hal_tim_ex.o [12]
HAL_TIMEx_MasterConfigSynchronization
                         0x800'7285    0x84  Code  Gb  stm32h7xx_hal_tim_ex.o [12]
HAL_TIM_Base_Init        0x800'6385    0x1a  Code  Gb  stm32h7xx_hal_tim.o [12]
HAL_TIM_Base_MspInit     0x800'6deb    0x80  Code  Gb  tim.o [2]
HAL_TIM_Base_Start       0x800'639f    0x76  Code  Gb  stm32h7xx_hal_tim.o [12]
HAL_TIM_Base_Start_IT    0x800'6443    0x7e  Code  Gb  stm32h7xx_hal_tim.o [12]
HAL_TIM_Base_Stop        0x800'6415    0x2e  Code  Gb  stm32h7xx_hal_tim.o [12]
HAL_TIM_ConfigClockSource
                         0x800'67df    0xce  Code  Gb  stm32h7xx_hal_tim.o [12]
HAL_TIM_IC_CaptureCallback
                         0x800'6ed7     0x2  Code  Wk  stm32h7xx_hal_tim.o [12]
HAL_TIM_IRQHandler       0x800'6555   0x15c  Code  Gb  stm32h7xx_hal_tim.o [12]
HAL_TIM_MspPostInit      0x800'6e6b    0x46  Code  Gb  tim.o [2]
HAL_TIM_OC_DelayElapsedCallback
                         0x800'6ed9     0x2  Code  Wk  stm32h7xx_hal_tim.o [12]
HAL_TIM_PWM_ConfigChannel
                         0x800'66c1   0x110  Code  Gb  stm32h7xx_hal_tim.o [12]
HAL_TIM_PWM_Init         0x800'6509    0x1a  Code  Gb  stm32h7xx_hal_tim.o [12]
HAL_TIM_PWM_MspInit      0x800'6ed5     0x2  Code  Wk  stm32h7xx_hal_tim.o [12]
HAL_TIM_PWM_PulseFinishedCallback
                         0x800'7251     0x2  Code  Wk  stm32h7xx_hal_tim.o [12]
HAL_TIM_PeriodElapsedCallback
                         0x800'71eb     0xe  Code  Gb  main.o [2]
HAL_TIM_TriggerCallback
                         0x800'724d     0x2  Code  Wk  stm32h7xx_hal_tim.o [12]
HAL_UARTEx_DisableFifoMode
                         0x800'a20d    0x3a  Code  Gb  stm32h7xx_hal_uart_ex.o [12]
HAL_UARTEx_ReceiveToIdle_DMA
                         0x800'a2b1    0x24  Code  Gb  stm32h7xx_hal_uart_ex.o [12]
HAL_UARTEx_RxEventCallback
                         0x800'8b35    0x8a  Code  Gb  freertos.o [2]
HAL_UARTEx_RxFifoFullCallback
                         0x800'edfb     0x2  Code  Wk  stm32h7xx_hal_uart_ex.o [12]
HAL_UARTEx_SetRxFifoThreshold
                         0x800'a25d    0x14  Code  Gb  stm32h7xx_hal_uart_ex.o [12]
HAL_UARTEx_SetTxFifoThreshold
                         0x800'a247    0x16  Code  Gb  stm32h7xx_hal_uart_ex.o [12]
HAL_UARTEx_TxFifoEmptyCallback
                         0x800'edf9     0x2  Code  Wk  stm32h7xx_hal_uart_ex.o [12]
HAL_UARTEx_WakeupCallback
                         0x800'edf5     0x2  Code  Wk  stm32h7xx_hal_uart_ex.o [12]
HAL_UART_ErrorCallback   0x800'edf3     0x2  Code  Wk  stm32h7xx_hal_uart.o [12]
HAL_UART_IRQHandler      0x800'a489   0x330  Code  Gb  stm32h7xx_hal_uart.o [12]
HAL_UART_Init            0x800'a35d    0x34  Code  Gb  stm32h7xx_hal_uart.o [12]
HAL_UART_MspInit         0x800'7cb1   0x162  Code  Gb  usart.o [2]
HAL_UART_RxCpltCallback
                         0x800'ef03     0x2  Code  Wk  stm32h7xx_hal_uart.o [12]
HAL_UART_RxHalfCpltCallback
                         0x800'ef05     0x2  Code  Wk  stm32h7xx_hal_uart.o [12]
HAL_UART_Transmit        0x800'a3d7    0x9a  Code  Gb  stm32h7xx_hal_uart.o [12]
HAL_UART_TxCpltCallback
                         0x800'edf7     0x2  Code  Wk  stm32h7xx_hal_uart.o [12]
HASH_RNG_IRQHandler      0x801'2d1d          Code  Wk  startup_stm32h750xx.o [1]
HEAP$$Base              0x2000'89d8           --   Gb  - Linker created -
HEAP$$Limit             0x2000'a9d8           --   Gb  - Linker created -
HRTIM1_FLT_IRQHandler    0x801'2d8d          Code  Wk  startup_stm32h750xx.o [1]
HRTIM1_Master_IRQHandler
                         0x801'2d75          Code  Wk  startup_stm32h750xx.o [1]
HRTIM1_TIMA_IRQHandler   0x801'2d79          Code  Wk  startup_stm32h750xx.o [1]
HRTIM1_TIMB_IRQHandler   0x801'2d7d          Code  Wk  startup_stm32h750xx.o [1]
HRTIM1_TIMC_IRQHandler   0x801'2d81          Code  Wk  startup_stm32h750xx.o [1]
HRTIM1_TIMD_IRQHandler   0x801'2d85          Code  Wk  startup_stm32h750xx.o [1]
HRTIM1_TIME_IRQHandler   0x801'2d89          Code  Wk  startup_stm32h750xx.o [1]
HSEM1_IRQHandler         0x801'2dc5          Code  Wk  startup_stm32h750xx.o [1]
HardFault_Handler        0x801'282f     0x2  Code  Gb  stm32h7xx_it.o [2]
I2C1_ER_IRQHandler       0x801'2c8d          Code  Wk  startup_stm32h750xx.o [1]
I2C1_EV_IRQHandler       0x801'2c89          Code  Wk  startup_stm32h750xx.o [1]
I2C2_ER_IRQHandler       0x801'2c95          Code  Wk  startup_stm32h750xx.o [1]
I2C2_EV_IRQHandler       0x801'2c91          Code  Wk  startup_stm32h750xx.o [1]
I2C3_ER_IRQHandler       0x801'2d01          Code  Wk  startup_stm32h750xx.o [1]
I2C3_EV_IRQHandler       0x801'2cfd          Code  Wk  startup_stm32h750xx.o [1]
I2C4_ER_IRQHandler       0x801'2d59          Code  Wk  startup_stm32h750xx.o [1]
I2C4_EV_IRQHandler       0x801'2d55          Code  Wk  startup_stm32h750xx.o [1]
JPEG_IRQHandler          0x801'2dbd          Code  Wk  startup_stm32h750xx.o [1]
LCD_Address_Set          0x800'86ed    0x36  Code  Gb  ST7789.o [10]
LCD_DrawPoint            0x800'88ed    0x16  Code  Gb  LCD.o [10]
LCD_Fill                 0x800'88b1    0x3c  Code  Gb  LCD.o [10]
LCD_Init                 0x800'8723   0x170  Code  Gb  ST7789.o [10]
LCD_ShowChar             0x800'8903   0x11e  Code  Gb  LCD.o [10]
LCD_ShowString           0x800'8a25    0x38  Code  Gb  LCD.o [10]
LCD_WR_DATA              0x800'86b7    0x12  Code  Gb  ST7789.o [10]
LCD_WR_DATA8             0x800'86b5     0x2  Code  Gb  ST7789.o [10]
LCD_WR_REG               0x800'86c9    0x24  Code  Gb  ST7789.o [10]
LCD_Writ_Bus             0x800'868d    0x20  Code  Gb  ST7789.o [10]
LED_Init                 0x800'843d    0x20  Code  Gb  UserInteraction.o [14]
LL_ADC_REG_IsTriggerSourceSWStart
                         0x800'b0c9     0xe  Code  Lc  stm32h7xx_hal_adc.o [12]
LL_ADC_SetChannelSamplingTime
                         0x800'b0d7    0x24  Code  Lc  stm32h7xx_hal_adc.o [12]
LPTIM1_IRQHandler        0x801'2d4d          Code  Wk  startup_stm32h750xx.o [1]
LPTIM2_IRQHandler        0x801'2df5          Code  Wk  startup_stm32h750xx.o [1]
LPTIM3_IRQHandler        0x801'2df9          Code  Wk  startup_stm32h750xx.o [1]
LPTIM4_IRQHandler        0x801'2dfd          Code  Wk  startup_stm32h750xx.o [1]
LPTIM5_IRQHandler        0x801'2e01          Code  Wk  startup_stm32h750xx.o [1]
LPUART1_IRQHandler       0x801'2e05          Code  Wk  startup_stm32h750xx.o [1]
LTC6912_SendOneByte      0x800'8b19    0x10  Code  Gb  LTC6912.o [11]
LTC6912_Series_GetReg    0x800'8ad7    0x42  Code  Gb  LTC6912.o [11]
LTC6912_SetGain          0x800'8a6d    0x60  Code  Gb  LTC6912.o [11]
LTDC_ER_IRQHandler       0x801'2d3d          Code  Wk  startup_stm32h750xx.o [1]
LTDC_IRQHandler          0x801'2d39          Code  Wk  startup_stm32h750xx.o [1]
MDIOS_IRQHandler         0x801'2db9          Code  Wk  startup_stm32h750xx.o [1]
MDIOS_WKUP_IRQHandler    0x801'2db5          Code  Wk  startup_stm32h750xx.o [1]
MDMA_IRQHandler          0x801'2dc1          Code  Wk  startup_stm32h750xx.o [1]
MX_ADC1_Init             0x800'7e69    0x7a  Code  Gb  adc.o [2]
MX_ADC2_Init             0x800'7ee3    0x4c  Code  Gb  adc.o [2]
MX_ADC3_Init             0x800'7f5b    0x5c  Code  Gb  adc.o [2]
MX_DAC1_Init             0x800'7811    0x46  Code  Gb  dac.o [2]
MX_DMA_Init              0x800'77a1    0x70  Code  Gb  dma.o [2]
MX_FATFS_Init            0x800'8261    0x10  Code  Gb  fatfs.o [3]
MX_FREERTOS_Init         0x800'8c05    0x74  Code  Gb  freertos.o [2]
MX_FREERTOS_Init::os_thread_def_analyze_Task
                         0x800'9000    0x1c  Data  Lc  freertos.o [2]
MX_FREERTOS_Init::os_thread_def_cJSON_Task
                         0x800'8fe4    0x1c  Data  Lc  freertos.o [2]
MX_FREERTOS_Init::os_thread_def_default_Task
                         0x800'8f90    0x1c  Data  Lc  freertos.o [2]
MX_FREERTOS_Init::os_thread_def_sysLED_Task
                         0x800'8fac    0x1c  Data  Lc  freertos.o [2]
MX_FREERTOS_Init::os_thread_def_sysTemp_Task
                         0x800'901c    0x1c  Data  Lc  freertos.o [2]
MX_FREERTOS_Init::os_thread_def_sysTime_Task
                         0x800'8fc8    0x1c  Data  Lc  freertos.o [2]
MX_GPIO_Init             0x800'75ed   0x16e  Code  Gb  gpio.o [2]
MX_RTC_Init              0x800'8179    0x98  Code  Gb  rtc.o [2]
MX_SDMMC2_SD_Init        0x800'7919    0x1e  Code  Gb  sdmmc.o [2]
MX_SPI3_Init             0x800'7a11    0x36  Code  Gb  spi.o [2]
MX_SPI4_Init             0x800'7a47    0x32  Code  Gb  spi.o [2]
MX_TIM3_Init             0x800'6c9d    0xa4  Code  Gb  tim.o [2]
MX_TIM4_Init             0x800'6d41    0x60  Code  Gb  tim.o [2]
MX_TIM6_Init             0x800'6da1    0x3a  Code  Gb  tim.o [2]
MX_UART8_Init            0x800'7bdd    0x34  Code  Gb  usart.o [2]
MX_USART1_UART_Init      0x800'7c11    0x34  Code  Gb  usart.o [2]
MX_USART6_UART_Init      0x800'7c7d    0x34  Code  Gb  usart.o [2]
MemManage_Handler        0x801'2831     0x2  Code  Gb  stm32h7xx_it.o [2]
NMI_Handler              0x801'282d     0x2  Code  Gb  stm32h7xx_it.o [2]
OTG_FS_EP1_IN_IRQHandler
                         0x801'2d65          Code  Wk  startup_stm32h750xx.o [1]
OTG_FS_EP1_OUT_IRQHandler
                         0x801'2d61          Code  Wk  startup_stm32h750xx.o [1]
OTG_FS_IRQHandler        0x801'2d6d          Code  Wk  startup_stm32h750xx.o [1]
OTG_FS_WKUP_IRQHandler   0x801'2d69          Code  Wk  startup_stm32h750xx.o [1]
OTG_HS_EP1_IN_IRQHandler
                         0x801'2d09          Code  Wk  startup_stm32h750xx.o [1]
OTG_HS_EP1_OUT_IRQHandler
                         0x801'2d05          Code  Wk  startup_stm32h750xx.o [1]
OTG_HS_IRQHandler        0x801'2d11          Code  Wk  startup_stm32h750xx.o [1]
OTG_HS_WKUP_IRQHandler   0x801'2d0d          Code  Wk  startup_stm32h750xx.o [1]
PVD_AVD_IRQHandler       0x801'2c29          Code  Wk  startup_stm32h750xx.o [1]
PendSV_Handler           0x800'f905          Code  Gb  portasm.o [17]
PeriphCommonClock_Config
                         0x800'7189    0x62  Code  Gb  main.o [2]
QUADSPI_IRQHandler       0x801'2d49          Code  Wk  startup_stm32h750xx.o [1]
RCCEx_PLL2_Config        0x800'5c9d    0xac  Code  Lc  stm32h7xx_hal_rcc_ex.o [12]
RCCEx_PLL3_Config        0x800'5d49    0xac  Code  Lc  stm32h7xx_hal_rcc_ex.o [12]
RCC_IRQHandler           0x801'2c39          Code  Wk  startup_stm32h750xx.o [1]
RTC_Alarm_IRQHandler     0x801'2ca9          Code  Wk  startup_stm32h750xx.o [1]
RTC_ByteToBcd2           0x800'c1c1    0x16  Code  Gb  stm32h7xx_hal_rtc.o [12]
RTC_EnterInitMode        0x800'c11d    0x42  Code  Gb  stm32h7xx_hal_rtc.o [12]
RTC_ExitInitMode         0x800'c15f    0x4c  Code  Gb  stm32h7xx_hal_rtc.o [12]
RTC_WKUP_IRQHandler      0x801'2c31          Code  Wk  startup_stm32h750xx.o [1]
Reg_LTC6912_1_Series    0x2000'0014    0x14  Data  Gb  LTC6912.o [11]
Reg_LTC6912_2_Series    0x2000'0028    0x10  Data  Gb  LTC6912.o [11]
Region$$Table$$Base      0x801'2b10           --   Gb  - Linker created -
Region$$Table$$Limit     0x801'2b38           --   Gb  - Linker created -
Relay_Init               0x800'845d    0x22  Code  Gb  UserInteraction.o [14]
Relay_Off                0x800'84bd    0x3a  Code  Gb  UserInteraction.o [14]
Relay_On                 0x800'8481    0x3a  Code  Gb  UserInteraction.o [14]
Reset_Handler            0x801'2bf5          Code  Wk  startup_stm32h750xx.o [1]
SAI1_IRQHandler          0x801'2d35          Code  Wk  startup_stm32h750xx.o [1]
SAI2_IRQHandler          0x801'2d45          Code  Wk  startup_stm32h750xx.o [1]
SAI3_IRQHandler          0x801'2da1          Code  Wk  startup_stm32h750xx.o [1]
SAI4_IRQHandler          0x801'2e11          Code  Wk  startup_stm32h750xx.o [1]
SDMMC1_IRQHandler        0x801'2cc5          Code  Wk  startup_stm32h750xx.o [1]
SDMMC2_IRQHandler        0x801'28b5     0x6  Code  Gb  stm32h7xx_it.o [2]
SDMMC_CmdAppCommand      0x801'1dff    0x16  Code  Gb  stm32h7xx_ll_sdmmc.o [12]
SDMMC_CmdAppOperCommand
                         0x801'1e15     0xc  Code  Gb  stm32h7xx_ll_sdmmc.o [12]
SDMMC_CmdBlockLength     0x801'1c97    0x16  Code  Gb  stm32h7xx_ll_sdmmc.o [12]
SDMMC_CmdBusWidth        0x801'1e21     0x4  Code  Gb  stm32h7xx_ll_sdmmc.o [12]
SDMMC_CmdGoIdleState     0x801'1d87    0x52  Code  Gb  stm32h7xx_ll_sdmmc.o [12]
[...]
__iar_Memchr             0x800'ef85          Code  Gb  memchr.o [20]
__iar_Memset             0x800'977d          Code  Gb  ABImemset.o [20]
__iar_Memset4_word       0x800'edad          Code  Gb  ABImemset48.o [20]
__iar_Memset8_word       0x800'edad          Code  Gb  ABImemset48.o [20]
__iar_Memset_word        0x800'9785          Code  Gb  ABImemset.o [20]
__iar_Sin64              0x800'd12d   0x21e  Code  Lc  cos_sin64.o [19]
__iar_Stdout            0x2000'0118    0x48  Data  Gb  xfiles.o [18]
__iar_Sto                0x800'f869     0x4  Code  Lc  strto64.o [19]
__iar_Sto64              0x800'f745    0xec  Code  Gb  strto64.o [19]
__iar_Stoflt             0x800'fad9   0x1b8  Code  Gb  iar_Stoflt.o [18]
__iar_Stollx             0x801'0e1d    0xa4  Code  Gb  iar_Stollx.o [18]
__iar_Stopfx             0x800'f9b5   0x122  Code  Gb  iar_Stopfx.o [18]
__iar_Stoullx            0x801'0c69   0x1a4  Code  Gb  iar_Stoullx.o [18]
__iar_Stoxflt            0x800'fc91   0x1d4  Code  Gb  iar_Stoxflt.o [18]
__iar_Stoxflt::digits    0x800'fe68    0x18  Data  Lc  iar_Stoxflt.o [18]
__iar_Stoxflt::vals      0x800'fe80    0x18  Data  Lc  iar_Stoxflt.o [18]
__iar_Strchr             0x800'ef19          Code  Gb  strchr.o [20]
__iar_data_init3         0x801'2ac5    0x28  Code  Gb  data_init.o [20]
__iar_frexp              0x800'f019          Code  Gb  frexp.o [19]
__iar_frexp64            0x800'eff5          Code  Gb  frexp.o [19]
__iar_frexpl             0x800'f019          Code  Gb  frexp.o [19]
__iar_globLocale        0x2000'00d0    0x48  Data  Lc  xlocale_c.o [18]
__iar_global_Locale      0x800'f295     0x4  Code  Gb  xlocale_c.o [18]
__iar_init_vfp           0x801'2aed          Code  Gb  fpinit_M.o [19]
__iar_ldexp64            0x800'f0f9          Code  Gb  ldexp.o [19]
__iar_lz77_init_single3
                         0x800'6edb    0x7e  Code  Gb  lz77_init_single.o [20]
__iar_program_start      0x801'2b6d          Code  Gb  cstartup_M.o [20]
__iar_scalbln64          0x800'f0f9          Code  Gb  ldexp.o [19]
__iar_scalbn64           0x800'f0f9          Code  Gb  ldexp.o [19]
__iar_sin64              0x800'd3fd     0x4  Code  Gb  cos_sin64.o [19]
__iar_sin_medium         0x800'd3fd     0x4  Code  Gb  cos_sin64.o [19]
__iar_sin_medium64       0x800'd3fd     0x4  Code  Gb  cos_sin64.o [19]
__iar_sin_mediuml        0x800'd3fd     0x4  Code  Gb  cos_sin64.o [19]
__iar_small_Memcpy       0x800'efe1          Code  Gb  ABImemcpy_small.o [20]
__iar_small_memcpy       0x800'efdd          Code  Gb  ABImemcpy_small.o [20]
__iar_small_memcpy4      0x800'efdd          Code  Gb  ABImemcpy_small.o [20]
__iar_small_memcpy8      0x800'efdd          Code  Gb  ABImemcpy_small.o [20]
__iar_small_memmove      0x801'2739          Code  Gb  ABImemmove_small.o [20]
__iar_small_memmove4     0x801'2739          Code  Gb  ABImemmove_small.o [20]
__iar_small_memmove8     0x801'2739          Code  Gb  ABImemmove_small.o [20]
__iar_small_strlen       0x800'ef71          Code  Gb  strlen_small.o [20]
__iar_small_uldivmod     0x800'edfd          Code  Gb  I64DivMod_small.o [20]
__iar_softfp___iar_Sto64
                         0x801'0c53     0x8  Code  Gb  math_wrappers64.o [19]
__iar_softfp___iar_frexp64
                         0x800'f00d          Code  Gb  frexp.o [19]
__iar_softfp___iar_ldexp64
                         0x800'f0e5          Code  Gb  ldexp.o [19]
__iar_softfp___iar_scalbln64
                         0x800'f0e5          Code  Gb  ldexp.o [19]
__iar_softfp___iar_scalbn64
                         0x800'f0e5          Code  Gb  ldexp.o [19]
__iar_softfp_frexp       0x800'f00d          Code  Gb  frexp.o [19]
__iar_softfp_frexpl      0x800'f00d          Code  Gb  frexp.o [19]
__iar_softfp_ldexp       0x800'f0e5          Code  Gb  ldexp.o [19]
__iar_softfp_ldexpl      0x800'f0e5          Code  Gb  ldexp.o [19]
__iar_softfp_scalbln     0x800'f0e5          Code  Gb  ldexp.o [19]
__iar_softfp_scalblnl    0x800'f0e5          Code  Gb  ldexp.o [19]
__iar_softfp_scalbn      0x800'f0e5          Code  Gb  ldexp.o [19]
__iar_softfp_scalbnl     0x800'f0e5          Code  Gb  ldexp.o [19]
__iar_zero_init3         0x801'2a2d    0x38  Code  Gb  zero_init3.o [20]
__isinf                  0x800'f871    0x24  Code  Wk  cJSON.o [15]
__low_level_init         0x801'2b57     0x4  Code  Gb  low_level_init.o [18]
__vector_table           0x800'0000          Data  Gb  startup_stm32h750xx.o [1]
__write                  0x801'29fd    0x30  Code  Gb  write.o [2]
_call_main               0x801'2b45          Code  Gb  cmain.o [20]
_exit                    0x801'2b61          Code  Gb  cexit.o [20]
abort                    0x800'f8d3     0x6  Code  Gb  abort.o [18]
analyze_TaskHandle      0x2000'4990     0x4  Data  Gb  freertos.o [2]
ascii_1206               0x800'0298   0x474  Data  Lc  LCD.o [10]
ascii_1608               0x800'070c   0x5f0  Data  Lc  LCD.o [10]
ascii_2412               0x800'0cfc  0x11d0  Data  Lc  LCD.o [10]
ascii_3216               0x800'1ecc  0x17c0  Data  Lc  LCD.o [10]
buffer_skip_whitespace   0x800'e079    0x32  Code  Lc  cJSON.o [15]
cJSON_Delete             0x800'dc3b    0x42  Code  Gb  cJSON.o [15]
cJSON_GetObjectItem      0x800'e8c5     0x4  Code  Gb  cJSON.o [15]
cJSON_InitHooks          0x800'dbe5    0x3e  Code  Gb  cJSON.o [15]
cJSON_New_Item           0x800'dc23    0x18  Code  Lc  cJSON.o [15]
cJSON_Parse              0x800'e197     0x6  Code  Gb  cJSON.o [15]
cJSON_ParseWithLengthOpts
                         0x800'e0c9    0xce  Code  Gb  cJSON.o [15]
cJSON_ParseWithOpts      0x800'e0ab    0x1e  Code  Gb  cJSON.o [15]
cJSON_Print              0x800'e23b     0x8  Code  Gb  cJSON.o [15]
cJSON_TaskHandle        0x2000'498c     0x4  Data  Gb  freertos.o [2]
compare_double           0x800'dd1d    0x38  Code  Lc  cJSON.o [15]
configureTimerForRunTimeStats
                         0x800'f56d     0x2  Code  Wk  freertos.o [2]
default_TaskHandle      0x2000'4980     0x4  Data  Gb  freertos.o [2]
digits                   0x801'2924    0x28  Data  Lc  iar_Stoullx.o [18]
disk                    0x2000'49ac    0x10  Data  Gb  ff_gen_drv.o [16]
ensure                   0x800'dc7d    0x84  Code  Lc  cJSON.o [15]
exit                     0x801'2b5b     0x4  Code  Gb  exit.o [18]
free                     0x801'2c1d     0x4  Code  Gb  heaptramp0.o [18]
frexp                    0x800'eff5          Code  Gb  frexp.o [19]
frexpl                   0x800'eff5          Code  Gb  frexp.o [19]
getRunTimeCounterValue   0x800'f56f     0x4  Code  Wk  freertos.o [2]
get_object_item          0x800'e855    0x70  Code  Lc  cJSON.o [15]
global_error            0x2000'000c     0x8  Data  Lc  cJSON.o [15]
global_hooks            0x2000'0000     0xc  Data  Lc  cJSON.o [15]
hadc1                   0x2000'46ac    0x64  Data  Gb  adc.o [2]
hadc2                   0x2000'4710    0x64  Data  Gb  adc.o [2]
hadc3                   0x2000'4774    0x64  Data  Gb  adc.o [2]
hdac1                   0x2000'4998    0x14  Data  Gb  dac.o [2]
hdma_adc1               0x2000'3fe0    0x78  Data  Gb  adc.o [2]
hdma_adc2               0x2000'4058    0x78  Data  Gb  adc.o [2]
hdma_dac1_ch1           0x2000'4544    0x78  Data  Gb  dac.o [2]
hdma_spi3_tx            0x2000'45bc    0x78  Data  Gb  spi.o [2]
hdma_usart6_rx          0x2000'4634    0x78  Data  Gb  usart.o [2]
hrtc                    0x2000'4958    0x24  Data  Gb  rtc.o [2]
hsd2                    0x2000'44c8    0x7c  Data  Gb  sdmmc.o [2]
hspi3                   0x2000'43b8    0x88  Data  Gb  spi.o [2]
hspi4                   0x2000'4440    0x88  Data  Gb  spi.o [2]
htim1                   0x2000'4828    0x4c  Data  Gb  stm32h7xx_hal_timebase_tim.o [2]
htim3                   0x2000'4874    0x4c  Data  Gb  tim.o [2]
htim4                   0x2000'48c0    0x4c  Data  Gb  tim.o [2]
htim6                   0x2000'490c    0x4c  Data  Gb  tim.o [2]
huart1                  0x2000'4204    0x94  Data  Gb  usart.o [2]
huart6                  0x2000'4298    0x94  Data  Gb  usart.o [2]
huart8                  0x2000'4170    0x94  Data  Gb  usart.o [2]
isalpha                  0x801'0c39    0x14  Code  Gb  isalpha.o [18]
isspace                  0x801'0c25    0x14  Code  Gb  isspace.o [18]
ldexp                    0x800'f0f9          Code  Gb  ldexp.o [19]
ldexpl                   0x800'f0f9          Code  Gb  ldexp.o [19]
localeconv               0x800'f299     0x4  Code  Gb  xlocale_c.o [18]
main                     0x800'6f59   0x132  Code  Gb  main.o [2]
makeFreeRtosPriority     0x800'9039     0xc  Code  Lc  cmsis_os.o [17]
memchr                   0x800'ef85          Code  Gb  memchr.o [20]
memset                   0x800'7253    0x14  Code  Gb  memset.o [20]
ndigs                    0x801'28fc    0x28  Data  Lc  iar_Stoullx.o [18]
obuf                    0x2000'47d8    0x50  Data  Lc  xfiles.o [18]
osDelay                  0x800'90cf     0xe  Code  Gb  cmsis_os.o [17]
osKernelRunning          0x800'904f    0x12  Code  Gb  cmsis_os.o [17]
osKernelStart            0x800'9045     0xa  Code  Gb  cmsis_os.o [17]
osKernelSysTick          0x800'9061    0x10  Code  Gb  cmsis_os.o [17]
osMessageCreate          0x800'90f1    0x2a  Code  Gb  cmsis_os.o [17]
osMessageGet             0x800'9151    0x68  Code  Gb  cmsis_os.o [17]
osMessagePut             0x800'911b    0x36  Code  Gb  cmsis_os.o [17]
osThreadCreate           0x800'9071    0x5e  Code  Gb  cmsis_os.o [17]
parse_hex4               0x800'dd55    0x44  Code  Lc  cJSON.o [15]
parse_string             0x800'dd99   0x1b6  Code  Lc  cJSON.o [15]
parse_value              0x800'e24d   0x282  Code  Lc  cJSON.o [15]
pows                     0x801'2970    0x48  Data  Lc  strto64.o [19]
print                    0x800'e19d    0x9e  Code  Lc  cJSON.o [15]
print_string_ptr         0x800'df59   0x116  Code  Lc  cJSON.o [15]
print_value              0x800'e52d   0x2ee  Code  Lc  cJSON.o [15]
printf                   0x800'8279    0x28  Code  Gb  printf.o [18]
prvAddCurrentTaskToDelayedList
                         0x800'db71    0x5e  Code  Lc  tasks.o [17]
prvAddNewTaskToReadyList
                         0x800'd52b    0xb2  Code  Lc  tasks.o [17]
prvCopyDataFromQueue     0x800'ecfd    0x26  Code  Lc  queue.o [17]
prvCopyDataToQueue       0x800'ec95    0x68  Code  Lc  queue.o [17]
prvDeleteTCB             0x800'd985    0x22  Code  Lc  tasks.o [17]
prvIdleTask              0x800'd921    0x44  Code  Lc  tasks.o [17]
prvInitialiseNewQueue    0x800'e9d3    0x20  Code  Lc  queue.o [17]
prvInitialiseNewTask     0x800'd499    0x92  Code  Lc  tasks.o [17]
prvInsertBlockIntoFreeList
                         0x800'f3c1    0x46  Code  Lc  heap_4.o [17]
prvIsQueueEmpty          0x800'ed8b    0x16  Code  Lc  queue.o [17]
prvResetNextTaskUnblockTime
                         0x800'd9a7    0x1c  Code  Lc  tasks.o [17]
prvTaskExitError         0x800'f4c9    0x10  Code  Lc  port.o [17]
prvUnlockQueue           0x800'ed23    0x68  Code  Lc  queue.o [17]
putchar                  0x801'29b9    0x44  Code  Gb  putchar.o [18]
pvPortMalloc             0x800'f2a5    0xdc  Code  Gb  heap_4.o [17]
pxCurrentTCB            0x2000'40f8     0x4  Data  Gb  tasks.o [17]
pxDelayedTaskList       0x2000'40fc     0x4  Data  Lc  tasks.o [17]
pxEnd                   0x2000'0168     0x4  Data  Lc  heap_4.o [17]
pxOverflowDelayedTaskList
                        0x2000'4100     0x4  Data  Lc  tasks.o [17]
pxPortInitialiseStack    0x800'f4a1    0x26  Code  Gb  port.o [17]
pxReadyTasksLists       0x2000'432c    0x8c  Data  Lc  tasks.o [17]
ranmatch                 0x801'09bf    0x46  Code  Lc  xscanffull_nomb.o [18]
realloc                  0x801'2c21     0x4  Code  Gb  heaptramp0.o [18]
retSD                   0x2000'49bc     0x1  Data  Gb  fatfs.o [3]
scalbln                  0x800'f0f9          Code  Gb  ldexp.o [19]
scalblnl                 0x800'f0f9          Code  Gb  ldexp.o [19]
scalbn                   0x800'f0f9          Code  Gb  ldexp.o [19]
scalbnl                  0x800'f0f9          Code  Gb  ldexp.o [19]
scale                    0x800'd05d    0x46  Code  Lc  xprintffull_nomb.o [18]
sec_hand                0x2000'49d0     0x4  Data  Lc  xfail_s.o [18]
sin                      0x800'd3fd     0x4  Code  Gb  cos_sin64.o [19]
sinl                     0x800'd3fd     0x4  Code  Gb  cos_sin64.o [19]
sprintf                  0x800'e8cd    0x40  Code  Gb  sprintf.o [18]
sscanf                   0x800'f895    0x28  Code  Gb  sscanf.o [18]
strchr                   0x800'ef19          Code  Gb  strchr.o [20]
strcmp                   0x800'e90d          Code  Gb  strcmp.o [20]
strncmp                  0x800'f57b    0x2a  Code  Gb  strncmp.o [18]
strtod                   0x800'f86d     0x4  Code  Gb  strto64.o [19]
strtold                  0x800'f86d     0x4  Code  Gb  strto64.o [19]
strtoll                  0x801'0ec1     0x2  Code  Gb  iar_Stollx.o [18]
strtoull                 0x801'0e15     0x2  Code  Gb  iar_Stoullx.o [18]
sysLED_TaskHandle       0x2000'4984     0x4  Data  Gb  freertos.o [2]
sysTemp_TaskHandle      0x2000'4994     0x4  Data  Gb  freertos.o [2]
sysTime_TaskHandle      0x2000'4988     0x4  Data  Gb  freertos.o [2]
tolower                  0x800'f8bd    0x14  Code  Gb  tolower.o [18]
ucHeap                  0x2000'0180  0x3c00  Data  Lc  heap_4.o [17]
ulTaskSwitchedInTime    0x2000'4144     0x4  Data  Lc  tasks.o [17]
update_offset            0x800'dd01    0x1a  Code  Lc  cJSON.o [15]
uwTick                  0x2000'0088     0x4  Data  Gb  stm32h7xx_hal.o [12]
uwTickFreq              0x2000'0084     0x1  Data  Gb  stm32h7xx_hal.o [12]
uwTickPrio              0x2000'008c     0x4  Data  Gb  stm32h7xx_hal.o [12]
uxCriticalNesting       0x2000'0078     0x4  Data  Lc  port.o [17]
uxCurrentNumberOfTasks  0x2000'411c     0x4  Data  Lc  tasks.o [17]
uxDeletedTasksWaitingCleanUp
                        0x2000'4104     0x4  Data  Lc  tasks.o [17]
uxListRemove             0x800'f479    0x28  Code  Gb  list.o [17]
uxSchedulerSuspended    0x2000'4140     0x4  Data  Lc  tasks.o [17]
uxTaskNumber            0x2000'4138     0x4  Data  Lc  tasks.o [17]
uxTopReadyPriority      0x2000'4124     0x4  Data  Lc  tasks.o [17]
vApplicationGetIdleTaskMemory
                         0x800'8bf5    0x10  Code  Gb  freertos.o [2]
vListInitialise          0x800'f40d    0x1a  Code  Gb  list.o [17]
vListInitialiseItem      0x800'f427     0x6  Code  Gb  list.o [17]
vListInsert              0x800'f447    0x32  Code  Gb  list.o [17]
vListInsertEnd           0x800'f42d    0x1a  Code  Gb  list.o [17]
vPortEnableVFP           0x800'f999          Code  Gb  portasm.o [17]
vPortEnterCritical       0x800'f50d    0x18  Code  Gb  port.o [17]
vPortExitCritical        0x800'f525    0x10  Code  Gb  port.o [17]
vPortFree                0x800'f381    0x40  Code  Gb  heap_4.o [17]
vPortSetupTimerInterrupt
                         0x800'f8d9    0x2c  Code  Wk  port.o [17]
vPortStartFirstTask      0x800'f979          Code  Gb  portasm.o [17]
vTaskDelay               0x800'd5e7    0x20  Code  Gb  tasks.o [17]
vTaskInternalSetTimeOutState
                         0x800'd8bd     0xe  Code  Gb  tasks.o [17]
vTaskMissedYield         0x800'd917     0xa  Code  Gb  tasks.o [17]
vTaskPlaceOnEventList    0x800'd84d    0x14  Code  Gb  tasks.o [17]
vTaskStartScheduler      0x800'd629    0x58  Code  Gb  tasks.o [17]
vTaskSuspendAll          0x800'd689     0xc  Code  Gb  tasks.o [17]
vTaskSwitchContext       0x800'd7f7    0x56  Code  Gb  tasks.o [17]
xBlockAllocatedBit      0x2000'017c     0x4  Data  Lc  heap_4.o [17]
xDelayedTaskList1       0x2000'4148    0x14  Data  Lc  tasks.o [17]
xDelayedTaskList2       0x2000'415c    0x14  Data  Lc  tasks.o [17]
xFreeBytesRemaining     0x2000'016c     0x4  Data  Lc  heap_4.o [17]
xIdleStack              0x2000'3de0   0x200  Data  Lc  freertos.o [2]
xIdleTaskTCBBuffer      0x2000'3d80    0x60  Data  Lc  freertos.o [2]
xMinimumEverFreeBytesRemaining
                        0x2000'0170     0x4  Data  Lc  heap_4.o [17]
xNextTaskUnblockTime    0x2000'413c     0x4  Data  Lc  tasks.o [17]
xNumOfOverflows         0x2000'4134     0x4  Data  Lc  tasks.o [17]
xNumberOfSuccessfulAllocations
                        0x2000'0174     0x4  Data  Lc  heap_4.o [17]
xNumberOfSuccessfulFrees
                        0x2000'0178     0x4  Data  Lc  heap_4.o [17]
xPendedTicks            0x2000'412c     0x4  Data  Lc  tasks.o [17]
xPendingReadyList       0x2000'40d0    0x14  Data  Lc  tasks.o [17]
xPortStartScheduler      0x800'f4d9    0x34  Code  Gb  port.o [17]
xQueueGenericCreate      0x800'e9a3    0x30  Code  Gb  queue.o [17]
xQueueGenericCreateStatic
                         0x800'e98b    0x18  Code  Gb  queue.o [17]
xQueueGenericReset       0x800'e921    0x6a  Code  Gb  queue.o [17]
xQueueGenericSend        0x800'e9f3    0xea  Code  Gb  queue.o [17]
xQueueGenericSendFromISR
                         0x800'eadd    0x56  Code  Gb  queue.o [17]
xQueueReceive            0x800'eb33    0xe4  Code  Gb  queue.o [17]
xQueueReceiveFromISR     0x800'ec3f    0x56  Code  Gb  queue.o [17]
xSchedulerRunning       0x2000'4128     0x4  Data  Lc  tasks.o [17]
xStart                  0x2000'0160     0x8  Data  Lc  heap_4.o [17]
xSuspendedTaskList      0x2000'4108    0x14  Data  Lc  tasks.o [17]
xTaskCheckForTimeOut     0x800'd8cb    0x4c  Code  Gb  tasks.o [17]
xTaskCreate              0x800'd43d    0x5c  Code  Gb  tasks.o [17]
xTaskCreateStatic        0x800'd401    0x3c  Code  Gb  tasks.o [17]
xTaskGenericNotifyFromISR
                         0x800'dad5    0x88  Code  Gb  tasks.o [17]
xTaskGetSchedulerState   0x800'd9c3    0x18  Code  Gb  tasks.o [17]
xTaskGetTickCount        0x800'd72b     0x2  Code  Gb  tasks.o [17]
xTaskGetTickCountFromISR
                         0x800'd731     0x2  Code  Gb  tasks.o [17]
xTaskIncrementTick       0x800'd743    0xb4  Code  Gb  tasks.o [17]
xTaskNotifyWait          0x800'da55    0x74  Code  Gb  tasks.o [17]
xTaskPriorityDisinherit
                         0x800'd9db    0x6e  Code  Gb  tasks.o [17]
xTaskRemoveFromEventList
                         0x800'd86d    0x50  Code  Gb  tasks.o [17]
xTaskResumeAll           0x800'd695    0x96  Code  Gb  tasks.o [17]
xTasksWaitingTermination
                        0x2000'40e4    0x14  Data  Lc  tasks.o [17]
xTickCount              0x2000'4120     0x4  Data  Lc  tasks.o [17]
xYieldPending           0x2000'4130     0x4  Data  Lc  tasks.o [17]


[1] = d:\JD-Signal\3.Firmware\JD-Signal\EWARM\JD-Signal\Obj\Application\EWARM
[2] = d:\JD-Signal\3.Firmware\JD-Signal\EWARM\JD-Signal\Obj\Application\User\Core
[3] = d:\JD-Signal\3.Firmware\JD-Signal\EWARM\JD-Signal\Obj\Application\User\FATFS\App
[4] = d:\JD-Signal\3.Firmware\JD-Signal\EWARM\JD-Signal\Obj\Application\User\FATFS\Target
[5] = d:\JD-Signal\3.Firmware\JD-Signal\EWARM\JD-Signal\Obj\Drivers\Algorithm
[6] = d:\JD-Signal\3.Firmware\JD-Signal\EWARM\JD-Signal\Obj\Drivers\BodeSetting
[7] = d:\JD-Signal\3.Firmware\JD-Signal\EWARM\JD-Signal\Obj\Drivers\CMSIS
[8] = d:\JD-Signal\3.Firmware\JD-Signal\EWARM\JD-Signal\Obj\Drivers\CMSIS-DSP
[9] = d:\JD-Signal\3.Firmware\JD-Signal\EWARM\JD-Signal\Obj\Drivers\IPort3
[10] = d:\JD-Signal\3.Firmware\JD-Signal\EWARM\JD-Signal\Obj\Drivers\LCD
[11] = d:\JD-Signal\3.Firmware\JD-Signal\EWARM\JD-Signal\Obj\Drivers\LTC6912
[12] = d:\JD-Signal\3.Firmware\JD-Signal\EWARM\JD-Signal\Obj\Drivers\STM32H7xx_HAL_Driver
[13] = d:\JD-Signal\3.Firmware\JD-Signal\EWARM\JD-Signal\Obj\Drivers\SaveInCSV
[14] = d:\JD-Signal\3.Firmware\JD-Signal\EWARM\JD-Signal\Obj\Drivers\UserInteraction
[15] = d:\JD-Signal\3.Firmware\JD-Signal\EWARM\JD-Signal\Obj\Drivers\cJSON
[16] = d:\JD-Signal\3.Firmware\JD-Signal\EWARM\JD-Signal\Obj\Middlewares\FatFs
[17] = d:\JD-Signal\3.Firmware\JD-Signal\EWARM\JD-Signal\Obj\Middlewares\FreeRTOS
[18] = dl7M_tlf.a
[19] = m7M_tlv.a
[20] = rt7M_tl.a
[21] = shb_l.a

  63'651 bytes of readonly  code memory
  13'884 bytes of readonly  data memory
  49'880 bytes of readwrite data memory

Errors: none
Warnings: none
