###############################################################################
#
# IAR ELF Linker V9.30.1.335/W64 for ARM                  04/Jul/2023  14:37:28
# Copyright 2007-2022 IAR Systems AB.
#
#    Output file  =
#        d:\JD-Signal\3.Firmware\JD-Signal\EWARM\JD-Signal\Exe\JD-Signal.out
#    Map file     =
#        d:\JD-Signal\3.Firmware\JD-Signal\EWARM\JD-Signal\List\JD-Signal.map
#    Command line =
#        -f
#        d:\JD-Signal\3.Firmware\JD-Signal\EWARM\JD-Signal\Exe\JD-Signal.out.rsp
#        (d:\JD-Signal\3.Firmware\JD-Signal\EWARM\JD-Signal\Obj\Application\User\Core\adc.o
#        d:\JD-Signal\3.Firmware\JD-Signal\EWARM\JD-Signal\Obj\Drivers\Algorithm\Algorithm.o
#        d:\JD-Signal\3.Firmware\JD-Signal\EWARM\JD-Signal\Obj\Drivers\CMSIS-DSP\BasicMathFunctions.o
#        d:\JD-Signal\3.Firmware\JD-Signal\EWARM\JD-Signal\Obj\Drivers\CMSIS-DSP\BasicMathFunctionsF16.o
#        d:\JD-Signal\3.Firmware\JD-Signal\EWARM\JD-Signal\Obj\Drivers\BodeSetting\BodeSetting.o
#        d:\JD-Signal\3.Firmware\JD-Signal\EWARM\JD-Signal\Obj\Application\User\FATFS\Target\bsp_driver_sd.o
#        d:\JD-Signal\3.Firmware\JD-Signal\EWARM\JD-Signal\Obj\Middlewares\FatFs\ccsbcs.o
#        d:\JD-Signal\3.Firmware\JD-Signal\EWARM\JD-Signal\Obj\Drivers\cJSON\cJSON.o
#        d:\JD-Signal\3.Firmware\JD-Signal\EWARM\JD-Signal\Obj\Middlewares\FreeRTOS\cmsis_os.o
#        d:\JD-Signal\3.Firmware\JD-Signal\EWARM\JD-Signal\Obj\Middlewares\FreeRTOS\croutine.o
#        d:\JD-Signal\3.Firmware\JD-Signal\EWARM\JD-Signal\Obj\Application\User\Core\dac.o
#        d:\JD-Signal\3.Firmware\JD-Signal\EWARM\JD-Signal\Obj\Middlewares\FatFs\diskio.o
#        d:\JD-Signal\3.Firmware\JD-Signal\EWARM\JD-Signal\Obj\Application\User\Core\dma.o
#        d:\JD-Signal\3.Firmware\JD-Signal\EWARM\JD-Signal\Obj\Middlewares\FreeRTOS\event_groups.o
#        d:\JD-Signal\3.Firmware\JD-Signal\EWARM\JD-Signal\Obj\Application\User\FATFS\App\fatfs.o
#        d:\JD-Signal\3.Firmware\JD-Signal\EWARM\JD-Signal\Obj\Application\User\FATFS\Target\fatfs_platform.o
#        d:\JD-Signal\3.Firmware\JD-Signal\EWARM\JD-Signal\Obj\Middlewares\FatFs\ff.o
#        d:\JD-Signal\3.Firmware\JD-Signal\EWARM\JD-Signal\Obj\Middlewares\FatFs\ff_gen_drv.o
#        d:\JD-Signal\3.Firmware\JD-Signal\EWARM\JD-Signal\Obj\Application\User\Core\freertos.o
#        d:\JD-Signal\3.Firmware\JD-Signal\EWARM\JD-Signal\Obj\Application\User\Core\gpio.o
#        d:\JD-Signal\3.Firmware\JD-Signal\EWARM\JD-Signal\Obj\Middlewares\FreeRTOS\heap_4.o
#        d:\JD-Signal\3.Firmware\JD-Signal\EWARM\JD-Signal\Obj\Drivers\IPort3\IPort3.o
#        d:\JD-Signal\3.Firmware\JD-Signal\EWARM\JD-Signal\Obj\Drivers\LCD\lcd.o
#        d:\JD-Signal\3.Firmware\JD-Signal\EWARM\JD-Signal\Obj\Drivers\LCD\lcd_init.o
#        d:\JD-Signal\3.Firmware\JD-Signal\EWARM\JD-Signal\Obj\Middlewares\FreeRTOS\list.o
#        d:\JD-Signal\3.Firmware\JD-Signal\EWARM\JD-Signal\Obj\Drivers\LTC6912\LTC6912.o
#        d:\JD-Signal\3.Firmware\JD-Signal\EWARM\JD-Signal\Obj\Application\User\Core\main.o
#        d:\JD-Signal\3.Firmware\JD-Signal\EWARM\JD-Signal\Obj\Middlewares\FreeRTOS\port.o
#        d:\JD-Signal\3.Firmware\JD-Signal\EWARM\JD-Signal\Obj\Middlewares\FreeRTOS\portasm.o
#        d:\JD-Signal\3.Firmware\JD-Signal\EWARM\JD-Signal\Obj\Application\User\Core\quadspi.o
#        d:\JD-Signal\3.Firmware\JD-Signal\EWARM\JD-Signal\Obj\Middlewares\FreeRTOS\queue.o
#        d:\JD-Signal\3.Firmware\JD-Signal\EWARM\JD-Signal\Obj\Application\User\Core\rtc.o
#        d:\JD-Signal\3.Firmware\JD-Signal\EWARM\JD-Signal\Obj\Drivers\SaveInCSV\SaveInCSV.o
#        d:\JD-Signal\3.Firmware\JD-Signal\EWARM\JD-Signal\Obj\Drivers\SaveInCSV\SD.o
#        d:\JD-Signal\3.Firmware\JD-Signal\EWARM\JD-Signal\Obj\Application\User\FATFS\Target\sd_diskio.o
#        d:\JD-Signal\3.Firmware\JD-Signal\EWARM\JD-Signal\Obj\Application\User\Core\sdmmc.o
#        d:\JD-Signal\3.Firmware\JD-Signal\EWARM\JD-Signal\Obj\Application\User\Core\spi.o
#        d:\JD-Signal\3.Firmware\JD-Signal\EWARM\JD-Signal\Obj\Application\EWARM\startup_stm32h750xx.o
#        d:\JD-Signal\3.Firmware\JD-Signal\EWARM\JD-Signal\Obj\Drivers\STM32H7xx_HAL_Driver\stm32h7xx_hal.o
#        d:\JD-Signal\3.Firmware\JD-Signal\EWARM\JD-Signal\Obj\Drivers\STM32H7xx_HAL_Driver\stm32h7xx_hal_adc.o
#        d:\JD-Signal\3.Firmware\JD-Signal\EWARM\JD-Signal\Obj\Drivers\STM32H7xx_HAL_Driver\stm32h7xx_hal_adc_ex.o
#        d:\JD-Signal\3.Firmware\JD-Signal\EWARM\JD-Signal\Obj\Drivers\STM32H7xx_HAL_Driver\stm32h7xx_hal_cortex.o
#        d:\JD-Signal\3.Firmware\JD-Signal\EWARM\JD-Signal\Obj\Drivers\STM32H7xx_HAL_Driver\stm32h7xx_hal_dac.o
#        d:\JD-Signal\3.Firmware\JD-Signal\EWARM\JD-Signal\Obj\Drivers\STM32H7xx_HAL_Driver\stm32h7xx_hal_dac_ex.o
#        d:\JD-Signal\3.Firmware\JD-Signal\EWARM\JD-Signal\Obj\Drivers\STM32H7xx_HAL_Driver\stm32h7xx_hal_dma.o
#        d:\JD-Signal\3.Firmware\JD-Signal\EWARM\JD-Signal\Obj\Drivers\STM32H7xx_HAL_Driver\stm32h7xx_hal_dma_ex.o
#        d:\JD-Signal\3.Firmware\JD-Signal\EWARM\JD-Signal\Obj\Drivers\STM32H7xx_HAL_Driver\stm32h7xx_hal_exti.o
#        d:\JD-Signal\3.Firmware\JD-Signal\EWARM\JD-Signal\Obj\Drivers\STM32H7xx_HAL_Driver\stm32h7xx_hal_flash.o
#        d:\JD-Signal\3.Firmware\JD-Signal\EWARM\JD-Signal\Obj\Drivers\STM32H7xx_HAL_Driver\stm32h7xx_hal_flash_ex.o
#        d:\JD-Signal\3.Firmware\JD-Signal\EWARM\JD-Signal\Obj\Drivers\STM32H7xx_HAL_Driver\stm32h7xx_hal_gpio.o
#        d:\JD-Signal\3.Firmware\JD-Signal\EWARM\JD-Signal\Obj\Drivers\STM32H7xx_HAL_Driver\stm32h7xx_hal_hsem.o
#        d:\JD-Signal\3.Firmware\JD-Signal\EWARM\JD-Signal\Obj\Drivers\STM32H7xx_HAL_Driver\stm32h7xx_hal_i2c.o
#        d:\JD-Signal\3.Firmware\JD-Signal\EWARM\JD-Signal\Obj\Drivers\STM32H7xx_HAL_Driver\stm32h7xx_hal_i2c_ex.o
#        d:\JD-Signal\3.Firmware\JD-Signal\EWARM\JD-Signal\Obj\Drivers\STM32H7xx_HAL_Driver\stm32h7xx_hal_mdma.o
#        d:\JD-Signal\3.Firmware\JD-Signal\EWARM\JD-Signal\Obj\Application\User\Core\stm32h7xx_hal_msp.o
#        d:\JD-Signal\3.Firmware\JD-Signal\EWARM\JD-Signal\Obj\Drivers\STM32H7xx_HAL_Driver\stm32h7xx_hal_pwr.o
#        d:\JD-Signal\3.Firmware\JD-Signal\EWARM\JD-Signal\Obj\Drivers\STM32H7xx_HAL_Driver\stm32h7xx_hal_pwr_ex.o
#        d:\JD-Signal\3.Firmware\JD-Signal\EWARM\JD-Signal\Obj\Drivers\STM32H7xx_HAL_Driver\stm32h7xx_hal_qspi.o
#        d:\JD-Signal\3.Firmware\JD-Signal\EWARM\JD-Signal\Obj\Drivers\STM32H7xx_HAL_Driver\stm32h7xx_hal_rcc.o
#        d:\JD-Signal\3.Firmware\JD-Signal\EWARM\JD-Signal\Obj\Drivers\STM32H7xx_HAL_Driver\stm32h7xx_hal_rcc_ex.o
#        d:\JD-Signal\3.Firmware\JD-Signal\EWARM\JD-Signal\Obj\Drivers\STM32H7xx_HAL_Driver\stm32h7xx_hal_rtc.o
#        d:\JD-Signal\3.Firmware\JD-Signal\EWARM\JD-Signal\Obj\Drivers\STM32H7xx_HAL_Driver\stm32h7xx_hal_rtc_ex.o
#        d:\JD-Signal\3.Firmware\JD-Signal\EWARM\JD-Signal\Obj\Drivers\STM32H7xx_HAL_Driver\stm32h7xx_hal_sd.o
#        d:\JD-Signal\3.Firmware\JD-Signal\EWARM\JD-Signal\Obj\Drivers\STM32H7xx_HAL_Driver\stm32h7xx_hal_sd_ex.o
#        d:\JD-Signal\3.Firmware\JD-Signal\EWARM\JD-Signal\Obj\Drivers\STM32H7xx_HAL_Driver\stm32h7xx_hal_spi.o
#        d:\JD-Signal\3.Firmware\JD-Signal\EWARM\JD-Signal\Obj\Drivers\STM32H7xx_HAL_Driver\stm32h7xx_hal_spi_ex.o
#        d:\JD-Signal\3.Firmware\JD-Signal\EWARM\JD-Signal\Obj\Drivers\STM32H7xx_HAL_Driver\stm32h7xx_hal_tim.o
#        d:\JD-Signal\3.Firmware\JD-Signal\EWARM\JD-Signal\Obj\Drivers\STM32H7xx_HAL_Driver\stm32h7xx_hal_tim_ex.o
#        d:\JD-Signal\3.Firmware\JD-Signal\EWARM\JD-Signal\Obj\Application\User\Core\stm32h7xx_hal_timebase_tim.o
#        d:\JD-Signal\3.Firmware\JD-Signal\EWARM\JD-Signal\Obj\Drivers\STM32H7xx_HAL_Driver\stm32h7xx_hal_uart.o
#        d:\JD-Signal\3.Firmware\JD-Signal\EWARM\JD-Signal\Obj\Drivers\STM32H7xx_HAL_Driver\stm32h7xx_hal_uart_ex.o
#        d:\JD-Signal\3.Firmware\JD-Signal\EWARM\JD-Signal\Obj\Application\User\Core\stm32h7xx_it.o
#        d:\JD-Signal\3.Firmware\JD-Signal\EWARM\JD-Signal\Obj\Drivers\STM32H7xx_HAL_Driver\stm32h7xx_ll_delayblock.o
#        d:\JD-Signal\3.Firmware\JD-Signal\EWARM\JD-Signal\Obj\Drivers\STM32H7xx_HAL_Driver\stm32h7xx_ll_sdmmc.o
#        d:\JD-Signal\3.Firmware\JD-Signal\EWARM\JD-Signal\Obj\Middlewares\FreeRTOS\stream_buffer.o
#        d:\JD-Signal\3.Firmware\JD-Signal\EWARM\JD-Signal\Obj\Middlewares\FatFs\syscall.o
#        d:\JD-Signal\3.Firmware\JD-Signal\EWARM\JD-Signal\Obj\Drivers\CMSIS\system_stm32h7xx.o
#        d:\JD-Signal\3.Firmware\JD-Signal\EWARM\JD-Signal\Obj\Middlewares\FreeRTOS\tasks.o
#        d:\JD-Signal\3.Firmware\JD-Signal\EWARM\JD-Signal\Obj\Application\User\Core\tim.o
#        d:\JD-Signal\3.Firmware\JD-Signal\EWARM\JD-Signal\Obj\Middlewares\FreeRTOS\timers.o
#        d:\JD-Signal\3.Firmware\JD-Signal\EWARM\JD-Signal\Obj\Drivers\CMSIS-DSP\TransformFunctions.o
#        d:\JD-Signal\3.Firmware\JD-Signal\EWARM\JD-Signal\Obj\Drivers\CMSIS-DSP\TransformFunctionsF16.o
#        d:\JD-Signal\3.Firmware\JD-Signal\EWARM\JD-Signal\Obj\Application\User\Core\usart.o
#        d:\JD-Signal\3.Firmware\JD-Signal\EWARM\JD-Signal\Obj\Application\User\Core\usb_otg.o
#        d:\JD-Signal\3.Firmware\JD-Signal\EWARM\JD-Signal\Obj\Drivers\UserInteraction\UserInteraction.o
#        d:\JD-Signal\3.Firmware\JD-Signal\EWARM\JD-Signal\Obj\Application\User\Core\write.o
#        --no_out_extension -o
#        d:\JD-Signal\3.Firmware\JD-Signal\EWARM\JD-Signal\Exe\JD-Signal.out
#        --redirect _Printf=_PrintfFullNoMb --redirect _Scanf=_ScanfFullNoMb
#        --map
#        d:\JD-Signal\3.Firmware\JD-Signal\EWARM\JD-Signal\List\JD-Signal.map
#        --config d:\JD-Signal\3.Firmware\JD-Signal\EWARM/stm32h750xx_flash.icf
#        --semihosting --entry __iar_program_start --redirect
#        __iar_sh_stdout=__iar_sh_stdout_swo --vfe --text_out locale
#        --cpu=Cortex-M7 --fpu=VFPv5_d16)
#
###############################################################################

*******************************************************************************
*** RUNTIME MODEL ATTRIBUTES
***

CppFlavor       = *
__CPP_Runtime   = 1
__Heap_Handler  = Basic
__SystemLibrary = DLib
__dlib_version  = 6


*******************************************************************************
*** HEAP SELECTION
***

The basic heap was selected because --advanced_heap
was not specified and the application did not appear to
be primarily optimized for speed.


*******************************************************************************
*** PLACEMENT SUMMARY
***

"A0":  place at address 0x800'0000 { ro section .intvec };
"P1":  place in [from 0x800'0000 to 0x801'ffff] { ro };
define block CSTACK with size = 16K, alignment = 8 { };
define block HEAP with size = 8K, alignment = 8 { };
"P2":  place in [from 0x2000'0000 to 0x2001'ffff] {
          rw, block CSTACK, block HEAP };
"P3":  place in [from 0x2400'0000 to 0x2408'0000] { section .RAM_D1 };
initialize by copy { rw };

No sections matched the following patterns:

  section .RAM_D2  in "P4"
  section .RAM_D3  in "P5"


  Section            Kind         Address      Size  Object
  -------            ----         -------      ----  ------
"A0":                                         0x298
  .intvec            ro code   0x800'0000     0x298  startup_stm32h750xx.o [1]
                             - 0x800'0298     0x298

"P1":                                      0x1'17b1
  .rodata            const     0x800'0298    0x33f4  lcd.o [10]
  .text              ro code   0x800'368c    0x1144  stm32h7xx_hal_dma.o [12]
  .text              ro code   0x800'47d0       0xc  stm32h7xx_hal.o [12]
  .text              ro code   0x800'47dc     0xf30  stm32h7xx_hal_rcc_ex.o [12]
  .text              ro code   0x800'570c     0x3f4  stm32h7xx_hal_rcc.o [12]
  .text              ro code   0x800'5b00      0x88  stm32h7xx_hal_timebase_tim.o [2]
  .text              ro code   0x800'5b88      0x9c  stm32h7xx_hal_cortex.o [12]
  .text              ro code   0x800'5c24     0x85c  stm32h7xx_hal_tim.o [12]
  .text              ro code   0x800'6480     0x234  tim.o [2]
  .text              ro code   0x800'66b4       0x2  stm32h7xx_hal_tim.o [12]
  .text              ro code   0x800'66b6       0x2  stm32h7xx_hal_tim.o [12]
  .text              ro code   0x800'66b8       0x2  stm32h7xx_hal_tim.o [12]
  .text              ro code   0x800'66ba      0x7e  lz77_init_single.o [20]
  .text              ro code   0x800'6738     0x2f8  main.o [2]
  .text              ro code   0x800'6a30       0x2  stm32h7xx_hal_tim_ex.o [12]
  .text              ro code   0x800'6a32       0x2  stm32h7xx_hal_tim_ex.o [12]
  .text              ro code   0x800'6a34       0x2  stm32h7xx_hal_tim.o [12]
  .text              ro code   0x800'6a36       0x2  stm32h7xx_hal_tim_ex.o [12]
  .text              ro code   0x800'6a38       0x2  stm32h7xx_hal_tim.o [12]
  .text              ro code   0x800'6a3a      0x14  memset.o [20]
  .text              ro code   0x800'6a4e      0x1e  xsscin.o [18]
  .text              ro code   0x800'6a6c      0xa0  stm32h7xx_hal_tim_ex.o [12]
  .text              ro code   0x800'6b0c     0x248  stm32h7xx_hal_gpio.o [12]
  .text              ro code   0x800'6d54      0x88  stm32h7xx_hal.o [12]
  .text              ro code   0x800'6ddc     0x192  gpio.o [2]
  .text              ro code   0x800'6f6e       0xa  xsprout.o [18]
  .text              ro code   0x800'6f78      0x20  dma.o [2]
  .text              ro code   0x800'6f98     0x118  dac.o [2]
  .text              ro code   0x800'70b0     0x20c  usart.o [2]
  .text              ro code   0x800'72bc     0x22c  adc.o [2]
  .text              ro code   0x800'74e8      0x7c  rtc.o [2]
  .text              ro code   0x800'7564      0x18  fatfs.o [3]
  .text              ro code   0x800'757c     0x174  spi.o [2]
  .text              ro code   0x800'76f0     0x124  quadspi.o [2]
  .text              ro code   0x800'7814      0xbc  sdmmc.o [2]
  .text              ro code   0x800'78d0       0x2  usb_otg.o [2]
  .rodata            const     0x800'78d2       0x2  xlocale_c.o [18]
  .text              ro code   0x800'78d4      0x28  printf.o [18]
  .text              ro code   0x800'78fc     0x19c  stm32h7xx_hal_adc_ex.o [12]
  .text              ro code   0x800'7a98      0xd8  UserInteraction.o [14]
  .text              ro code   0x800'7b70      0x28  stm32h7xx_hal.o [12]
  .text              ro code   0x800'7b98     0x19c  BodeSetting.o [6]
  .text              ro code   0x800'7d34     0x298  lcd_init.o [10]
  .text              ro code   0x800'7fcc     0x1b4  lcd.o [10]
  .text              ro code   0x800'8180     0x500  freertos.o [2]
  .text              ro code   0x800'8680     0x184  cmsis_os.o [17]
  .text              ro code   0x800'8804       0x6  ABImemclr4.o [20]
  .rodata            const     0x800'880a       0x2  xlocale_c.o [18]
  .text              ro code   0x800'880c      0x48  stm32h7xx_hal_pwr_ex.o [12]
  .text              ro code   0x800'8854      0x10  stm32h7xx_hal_pwr.o [12]
  .text              ro code   0x800'8864     0x510  stm32h7xx_hal_rcc.o [12]
  .text              ro code   0x800'8d74      0x10  stm32h7xx_hal.o [12]
  .text              ro code   0x800'8d84      0x66  ABImemset.o [20]
  .rodata            const     0x800'8dea       0x1  xlocale_c.o [18]
  .text              ro code   0x800'8dec      0x48  stm32h7xx_hal_msp.o [2]
  .text              ro code   0x800'8e34     0x3f0  stm32h7xx_hal_dac.o [12]
  .text              ro code   0x800'9224     0x150  stm32h7xx_hal_uart_ex.o [12]
  .text              ro code   0x800'9374     0x9a8  stm32h7xx_hal_uart.o [12]
  .text              ro code   0x800'9d1c     0xb24  stm32h7xx_hal_adc.o [12]
  .text              ro code   0x800'a840     0x38a  stm32h7xx_hal_rtc.o [12]
  .text              ro code   0x800'abcc      0x44  ff_gen_drv.o [16]
  .text              ro code   0x800'ac10     0x69c  stm32h7xx_hal_spi.o [12]
  .text              ro code   0x800'b2ac      0xf2  stm32h7xx_hal_qspi.o [12]
  .text              ro code   0x800'b3a0     0xeaa  xprintffull_nomb.o [18]
  .text              ro code   0x800'c24c     0x2d4  cos_sin64.o [19]
  .text              ro code   0x800'c520     0x778  tasks.o [17]
  .text              ro code   0x800'cc98     0xce8  cJSON.o [15]
  .text              ro code   0x800'd980      0x40  sprintf.o [18]
  .text              ro code   0x800'd9c0      0x12  strcmp.o [20]
  .text              ro code   0x800'd9d4     0x2d4  queue.o [17]
  .text              ro code   0x800'dca8      0x3a  ABImemset48.o [20]
  .text              ro code   0x800'dce2       0x2  stm32h7xx_hal_dac.o [12]
  .text              ro code   0x800'dce4       0x2  stm32h7xx_hal_dac_ex.o [12]
  .text              ro code   0x800'dce6       0x2  stm32h7xx_hal_dac.o [12]
  .text              ro code   0x800'dce8       0x2  stm32h7xx_hal_dac.o [12]
  .text              ro code   0x800'dcea       0x2  stm32h7xx_hal_dac.o [12]
  .text              ro code   0x800'dcec     0x106  I64DivMod_small.o [20]
  .text              ro code   0x800'ddf2       0x2  stm32h7xx_hal_uart.o [12]
  .text              ro code   0x800'ddf4       0x2  stm32h7xx_hal_uart.o [12]
  .text              ro code   0x800'ddf6       0x2  stm32h7xx_hal_uart.o [12]
  .text              ro code   0x800'ddf8       0x2  stm32h7xx_hal_adc.o [12]
  .text              ro code   0x800'ddfa       0x2  stm32h7xx_hal_adc.o [12]
  .text              ro code   0x800'ddfc       0x2  stm32h7xx_hal_spi.o [12]
  .text              ro code   0x800'ddfe       0x2  stm32h7xx_hal_spi.o [12]
  .text              ro code   0x800'de00       0x2  stm32h7xx_hal_spi.o [12]
  .text              ro code   0x800'de02       0x2  stm32h7xx_hal_spi.o [12]
  .text              ro code   0x800'de04       0x2  stm32h7xx_hal_spi.o [12]
  .text              ro code   0x800'de08      0x16  strchr.o [20]
  .text              ro code   0x800'de20      0x40  xfail_s.o [18]
  .text              ro code   0x800'de60      0x14  strlen_small.o [20]
  .text              ro code   0x800'de74      0x58  memchr.o [20]
  .text              ro code   0x800'decc      0x18  ABImemcpy_small.o [20]
  .text              ro code   0x800'dee4      0x88  frexp.o [19]
  .text              ro code   0x800'df6c      0x34  DblCmpLe.o [19]
  .text              ro code   0x800'dfa0      0x34  DblCmpGe.o [19]
  .text              ro code   0x800'dfd4     0x104  ldexp.o [19]
  .text              ro code   0x800'e0d8       0xe  DblToS32.o [19]
  .text              ro code   0x800'e0e6       0xe  S32ToDbl.o [19]
  .text              ro code   0x800'e0f4      0x12  DblSub.o [19]
  .text              ro code   0x800'e106      0x12  DblDiv.o [19]
  .text              ro code   0x800'e118       0xe  DblToU32.o [19]
  .text              ro code   0x800'e126       0xe  U32ToDbl.o [19]
  .text              ro code   0x800'e134      0x12  DblMul.o [19]
  .text              ro code   0x800'e148      0x4c  xlocale_c.o [18]
  .text              ro code   0x800'e194     0x168  heap_4.o [17]
  .text              ro code   0x800'e2fc      0x94  list.o [17]
  .text              ro code   0x800'e390      0xcc  port.o [17]
  .text              ro code   0x800'e45c       0x2  freertos.o [2]
  .text              ro code   0x800'e45e       0x4  freertos.o [2]
  .text              ro code   0x800'e464       0x6  ABImemclr.o [20]
  .text              ro code   0x800'e46a      0x2a  strncmp.o [18]
  .text              ro code   0x800'e494     0x2cc  strto64.o [19]
  .text              ro code   0x800'e760      0x24  cJSON.o [15]
  .text              ro code   0x800'e784      0x28  sscanf.o [18]
  .text              ro code   0x800'e7ac      0x14  tolower.o [18]
  .text              ro code   0x800'e7c0       0x2  I64DivZer.o [20]
  .text              ro code   0x800'e7c2       0x6  abort.o [18]
  .text              ro code   0x800'e7c8      0x2c  port.o [17]
  CODE               ro code   0x800'e7f4      0xb0  portasm.o [17]
  .text              ro code   0x800'e8a4     0x122  iar_Stopfx.o [18]
  .text              ro code   0x800'e9c8     0x1b8  iar_Stoflt.o [18]
  .text              ro code   0x800'eb80     0x208  iar_Stoxflt.o [18]
  .text              ro code   0x800'ed88     0xd78  xscanffull_nomb.o [18]
  .text              ro code   0x800'fb00      0x14  exit.o [21]
  .text              ro code   0x800'fb14      0x14  isspace.o [18]
  .text              ro code   0x800'fb28      0x14  isalpha.o [18]
  .text              ro code   0x800'fb3c       0xe  math_wrappers64.o [19]
  .text              ro code   0x800'fb4a       0xe  DblToFlt.o [19]
  .text              ro code   0x800'fb58     0x1b2  iar_Stoullx.o [18]
  .text              ro code   0x800'fd0c      0xaa  iar_Stollx.o [18]
  .text              ro code   0x800'fdb8     0xade  stm32h7xx_hal_sd.o [12]
  .text              ro code   0x801'0898     0x54c  stm32h7xx_ll_sdmmc.o [12]
  .text              ro code   0x801'0de4     0x2e8  heap0.o [18]
  .text              ro code   0x801'10cc      0x2c  xgetmemchunk.o [18]
  .text              ro code   0x801'10f8      0x1e  ABImemmove_small.o [20]
  .text              ro code   0x801'1118     0x19c  sd_diskio.o [4]
  .text              ro code   0x801'12b4      0x18  bsp_driver_sd.o [4]
  .text              ro code   0x801'12cc      0x30  bsp_driver_sd.o [4]
  .text              ro code   0x801'12fc      0x1c  bsp_driver_sd.o [4]
  .text              ro code   0x801'1318      0x1c  bsp_driver_sd.o [4]
  .text              ro code   0x801'1334       0xc  bsp_driver_sd.o [4]
  .text              ro code   0x801'1340      0x18  bsp_driver_sd.o [4]
  .text              ro code   0x801'1358      0x18  fatfs_platform.o [4]
  .text              ro code   0x801'1370      0xd4  system_stm32h7xx.o [7]
  .rodata            const     0x801'1444      0x50  iar_Stoullx.o [18]
  .text              ro code   0x801'1494      0x50  stm32h7xx_it.o [2]
  .rodata            const     0x801'14e4      0x24  xscanffull_nomb.o [18]
  .rodata            const     0x801'1508      0x48  strto64.o [19]
  .text              ro code   0x801'1550      0x44  putchar.o [18]
  .text              ro code   0x801'1594      0x30  write.o [2]
  .text              ro code   0x801'15c4      0x38  zero_init3.o [20]
  .text              ro code   0x801'15fc      0x32  stm32h7xx_hal_dac_ex.o [12]
  .text              ro code   0x801'162e       0x2  stm32h7xx_hal_dac_ex.o [12]
  .text              ro code   0x801'1630       0x2  stm32h7xx_hal_dac_ex.o [12]
  .text              ro code   0x801'1632       0x2  stm32h7xx_hal_dac_ex.o [12]
  .rodata            const     0x801'1634      0x28  xscanffull_nomb.o [18]
  .text              ro code   0x801'165c      0x28  data_init.o [20]
  .text              ro code   0x801'1684      0x22  fpinit_M.o [19]
  .iar.init_table    const     0x801'16a8      0x28  - Linker created -
  .text              ro code   0x801'16d0      0x1e  cmain.o [20]
  .text              ro code   0x801'16ee       0x4  low_level_init.o [18]
  .text              ro code   0x801'16f2       0x4  exit.o [18]
  .text              ro code   0x801'16f8       0xa  cexit.o [20]
  .text              ro code   0x801'1704      0x1c  cstartup_M.o [20]
  .text              ro code   0x801'1720      0x16  xprout.o [18]
  .rodata            const     0x801'1738      0x14  sd_diskio.o [4]
  .rodata            const     0x801'174c      0x10  freertos.o [2]
  .rodata            const     0x801'175c      0x10  freertos.o [2]
  .rodata            const     0x801'176c      0x10  freertos.o [2]
  .rodata            const     0x801'177c      0x10  freertos.o [2]
  .text              ro code   0x801'178c      0x10  startup_stm32h750xx.o [1]
  .rodata            const     0x801'179c       0xc  freertos.o [2]
  .rodata            const     0x801'17a8       0xc  freertos.o [2]
  .text              ro code   0x801'17b4       0x8  heaptramp0.o [18]
  .text              ro code   0x801'17bc       0x4  startup_stm32h750xx.o [1]
  .text              ro code   0x801'17c0       0x4  startup_stm32h750xx.o [1]
  .text              ro code   0x801'17c4       0x4  startup_stm32h750xx.o [1]
  .text              ro code   0x801'17c8       0x4  startup_stm32h750xx.o [1]
  .text              ro code   0x801'17cc       0x4  startup_stm32h750xx.o [1]
  .text              ro code   0x801'17d0       0x4  startup_stm32h750xx.o [1]
  .text              ro code   0x801'17d4       0x4  startup_stm32h750xx.o [1]
  .text              ro code   0x801'17d8       0x4  startup_stm32h750xx.o [1]
  .text              ro code   0x801'17dc       0x4  startup_stm32h750xx.o [1]
  .text              ro code   0x801'17e0       0x4  startup_stm32h750xx.o [1]
  .text              ro code   0x801'17e4       0x4  startup_stm32h750xx.o [1]
  .text              ro code   0x801'17e8       0x4  startup_stm32h750xx.o [1]
  .text              ro code   0x801'17ec       0x4  startup_stm32h750xx.o [1]
  .text              ro code   0x801'17f0       0x4  startup_stm32h750xx.o [1]
  .text              ro code   0x801'17f4       0x4  startup_stm32h750xx.o [1]
  .text              ro code   0x801'17f8       0x4  startup_stm32h750xx.o [1]
  .text              ro code   0x801'17fc       0x4  startup_stm32h750xx.o [1]
  .text              ro code   0x801'1800       0x4  startup_stm32h750xx.o [1]
  .text              ro code   0x801'1804       0x4  startup_stm32h750xx.o [1]
  .text              ro code   0x801'1808       0x4  startup_stm32h750xx.o [1]
  .text              ro code   0x801'180c       0x4  startup_stm32h750xx.o [1]
  .text              ro code   0x801'1810       0x4  startup_stm32h750xx.o [1]
  .text              ro code   0x801'1814       0x4  startup_stm32h750xx.o [1]
  .text              ro code   0x801'1818       0x4  startup_stm32h750xx.o [1]
  .text              ro code   0x801'181c       0x4  startup_stm32h750xx.o [1]
  .text              ro code   0x801'1820       0x4  startup_stm32h750xx.o [1]
  .text              ro code   0x801'1824       0x4  startup_stm32h750xx.o [1]
  .text              ro code   0x801'1828       0x4  startup_stm32h750xx.o [1]
  .text              ro code   0x801'182c       0x4  startup_stm32h750xx.o [1]
  .text              ro code   0x801'1830       0x4  startup_stm32h750xx.o [1]
  .text              ro code   0x801'1834       0x4  startup_stm32h750xx.o [1]
  .text              ro code   0x801'1838       0x4  startup_stm32h750xx.o [1]
  .text              ro code   0x801'183c       0x4  startup_stm32h750xx.o [1]
  .text              ro code   0x801'1840       0x4  startup_stm32h750xx.o [1]
  .text              ro code   0x801'1844       0x4  startup_stm32h750xx.o [1]
  .text              ro code   0x801'1848       0x4  startup_stm32h750xx.o [1]
  .text              ro code   0x801'184c       0x4  startup_stm32h750xx.o [1]
  .text              ro code   0x801'1850       0x4  startup_stm32h750xx.o [1]
  .text              ro code   0x801'1854       0x4  startup_stm32h750xx.o [1]
  .text              ro code   0x801'1858       0x4  startup_stm32h750xx.o [1]
  .text              ro code   0x801'185c       0x4  startup_stm32h750xx.o [1]
  .text              ro code   0x801'1860       0x4  startup_stm32h750xx.o [1]
  .text              ro code   0x801'1864       0x4  startup_stm32h750xx.o [1]
  .text              ro code   0x801'1868       0x4  startup_stm32h750xx.o [1]
  .text              ro code   0x801'186c       0x4  startup_stm32h750xx.o [1]
  .text              ro code   0x801'1870       0x4  startup_stm32h750xx.o [1]
  .text              ro code   0x801'1874       0x4  startup_stm32h750xx.o [1]
  .text              ro code   0x801'1878       0x4  startup_stm32h750xx.o [1]
  .text              ro code   0x801'187c       0x4  startup_stm32h750xx.o [1]
  .text              ro code   0x801'1880       0x4  startup_stm32h750xx.o [1]
  .text              ro code   0x801'1884       0x4  startup_stm32h750xx.o [1]
  .text              ro code   0x801'1888       0x4  startup_stm32h750xx.o [1]
  .text              ro code   0x801'188c       0x4  startup_stm32h750xx.o [1]
  .text              ro code   0x801'1890       0x4  startup_stm32h750xx.o [1]
  .text              ro code   0x801'1894       0x4  startup_stm32h750xx.o [1]
  .text              ro code   0x801'1898       0x4  startup_stm32h750xx.o [1]
  .text              ro code   0x801'189c       0x4  startup_stm32h750xx.o [1]
  .text              ro code   0x801'18a0       0x4  startup_stm32h750xx.o [1]
  .text              ro code   0x801'18a4       0x4  startup_stm32h750xx.o [1]
  .text              ro code   0x801'18a8       0x4  startup_stm32h750xx.o [1]
  .text              ro code   0x801'18ac       0x4  startup_stm32h750xx.o [1]
  .text              ro code   0x801'18b0       0x4  startup_stm32h750xx.o [1]
  .text              ro code   0x801'18b4       0x4  startup_stm32h750xx.o [1]
  .text              ro code   0x801'18b8       0x4  startup_stm32h750xx.o [1]
  .text              ro code   0x801'18bc       0x4  startup_stm32h750xx.o [1]
  .text              ro code   0x801'18c0       0x4  startup_stm32h750xx.o [1]
  .text              ro code   0x801'18c4       0x4  startup_stm32h750xx.o [1]
  .text              ro code   0x801'18c8       0x4  startup_stm32h750xx.o [1]
  .text              ro code   0x801'18cc       0x4  startup_stm32h750xx.o [1]
  .text              ro code   0x801'18d0       0x4  startup_stm32h750xx.o [1]
  .text              ro code   0x801'18d4       0x4  startup_stm32h750xx.o [1]
  .text              ro code   0x801'18d8       0x4  startup_stm32h750xx.o [1]
  .text              ro code   0x801'18dc       0x4  startup_stm32h750xx.o [1]
  .text              ro code   0x801'18e0       0x4  startup_stm32h750xx.o [1]
  .text              ro code   0x801'18e4       0x4  startup_stm32h750xx.o [1]
  .text              ro code   0x801'18e8       0x4  startup_stm32h750xx.o [1]
  .text              ro code   0x801'18ec       0x4  startup_stm32h750xx.o [1]
  .text              ro code   0x801'18f0       0x4  startup_stm32h750xx.o [1]
  .text              ro code   0x801'18f4       0x4  startup_stm32h750xx.o [1]
  .text              ro code   0x801'18f8       0x4  startup_stm32h750xx.o [1]
  .text              ro code   0x801'18fc       0x4  startup_stm32h750xx.o [1]
  .text              ro code   0x801'1900       0x4  startup_stm32h750xx.o [1]
  .text              ro code   0x801'1904       0x4  startup_stm32h750xx.o [1]
  .text              ro code   0x801'1908       0x4  startup_stm32h750xx.o [1]
  .text              ro code   0x801'190c       0x4  startup_stm32h750xx.o [1]
  .text              ro code   0x801'1910       0x4  startup_stm32h750xx.o [1]
  .text              ro code   0x801'1914       0x4  startup_stm32h750xx.o [1]
  .text              ro code   0x801'1918       0x4  startup_stm32h750xx.o [1]
  .text              ro code   0x801'191c       0x4  startup_stm32h750xx.o [1]
  .text              ro code   0x801'1920       0x4  startup_stm32h750xx.o [1]
  .text              ro code   0x801'1924       0x4  startup_stm32h750xx.o [1]
  .text              ro code   0x801'1928       0x4  startup_stm32h750xx.o [1]
  .text              ro code   0x801'192c       0x4  startup_stm32h750xx.o [1]
  .text              ro code   0x801'1930       0x4  startup_stm32h750xx.o [1]
  .text              ro code   0x801'1934       0x4  startup_stm32h750xx.o [1]
  .text              ro code   0x801'1938       0x4  startup_stm32h750xx.o [1]
  .text              ro code   0x801'193c       0x4  startup_stm32h750xx.o [1]
  .text              ro code   0x801'1940       0x4  startup_stm32h750xx.o [1]
  .text              ro code   0x801'1944       0x4  startup_stm32h750xx.o [1]
  .text              ro code   0x801'1948       0x4  startup_stm32h750xx.o [1]
  .text              ro code   0x801'194c       0x4  startup_stm32h750xx.o [1]
  .text              ro code   0x801'1950       0x4  startup_stm32h750xx.o [1]
  .text              ro code   0x801'1954       0x4  startup_stm32h750xx.o [1]
  .text              ro code   0x801'1958       0x4  startup_stm32h750xx.o [1]
  .text              ro code   0x801'195c       0x4  startup_stm32h750xx.o [1]
  .text              ro code   0x801'1960       0x4  startup_stm32h750xx.o [1]
  .text              ro code   0x801'1964       0x4  startup_stm32h750xx.o [1]
  .text              ro code   0x801'1968       0x4  startup_stm32h750xx.o [1]
  .text              ro code   0x801'196c       0x4  startup_stm32h750xx.o [1]
  .text              ro code   0x801'1970       0x4  startup_stm32h750xx.o [1]
  .text              ro code   0x801'1974       0x4  startup_stm32h750xx.o [1]
  .text              ro code   0x801'1978       0x4  startup_stm32h750xx.o [1]
  .text              ro code   0x801'197c       0x4  startup_stm32h750xx.o [1]
  .text              ro code   0x801'1980       0x4  startup_stm32h750xx.o [1]
  .text              ro code   0x801'1984       0x4  startup_stm32h750xx.o [1]
  .text              ro code   0x801'1988       0x4  startup_stm32h750xx.o [1]
  .text              ro code   0x801'198c       0x4  startup_stm32h750xx.o [1]
  .text              ro code   0x801'1990       0x4  startup_stm32h750xx.o [1]
  .text              ro code   0x801'1994       0x4  startup_stm32h750xx.o [1]
  .text              ro code   0x801'1998       0x4  startup_stm32h750xx.o [1]
  .text              ro code   0x801'199c       0x4  startup_stm32h750xx.o [1]
  .text              ro code   0x801'19a0       0x4  startup_stm32h750xx.o [1]
  .text              ro code   0x801'19a4       0x4  startup_stm32h750xx.o [1]
  .text              ro code   0x801'19a8       0x4  startup_stm32h750xx.o [1]
  .text              ro code   0x801'19ac       0x4  startup_stm32h750xx.o [1]
  .text              ro code   0x801'19b0       0x4  startup_stm32h750xx.o [1]
  .text              ro code   0x801'19b4       0x4  startup_stm32h750xx.o [1]
  .text              ro code   0x801'19b8       0x4  startup_stm32h750xx.o [1]
  .text              ro code   0x801'19bc       0x4  startup_stm32h750xx.o [1]
  .text              ro code   0x801'19c0       0x4  startup_stm32h750xx.o [1]
  .text              ro code   0x801'19c4       0x4  startup_stm32h750xx.o [1]
  .text              ro code   0x801'19c8       0x4  startup_stm32h750xx.o [1]
  .text              ro code   0x801'19cc       0x4  startup_stm32h750xx.o [1]
  .text              ro code   0x801'19d0       0x4  startup_stm32h750xx.o [1]
  .text              ro code   0x801'19d4       0x4  startup_stm32h750xx.o [1]
  .rodata            const     0x801'19d8       0x0  zero_init3.o [20]
  .rodata            const     0x801'19d8       0x0  lz77_init_single.o [20]
  Initializer bytes  const     0x801'19d8      0x71  <for P2-1>
                             - 0x801'1a49  0x1'17b1

"P2", part 1 of 3:                             0xfc
  P2-1                        0x2000'0000      0xfc  <Init block>
    .data            inited   0x2000'0000      0x14  cJSON.o [15]
    .data            inited   0x2000'0014       0x4  port.o [17]
    .data            inited   0x2000'0018       0x8  sd_diskio.o [4]
    .data            inited   0x2000'0020       0xc  stm32h7xx_hal.o [12]
    .data            inited   0x2000'002c       0x8  system_stm32h7xx.o [7]
    .data            inited   0x2000'0034      0x38  xlocale_c.o [18]
    .data            inited   0x2000'006c      0x48  xlocale_c.o [18]
    .data            inited   0x2000'00b4      0x48  xfiles.o [18]
                            - 0x2000'00fc      0xfc

"P2", part 2 of 3:                           0x46e0
  .bss               zero     0x2000'00fc    0x3c20  heap_4.o [17]
  .bss               zero     0x2000'3d1c     0x260  freertos.o [2]
  .bss               zero     0x2000'3f7c      0xa0  tasks.o [17]
  .bss               zero     0x2000'401c      0x94  usart.o [2]
  .bss               zero     0x2000'40b0      0x94  usart.o [2]
  .bss               zero     0x2000'4144      0x94  usart.o [2]
  .bss               zero     0x2000'41d8      0x8c  tasks.o [17]
  .bss               zero     0x2000'4264      0x88  spi.o [2]
  .bss               zero     0x2000'42ec      0x88  spi.o [2]
  .bss               zero     0x2000'4374      0x7c  sdmmc.o [2]
  .bss               zero     0x2000'43f0      0x78  dac.o [2]
  .bss               zero     0x2000'4468      0x64  adc.o [2]
  .bss               zero     0x2000'44cc      0x64  adc.o [2]
  .bss               zero     0x2000'4530      0x64  adc.o [2]
  .bss               zero     0x2000'4594      0x50  xfiles.o [18]
  .bss               zero     0x2000'45e4      0x4c  quadspi.o [2]
  .bss               zero     0x2000'4630      0x4c  stm32h7xx_hal_timebase_tim.o [2]
  .bss               zero     0x2000'467c      0x4c  tim.o [2]
  .bss               zero     0x2000'46c8      0x4c  tim.o [2]
  .bss               zero     0x2000'4714      0x4c  tim.o [2]
  .bss               zero     0x2000'4760      0x24  rtc.o [2]
  .bss               zero     0x2000'4784      0x1c  freertos.o [2]
  .bss               zero     0x2000'47a0      0x14  dac.o [2]
  .bss               zero     0x2000'47b4       0xc  ff_gen_drv.o [16]
  .bss               zero     0x2000'47c0       0x8  fatfs.o [3]
  .bss               zero     0x2000'47c8       0x8  heap0.o [18]
  .bss               zero     0x2000'47d0       0x4  adc.o [2]
  .bss               zero     0x2000'47d4       0x4  xfail_s.o [18]
  .bss               zero     0x2000'47d8       0x4  xgetmemchunk.o [18]
                            - 0x2000'47dc    0x46e0

"P2", part 3 of 3:                           0x6000
  CSTACK                      0x2000'47e0    0x4000  <Block>
    CSTACK           uninit   0x2000'47e0    0x4000  <Block tail>
  HEAP                        0x2000'87e0    0x2000  <Block>
    HEAP             uninit   0x2000'87e0    0x2000  <Block tail>
                            - 0x2000'a7e0    0x6000

"P3":                                        0x1900
  .RAM_D1            zero     0x2400'0000    0x1100  freertos.o [2]
  .RAM_D1            zero     0x2400'1100     0x800  BodeSetting.o [6]
                            - 0x2400'1900    0x1900

Unused ranges:

         From           To      Size
         ----           --      ----
   0x801'1a49   0x801'ffff    0xe5b7
  0x2000'47dc  0x2000'47df       0x4
  0x2000'a7e0  0x2001'ffff  0x1'5820
  0x2400'1900  0x2408'0000  0x7'e701


*******************************************************************************
*** INIT TABLE
***

          Address      Size
          -------      ----
Zero (__iar_zero_init3)
    2 destination ranges, total size 0x5fe0:
          0x2000'00fc  0x46e0
          0x2400'0000  0x1900

Copy/lz77 (__iar_lz77_init_single3)
    1 source range, total size 0x71 (44% of destination):
           0x801'19d8    0x71
    1 destination range, total size 0xfc:
          0x2000'0000    0xfc



*******************************************************************************
*** MODULE SUMMARY
***

    Module                        ro code  ro data  rw data
    ------                        -------  -------  -------
command line/config:
    -------------------------------------------------------
    Total:

d:\JD-Signal\3.Firmware\JD-Signal\EWARM\JD-Signal\Obj\Application\EWARM: [1]
    startup_stm32h750xx.o           1'220
    -------------------------------------------------------
    Total:                          1'220

d:\JD-Signal\3.Firmware\JD-Signal\EWARM\JD-Signal\Obj\Application\User\Core: [2]
    adc.o                             556               304
    dac.o                             280               140
    dma.o                              32
    freertos.o                      1'286       88    4'988
    gpio.o                            402
    main.o                            760
    quadspi.o                         292                76
    rtc.o                             124                36
    sdmmc.o                           188               124
    spi.o                             372               272
    stm32h7xx_hal_msp.o                72
    stm32h7xx_hal_timebase_tim.o      136                76
    stm32h7xx_it.o                     80
    tim.o                             564               228
    usart.o                           524               444
    usb_otg.o                           2
    write.o                            48
    -------------------------------------------------------
    Total:                          5'718       88    6'688

d:\JD-Signal\3.Firmware\JD-Signal\EWARM\JD-Signal\Obj\Application\User\FATFS\App: [3]
    fatfs.o                            24                 8
    -------------------------------------------------------
    Total:                             24                 8

d:\JD-Signal\3.Firmware\JD-Signal\EWARM\JD-Signal\Obj\Application\User\FATFS\Target: [4]
    bsp_driver_sd.o                   164
    fatfs_platform.o                   24
    sd_diskio.o                       412       24        8
    -------------------------------------------------------
    Total:                            600       24        8

d:\JD-Signal\3.Firmware\JD-Signal\EWARM\JD-Signal\Obj\Drivers\Algorithm: [5]
    -------------------------------------------------------
    Total:

d:\JD-Signal\3.Firmware\JD-Signal\EWARM\JD-Signal\Obj\Drivers\BodeSetting: [6]
    BodeSetting.o                     412             2'048
    -------------------------------------------------------
    Total:                            412             2'048

d:\JD-Signal\3.Firmware\JD-Signal\EWARM\JD-Signal\Obj\Drivers\CMSIS: [7]
    system_stm32h7xx.o                212        4        8
    -------------------------------------------------------
    Total:                            212        4        8

d:\JD-Signal\3.Firmware\JD-Signal\EWARM\JD-Signal\Obj\Drivers\CMSIS-DSP: [8]
    -------------------------------------------------------
    Total:

d:\JD-Signal\3.Firmware\JD-Signal\EWARM\JD-Signal\Obj\Drivers\IPort3: [9]
    -------------------------------------------------------
    Total:

d:\JD-Signal\3.Firmware\JD-Signal\EWARM\JD-Signal\Obj\Drivers\LCD: [10]
    lcd.o                             436   13'300
    lcd_init.o                        664
    -------------------------------------------------------
    Total:                          1'100   13'300

d:\JD-Signal\3.Firmware\JD-Signal\EWARM\JD-Signal\Obj\Drivers\LTC6912: [11]
    -------------------------------------------------------
    Total:

d:\JD-Signal\3.Firmware\JD-Signal\EWARM\JD-Signal\Obj\Drivers\STM32H7xx_HAL_Driver: [12]
    stm32h7xx_hal.o                   204        5       12
    stm32h7xx_hal_adc.o             2'856
    stm32h7xx_hal_adc_ex.o            412
    stm32h7xx_hal_cortex.o            156
    stm32h7xx_hal_dac.o             1'016
    stm32h7xx_hal_dac_ex.o             58
    stm32h7xx_hal_dma.o             4'420
    stm32h7xx_hal_gpio.o              584
    stm32h7xx_hal_pwr.o                16
    stm32h7xx_hal_pwr_ex.o             72
    stm32h7xx_hal_qspi.o              242
    stm32h7xx_hal_rcc.o             2'308
    stm32h7xx_hal_rcc_ex.o          3'888
    stm32h7xx_hal_rtc.o               906
    stm32h7xx_hal_sd.o              2'782
    stm32h7xx_hal_spi.o             1'702
    stm32h7xx_hal_tim.o             2'150
    stm32h7xx_hal_tim_ex.o            166
    stm32h7xx_hal_uart.o            2'478
    stm32h7xx_hal_uart_ex.o           336
    stm32h7xx_ll_sdmmc.o            1'356
    -------------------------------------------------------
    Total:                         28'108        5       12

d:\JD-Signal\3.Firmware\JD-Signal\EWARM\JD-Signal\Obj\Drivers\SaveInCSV: [13]
    -------------------------------------------------------
    Total:

d:\JD-Signal\3.Firmware\JD-Signal\EWARM\JD-Signal\Obj\Drivers\UserInteraction: [14]
    UserInteraction.o                 216
    -------------------------------------------------------
    Total:                            216

d:\JD-Signal\3.Firmware\JD-Signal\EWARM\JD-Signal\Obj\Drivers\cJSON: [15]
    cJSON.o                         3'340        8       20
    -------------------------------------------------------
    Total:                          3'340        8       20

d:\JD-Signal\3.Firmware\JD-Signal\EWARM\JD-Signal\Obj\Middlewares\FatFs: [16]
    ff_gen_drv.o                       68                12
    -------------------------------------------------------
    Total:                             68                12

d:\JD-Signal\3.Firmware\JD-Signal\EWARM\JD-Signal\Obj\Middlewares\FreeRTOS: [17]
    cmsis_os.o                        388
    heap_4.o                          360            15'392
    list.o                            148
    port.o                            248        2        4
    portasm.o                         176
    queue.o                           724
    tasks.o                         1'912               300
    -------------------------------------------------------
    Total:                          3'956        2   15'696

dl7M_tlf.a: [18]
    abort.o                             6
    exit.o                              4
    heap0.o                           744                 8
    heaptramp0.o                        8
    iar_Stoflt.o                      440
    iar_Stollx.o                      170
    iar_Stopfx.o                      290
    iar_Stoullx.o                     434       80
    iar_Stoxflt.o                     520
    isalpha.o                          20
    isspace.o                          20
    low_level_init.o                    4
    printf.o                           40
    putchar.o                          68
    sprintf.o                          64
    sscanf.o                           40
    strncmp.o                          42
    tolower.o                          20
    xfail_s.o                          64                 4
    xfiles.o                                    33      152
    xgetmemchunk.o                     44                 4
    xlocale_c.o                        76       62      128
    xprintffull_nomb.o              3'754
    xprout.o                           22
    xscanffull_nomb.o               3'448       76
    xsprout.o                          10
    xsscin.o                           30
    -------------------------------------------------------
    Total:                         10'382      251      296

m7M_tlv.a: [19]
    DblCmpGe.o                         52
    DblCmpLe.o                         52
    DblDiv.o                           18
    DblMul.o                           18
    DblSub.o                           18
    DblToFlt.o                         14
    DblToS32.o                         14
    DblToU32.o                         14
    S32ToDbl.o                         14
    U32ToDbl.o                         14
    cos_sin64.o                       724
    fpinit_M.o                         34
    frexp.o                           136
    ldexp.o                           260
    math_wrappers64.o                  14
    strto64.o                         716       72
    -------------------------------------------------------
    Total:                          2'112       72

rt7M_tl.a: [20]
    ABImemclr.o                         6
    ABImemclr4.o                        6
    ABImemcpy_small.o                  24
    ABImemmove_small.o                 30
    ABImemset.o                       102
    ABImemset48.o                      58
    I64DivMod_small.o                 262
    I64DivZer.o                         2
    cexit.o                            10
    cmain.o                            30
    cstartup_M.o                       28
    data_init.o                        40
    lz77_init_single.o                126
    memchr.o                           88
    memset.o                           20
    strchr.o                           22
    strcmp.o                           18
    strlen_small.o                     20
    zero_init3.o                       56
    -------------------------------------------------------
    Total:                            948

shb_l.a: [21]
    exit.o                             20
    -------------------------------------------------------
    Total:                             20

    Gaps                               31        4
    Linker created                              40   24'576
-----------------------------------------------------------
    Grand Total:                   58'467   13'798   49'372


*******************************************************************************
*** ENTRY LIST
***

Entry                       Address    Size  Type      Object
-----                       -------    ----  ----      ------
.iar.init_table$$Base    0x801'16a8           --   Gb  - Linker created -
.iar.init_table$$Limit   0x801'16d0           --   Gb  - Linker created -
?main                    0x801'16d1          Code  Gb  cmain.o [20]
ADC1ConvEnd             0x2000'4784     0x1  Data  Gb  freertos.o [2]
ADC1_Buffer             0x2400'0000   0x800  Data  Gb  freertos.o [2]
ADC2ConvEnd             0x2000'4785     0x1  Data  Gb  freertos.o [2]
ADC2_Buffer             0x2400'0800   0x800  Data  Gb  freertos.o [2]
ADC3_IRQHandler          0x801'1989          Code  Wk  startup_stm32h750xx.o [1]
ADC_ConfigureBoostMode   0x800'a6d1   0x116  Code  Gb  stm32h7xx_hal_adc.o [12]
ADC_ConversionStop       0x800'a463    0xba  Code  Gb  stm32h7xx_hal_adc.o [12]
ADC_DMAConvCplt          0x800'a639    0x7c  Code  Gb  stm32h7xx_hal_adc.o [12]
ADC_DMAError             0x800'a6bb    0x16  Code  Gb  stm32h7xx_hal_adc.o [12]
ADC_DMAHalfConvCplt      0x800'a6b5     0x6  Code  Gb  stm32h7xx_hal_adc.o [12]
ADC_Disable              0x800'a5c1    0x58  Code  Gb  stm32h7xx_hal_adc.o [12]
ADC_Enable               0x800'a51d    0x9e  Code  Gb  stm32h7xx_hal_adc.o [12]
ADC_IRQHandler           0x801'1805          Code  Wk  startup_stm32h750xx.o [1]
Aldata                  0x2000'47c8     0x8  Data  Lc  heap0.o [18]
Analyze_Task             0x800'84b3    0x34  Code  Gb  freertos.o [2]
BDMA_Channel0_IRQHandler
                         0x801'1991          Code  Wk  startup_stm32h750xx.o [1]
BDMA_Channel1_IRQHandler
                         0x801'1995          Code  Wk  startup_stm32h750xx.o [1]
BDMA_Channel2_IRQHandler
                         0x801'1999          Code  Wk  startup_stm32h750xx.o [1]
BDMA_Channel3_IRQHandler
                         0x801'199d          Code  Wk  startup_stm32h750xx.o [1]
BDMA_Channel4_IRQHandler
                         0x801'19a1          Code  Wk  startup_stm32h750xx.o [1]
BDMA_Channel5_IRQHandler
                         0x801'19a5          Code  Wk  startup_stm32h750xx.o [1]
BDMA_Channel6_IRQHandler
                         0x801'19a9          Code  Wk  startup_stm32h750xx.o [1]
BDMA_Channel7_IRQHandler
                         0x801'19ad          Code  Wk  startup_stm32h750xx.o [1]
BSP_PlatformIsDetected   0x801'1359    0x18  Code  Gb  fatfs_platform.o [4]
BSP_SD_GetCardInfo       0x801'1335     0xc  Code  Wk  bsp_driver_sd.o [4]
BSP_SD_GetCardState      0x801'12b5    0x18  Code  Wk  bsp_driver_sd.o [4]
BSP_SD_Init              0x801'12cd    0x30  Code  Wk  bsp_driver_sd.o [4]
BSP_SD_IsDetected        0x801'1341    0x18  Code  Wk  bsp_driver_sd.o [4]
BSP_SD_ReadBlocks_DMA    0x801'12fd    0x1c  Code  Wk  bsp_driver_sd.o [4]
BSP_SD_WriteBlocks_DMA   0x801'1319    0x1c  Code  Wk  bsp_driver_sd.o [4]
BusFault_Handler         0x801'149b     0x2  Code  Gb  stm32h7xx_it.o [2]
CEC_IRQHandler           0x801'190d          Code  Wk  startup_stm32h750xx.o [1]
CJSON_Task               0x800'8351   0x15c  Code  Gb  freertos.o [2]
COMP1_IRQHandler         0x801'19b1          Code  Wk  startup_stm32h750xx.o [1]
CRS_IRQHandler           0x801'19c9          Code  Wk  startup_stm32h750xx.o [1]
CRYP_IRQHandler          0x801'18d5          Code  Wk  startup_stm32h750xx.o [1]
CSTACK$$Base            0x2000'47e0           --   Gb  - Linker created -
CSTACK$$Limit           0x2000'87e0           --   Gb  - Linker created -
D1CorePrescTable         0x801'1434    0x10  Data  Gb  system_stm32h7xx.o [7]
DAC_DMAConvCpltCh1       0x800'91f5    0x10  Code  Gb  stm32h7xx_hal_dac.o [12]
DAC_DMAConvCpltCh2       0x801'15fd    0x10  Code  Gb  stm32h7xx_hal_dac_ex.o [12]
DAC_DMAErrorCh1          0x800'920d    0x18  Code  Gb  stm32h7xx_hal_dac.o [12]
DAC_DMAErrorCh2          0x801'1615    0x14  Code  Gb  stm32h7xx_hal_dac_ex.o [12]
DAC_DMAHalfConvCpltCh1   0x800'9205     0x6  Code  Gb  stm32h7xx_hal_dac.o [12]
DAC_DMAHalfConvCpltCh2   0x801'160d     0x6  Code  Gb  stm32h7xx_hal_dac_ex.o [12]
DCMI_IRQHandler          0x801'18d1          Code  Wk  startup_stm32h750xx.o [1]
DFSDM1_FLT0_IRQHandler   0x801'194d          Code  Wk  startup_stm32h750xx.o [1]
DFSDM1_FLT1_IRQHandler   0x801'1951          Code  Wk  startup_stm32h750xx.o [1]
DFSDM1_FLT2_IRQHandler   0x801'1955          Code  Wk  startup_stm32h750xx.o [1]
DFSDM1_FLT3_IRQHandler   0x801'1959          Code  Wk  startup_stm32h750xx.o [1]
DMA1_Stream0_IRQHandler
                         0x801'17e9          Code  Wk  startup_stm32h750xx.o [1]
DMA1_Stream1_IRQHandler
                         0x801'17ed          Code  Wk  startup_stm32h750xx.o [1]
DMA1_Stream2_IRQHandler
                         0x801'17f1          Code  Wk  startup_stm32h750xx.o [1]
DMA1_Stream3_IRQHandler
                         0x801'17f5          Code  Wk  startup_stm32h750xx.o [1]
DMA1_Stream4_IRQHandler
                         0x801'17f9          Code  Wk  startup_stm32h750xx.o [1]
DMA1_Stream5_IRQHandler
                         0x801'17fd          Code  Wk  startup_stm32h750xx.o [1]
DMA1_Stream6_IRQHandler
                         0x801'1801          Code  Wk  startup_stm32h750xx.o [1]
DMA1_Stream7_IRQHandler
                         0x801'1869          Code  Wk  startup_stm32h750xx.o [1]
DMA2D_IRQHandler         0x801'18fd          Code  Wk  startup_stm32h750xx.o [1]
DMA2_Stream0_IRQHandler
                         0x801'1889          Code  Wk  startup_stm32h750xx.o [1]
DMA2_Stream1_IRQHandler
                         0x801'188d          Code  Wk  startup_stm32h750xx.o [1]
DMA2_Stream2_IRQHandler
                         0x801'1891          Code  Wk  startup_stm32h750xx.o [1]
DMA2_Stream3_IRQHandler
                         0x801'1895          Code  Wk  startup_stm32h750xx.o [1]
DMA2_Stream4_IRQHandler
                         0x801'1899          Code  Wk  startup_stm32h750xx.o [1]
DMA2_Stream5_IRQHandler
                         0x801'18a9          Code  Wk  startup_stm32h750xx.o [1]
DMA2_Stream6_IRQHandler
                         0x801'18ad          Code  Wk  startup_stm32h750xx.o [1]
DMA2_Stream7_IRQHandler
                         0x801'18b1          Code  Wk  startup_stm32h750xx.o [1]
DMAMUX1_OVR_IRQHandler   0x801'192d          Code  Wk  startup_stm32h750xx.o [1]
DMAMUX2_OVR_IRQHandler   0x801'198d          Code  Wk  startup_stm32h750xx.o [1]
DMA_CalcBaseAndBitshift
                         0x800'45b5    0x92  Code  Lc  stm32h7xx_hal_dma.o [12]
DMA_CalcBaseAndBitshift{1}{2}::flagBitshiftOffset
                         0x800'47c8     0x8  Data  Lc  stm32h7xx_hal_dma.o [12]
DMA_CalcDMAMUXChannelBaseAndMask
                         0x800'4665    0x80  Code  Lc  stm32h7xx_hal_dma.o [12]
DMA_CalcDMAMUXRequestGenBaseAndMask
                         0x800'4701    0x60  Code  Lc  stm32h7xx_hal_dma.o [12]
DMA_SetConfig            0x800'4415   0x192  Code  Lc  stm32h7xx_hal_dma.o [12]
DebugMon_Handler         0x801'149f     0x2  Code  Gb  stm32h7xx_it.o [2]
Default_Task             0x800'82c5     0xc  Code  Gb  freertos.o [2]
Dtentox                  0x800'e495   0x1a0  Code  Lc  strto64.o [19]
DualSine12bit           0x2400'1100   0x800  Data  Gb  BodeSetting.o [6]
ECC_IRQHandler           0x801'19cd          Code  Wk  startup_stm32h750xx.o [1]
ETH_IRQHandler           0x801'189d          Code  Wk  startup_stm32h750xx.o [1]
ETH_WKUP_IRQHandler      0x801'18a1          Code  Wk  startup_stm32h750xx.o [1]
EXTI0_IRQHandler         0x801'17d5          Code  Wk  startup_stm32h750xx.o [1]
EXTI15_10_IRQHandler     0x801'1851          Code  Wk  startup_stm32h750xx.o [1]
EXTI1_IRQHandler         0x801'17d9          Code  Wk  startup_stm32h750xx.o [1]
EXTI2_IRQHandler         0x801'17dd          Code  Wk  startup_stm32h750xx.o [1]
EXTI3_IRQHandler         0x801'17e1          Code  Wk  startup_stm32h750xx.o [1]
EXTI4_IRQHandler         0x801'17e5          Code  Wk  startup_stm32h750xx.o [1]
EXTI9_5_IRQHandler       0x801'1819          Code  Wk  startup_stm32h750xx.o [1]
Error_Handler            0x800'6a11     0x2  Code  Gb  main.o [2]
FATFS_LinkDriver         0x800'ac07     0x4  Code  Gb  ff_gen_drv.o [16]
FATFS_LinkDriverEx       0x800'abcd    0x3a  Code  Gb  ff_gen_drv.o [16]
FDCAN1_IT0_IRQHandler    0x801'1809          Code  Wk  startup_stm32h750xx.o [1]
FDCAN1_IT1_IRQHandler    0x801'1811          Code  Wk  startup_stm32h750xx.o [1]
FDCAN2_IT0_IRQHandler    0x801'180d          Code  Wk  startup_stm32h750xx.o [1]
FDCAN2_IT1_IRQHandler    0x801'1815          Code  Wk  startup_stm32h750xx.o [1]
FDCAN_CAL_IRQHandler     0x801'18a5          Code  Wk  startup_stm32h750xx.o [1]
FLASH_IRQHandler         0x801'17cd          Code  Wk  startup_stm32h750xx.o [1]
FMC_IRQHandler           0x801'186d          Code  Wk  startup_stm32h750xx.o [1]
FPU_IRQHandler           0x801'18dd          Code  Wk  startup_stm32h750xx.o [1]
HAL_ADCEx_Calibration_Start
                         0x800'78fd    0x94  Code  Gb  stm32h7xx_hal_adc_ex.o [12]
HAL_ADCEx_MultiModeConfigChannel
                         0x800'79a1    0xdc  Code  Gb  stm32h7xx_hal_adc_ex.o [12]
HAL_ADC_ConfigChannel    0x800'a0f1   0x338  Code  Gb  stm32h7xx_hal_adc.o [12]
HAL_ADC_ConvCpltCallback
                         0x800'820b    0x36  Code  Gb  freertos.o [2]
HAL_ADC_ConvHalfCpltCallback
                         0x800'ddfb     0x2  Code  Wk  stm32h7xx_hal_adc.o [12]
HAL_ADC_ErrorCallback    0x800'ddf9     0x2  Code  Wk  stm32h7xx_hal_adc.o [12]
HAL_ADC_Init             0x800'9d4f   0x1f6  Code  Gb  stm32h7xx_hal_adc.o [12]
HAL_ADC_MspInit          0x800'7417    0x84  Code  Gb  adc.o [2]
HAL_ADC_Start_DMA        0x800'9f51    0xde  Code  Gb  stm32h7xx_hal_adc.o [12]
HAL_ADC_Stop_DMA         0x800'a04d    0x78  Code  Gb  stm32h7xx_hal_adc.o [12]
HAL_DACEx_ConvCpltCallbackCh2
                         0x801'162f     0x2  Code  Wk  stm32h7xx_hal_dac_ex.o [12]
HAL_DACEx_ConvHalfCpltCallbackCh2
                         0x801'1631     0x2  Code  Wk  stm32h7xx_hal_dac_ex.o [12]
HAL_DACEx_DMAUnderrunCallbackCh2
                         0x800'dce5     0x2  Code  Wk  stm32h7xx_hal_dac_ex.o [12]
HAL_DACEx_ErrorCallbackCh2
                         0x801'1633     0x2  Code  Wk  stm32h7xx_hal_dac_ex.o [12]
HAL_DAC_ConfigChannel    0x800'9099   0x148  Code  Gb  stm32h7xx_hal_dac.o [12]
HAL_DAC_ConvCpltCallbackCh1
                         0x800'dce7     0x2  Code  Wk  stm32h7xx_hal_dac.o [12]
HAL_DAC_ConvHalfCpltCallbackCh1
                         0x800'dce9     0x2  Code  Wk  stm32h7xx_hal_dac.o [12]
HAL_DAC_DMAUnderrunCallbackCh1
                         0x800'dce3     0x2  Code  Wk  stm32h7xx_hal_dac.o [12]
HAL_DAC_ErrorCallbackCh1
                         0x800'dceb     0x2  Code  Wk  stm32h7xx_hal_dac.o [12]
HAL_DAC_IRQHandler       0x800'9003    0x72  Code  Gb  stm32h7xx_hal_dac.o [12]
HAL_DAC_Init             0x800'8e35    0x28  Code  Gb  stm32h7xx_hal_dac.o [12]
HAL_DAC_MspInit          0x800'6ff1    0xa8  Code  Gb  dac.o [2]
HAL_DAC_SetValue         0x800'9075    0x24  Code  Gb  stm32h7xx_hal_dac.o [12]
HAL_DAC_Start            0x800'8e5d    0x66  Code  Gb  stm32h7xx_hal_dac.o [12]
HAL_DAC_Start_DMA        0x800'8ec3    0xf0  Code  Gb  stm32h7xx_hal_dac.o [12]
HAL_DAC_Stop_DMA         0x800'8fb3    0x50  Code  Gb  stm32h7xx_hal_dac.o [12]
HAL_DMA_Abort            0x800'3d69   0x366  Code  Gb  stm32h7xx_hal_dma.o [12]
HAL_DMA_Abort_IT         0x800'4115   0x268  Code  Gb  stm32h7xx_hal_dma.o [12]
HAL_DMA_Init             0x800'368d   0x3a2  Code  Gb  stm32h7xx_hal_dma.o [12]
HAL_DMA_Start_IT         0x800'3a5d   0x282  Code  Gb  stm32h7xx_hal_dma.o [12]
HAL_Delay                0x800'7b71    0x28  Code  Wk  stm32h7xx_hal.o [12]
HAL_GPIO_Init            0x800'6b0d   0x1ee  Code  Gb  stm32h7xx_hal_gpio.o [12]
HAL_GPIO_ReadPin         0x800'6cfb     0xc  Code  Gb  stm32h7xx_hal_gpio.o [12]
HAL_GPIO_TogglePin       0x800'6d0f    0x10  Code  Gb  stm32h7xx_hal_gpio.o [12]
HAL_GPIO_WritePin        0x800'6d07     0x8  Code  Gb  stm32h7xx_hal_gpio.o [12]
HAL_GetREVID             0x800'6d9f     0x8  Code  Gb  stm32h7xx_hal.o [12]
HAL_GetTick              0x800'47d1     0xc  Code  Wk  stm32h7xx_hal.o [12]
HAL_IncTick              0x800'8d75    0x10  Code  Wk  stm32h7xx_hal.o [12]
HAL_Init                 0x800'6d55    0x4a  Code  Gb  stm32h7xx_hal.o [12]
HAL_InitTick             0x800'5b01    0x72  Code  Gb  stm32h7xx_hal_timebase_tim.o [2]
HAL_MspInit              0x800'8ded    0x48  Code  Gb  stm32h7xx_hal_msp.o [2]
HAL_NVIC_EnableIRQ       0x800'5bf9    0x16  Code  Gb  stm32h7xx_hal_cortex.o [12]
HAL_NVIC_SetPriority     0x800'5bbd    0x3a  Code  Gb  stm32h7xx_hal_cortex.o [12]
HAL_NVIC_SetPriorityGrouping
                         0x800'5ba3    0x1a  Code  Gb  stm32h7xx_hal_cortex.o [12]
HAL_PWREx_ConfigSupply   0x800'880d    0x44  Code  Gb  stm32h7xx_hal_pwr_ex.o [12]
HAL_PWR_EnableBkUpAccess
                         0x800'8855     0xc  Code  Gb  stm32h7xx_hal_pwr.o [12]
HAL_QSPI_Init            0x800'b2ad    0x98  Code  Gb  stm32h7xx_hal_qspi.o [12]
HAL_QSPI_MspInit         0x800'771f    0xcc  Code  Gb  quadspi.o [2]
HAL_RCCEx_GetD3PCLK1Freq
                         0x800'52d7     0xa  Code  Gb  stm32h7xx_hal_rcc_ex.o [12]
HAL_RCCEx_GetPLL1ClockFreq
                         0x800'54bd    0x66  Code  Gb  stm32h7xx_hal_rcc_ex.o [12]
HAL_RCCEx_GetPLL2ClockFreq
                         0x800'52f5    0x58  Code  Gb  stm32h7xx_hal_rcc_ex.o [12]
HAL_RCCEx_GetPLL3ClockFreq
                         0x800'534d    0x58  Code  Gb  stm32h7xx_hal_rcc_ex.o [12]
HAL_RCCEx_GetPeriphCLKFreq
                         0x800'4fc9   0x302  Code  Gb  stm32h7xx_hal_rcc_ex.o [12]
HAL_RCCEx_PeriphCLKConfig
                         0x800'47dd   0x7c0  Code  Gb  stm32h7xx_hal_rcc_ex.o [12]
HAL_RCC_ADC12_CLK_ENABLED
                        0x2000'47d0     0x4  Data  Lc  adc.o [2]
HAL_RCC_ClockConfig      0x800'570d   0x1ac  Code  Gb  stm32h7xx_hal_rcc.o [12]
HAL_RCC_GetClockConfig   0x800'5a73    0x4c  Code  Gb  stm32h7xx_hal_rcc.o [12]
HAL_RCC_GetHCLKFreq      0x800'5a13    0x30  Code  Gb  stm32h7xx_hal_rcc.o [12]
HAL_RCC_GetPCLK1Freq     0x800'5a43    0x10  Code  Gb  stm32h7xx_hal_rcc.o [12]
HAL_RCC_GetPCLK2Freq     0x800'5a53     0xe  Code  Gb  stm32h7xx_hal_rcc.o [12]
HAL_RCC_GetSysClockFreq
                         0x800'5915    0xf0  Code  Gb  stm32h7xx_hal_rcc.o [12]
HAL_RCC_OscConfig        0x800'8865   0x510  Code  Wk  stm32h7xx_hal_rcc.o [12]
HAL_RTC_GetDate          0x800'aa83    0x34  Code  Gb  stm32h7xx_hal_rtc.o [12]
HAL_RTC_GetTime          0x800'a9a9    0x3c  Code  Gb  stm32h7xx_hal_rtc.o [12]
HAL_RTC_Init             0x800'a841    0xa0  Code  Gb  stm32h7xx_hal_rtc.o [12]
HAL_RTC_MspInit          0x800'7515    0x42  Code  Gb  rtc.o [2]
HAL_RTC_SetDate          0x800'a9e5    0x9e  Code  Gb  stm32h7xx_hal_rtc.o [12]
HAL_RTC_SetTime          0x800'a8e1    0xc2  Code  Gb  stm32h7xx_hal_rtc.o [12]
HAL_RTC_WaitForSynchro   0x800'aae3    0x2e  Code  Gb  stm32h7xx_hal_rtc.o [12]
HAL_SD_ConfigWideBusOperation
                         0x801'05af   0x180  Code  Gb  stm32h7xx_hal_sd.o [12]
HAL_SD_GetCardCSD        0x801'0201   0x1c6  Code  Gb  stm32h7xx_hal_sd.o [12]
HAL_SD_GetCardInfo       0x801'0589    0x26  Code  Gb  stm32h7xx_hal_sd.o [12]
HAL_SD_GetCardState      0x801'073b    0x28  Code  Gb  stm32h7xx_hal_sd.o [12]
HAL_SD_GetCardStatus     0x801'03d1   0x1a0  Code  Gb  stm32h7xx_hal_sd.o [12]
HAL_SD_Init              0x800'fdb9    0x92  Code  Gb  stm32h7xx_hal_sd.o [12]
HAL_SD_InitCard          0x800'fe4b   0x20c  Code  Gb  stm32h7xx_hal_sd.o [12]
HAL_SD_MspInit           0x800'782f    0x8e  Code  Gb  sdmmc.o [2]
HAL_SD_ReadBlocks_DMA    0x801'0067    0x84  Code  Gb  stm32h7xx_hal_sd.o [12]
HAL_SD_WriteBlocks_DMA   0x801'0113    0x82  Code  Gb  stm32h7xx_hal_sd.o [12]
HAL_SPI_ErrorCallback    0x800'de05     0x2  Code  Wk  stm32h7xx_hal_spi.o [12]
HAL_SPI_IRQHandler       0x800'af9f   0x1de  Code  Gb  stm32h7xx_hal_spi.o [12]
HAL_SPI_Init             0x800'ac11   0x14e  Code  Gb  stm32h7xx_hal_spi.o [12]
HAL_SPI_MspInit          0x800'75fd    0xd6  Code  Gb  spi.o [2]
HAL_SPI_RxCpltCallback   0x800'de01     0x2  Code  Wk  stm32h7xx_hal_spi.o [12]
HAL_SPI_SuspendCallback
                         0x800'ddfd     0x2  Code  Wk  stm32h7xx_hal_spi.o [12]
HAL_SPI_Transmit         0x800'ad6d   0x1a4  Code  Gb  stm32h7xx_hal_spi.o [12]
HAL_SPI_TxCpltCallback   0x800'de03     0x2  Code  Wk  stm32h7xx_hal_spi.o [12]
HAL_SPI_TxRxCpltCallback
                         0x800'ddff     0x2  Code  Wk  stm32h7xx_hal_spi.o [12]
HAL_SYSCFG_DisableVREFBUF
                         0x800'6dab     0x4  Code  Gb  stm32h7xx_hal.o [12]
HAL_SYSCFG_VREFBUF_HighImpedanceConfig
                         0x800'6da7     0x4  Code  Gb  stm32h7xx_hal.o [12]
HAL_TIMEx_Break2Callback
                         0x800'6a33     0x2  Code  Wk  stm32h7xx_hal_tim_ex.o [12]
HAL_TIMEx_BreakCallback
                         0x800'6a31     0x2  Code  Wk  stm32h7xx_hal_tim_ex.o [12]
HAL_TIMEx_CommutCallback
                         0x800'6a37     0x2  Code  Wk  stm32h7xx_hal_tim_ex.o [12]
HAL_TIMEx_MasterConfigSynchronization
                         0x800'6a6d    0x84  Code  Gb  stm32h7xx_hal_tim_ex.o [12]
HAL_TIM_Base_Init        0x800'5c25    0x1a  Code  Gb  stm32h7xx_hal_tim.o [12]
HAL_TIM_Base_MspInit     0x800'65c9    0x80  Code  Gb  tim.o [2]
HAL_TIM_Base_Start       0x800'5c3f    0x76  Code  Gb  stm32h7xx_hal_tim.o [12]
HAL_TIM_Base_Start_IT    0x800'5ce3    0x7e  Code  Gb  stm32h7xx_hal_tim.o [12]
HAL_TIM_Base_Stop        0x800'5cb5    0x2e  Code  Gb  stm32h7xx_hal_tim.o [12]
HAL_TIM_ConfigClockSource
                         0x800'5fc5    0xce  Code  Gb  stm32h7xx_hal_tim.o [12]
HAL_TIM_IC_CaptureCallback
                         0x800'66b7     0x2  Code  Wk  stm32h7xx_hal_tim.o [12]
HAL_TIM_IRQHandler       0x800'5df1   0x15c  Code  Gb  stm32h7xx_hal_tim.o [12]
HAL_TIM_MspPostInit      0x800'6649    0x46  Code  Gb  tim.o [2]
HAL_TIM_OC_ConfigChannel
                         0x800'5f53    0x68  Code  Gb  stm32h7xx_hal_tim.o [12]
HAL_TIM_OC_DelayElapsedCallback
                         0x800'66b9     0x2  Code  Wk  stm32h7xx_hal_tim.o [12]
HAL_TIM_OC_Init          0x800'5d7b    0x18  Code  Gb  stm32h7xx_hal_tim.o [12]
HAL_TIM_OC_MspInit       0x800'66b5     0x2  Code  Wk  stm32h7xx_hal_tim.o [12]
HAL_TIM_PWM_PulseFinishedCallback
                         0x800'6a39     0x2  Code  Wk  stm32h7xx_hal_tim.o [12]
HAL_TIM_PeriodElapsedCallback
                         0x800'69d1     0xe  Code  Gb  main.o [2]
HAL_TIM_TriggerCallback
                         0x800'6a35     0x2  Code  Wk  stm32h7xx_hal_tim.o [12]
HAL_UARTEx_DisableFifoMode
                         0x800'9225    0x3a  Code  Gb  stm32h7xx_hal_uart_ex.o [12]
HAL_UARTEx_ReceiveToIdle_DMA
                         0x800'92c9    0x24  Code  Gb  stm32h7xx_hal_uart_ex.o [12]
HAL_UARTEx_RxEventCallback
                         0x800'8181    0x8a  Code  Gb  freertos.o [2]
HAL_UARTEx_SetRxFifoThreshold
                         0x800'9275    0x14  Code  Gb  stm32h7xx_hal_uart_ex.o [12]
HAL_UARTEx_SetTxFifoThreshold
                         0x800'925f    0x16  Code  Gb  stm32h7xx_hal_uart_ex.o [12]
HAL_UART_ErrorCallback   0x800'ddf7     0x2  Code  Wk  stm32h7xx_hal_uart.o [12]
HAL_UART_Init            0x800'9375    0x34  Code  Gb  stm32h7xx_hal_uart.o [12]
HAL_UART_MspInit         0x800'7185    0xf0  Code  Gb  usart.o [2]
HAL_UART_RxCpltCallback
                         0x800'ddf3     0x2  Code  Wk  stm32h7xx_hal_uart.o [12]
HAL_UART_RxHalfCpltCallback
                         0x800'ddf5     0x2  Code  Wk  stm32h7xx_hal_uart.o [12]
HAL_UART_Transmit        0x800'93ef    0x9a  Code  Gb  stm32h7xx_hal_uart.o [12]
HASH_RNG_IRQHandler      0x801'18d9          Code  Wk  startup_stm32h750xx.o [1]
HEAP$$Base              0x2000'87e0           --   Gb  - Linker created -
HEAP$$Limit             0x2000'a7e0           --   Gb  - Linker created -
HRTIM1_FLT_IRQHandler    0x801'1949          Code  Wk  startup_stm32h750xx.o [1]
HRTIM1_Master_IRQHandler
                         0x801'1931          Code  Wk  startup_stm32h750xx.o [1]
HRTIM1_TIMA_IRQHandler   0x801'1935          Code  Wk  startup_stm32h750xx.o [1]
HRTIM1_TIMB_IRQHandler   0x801'1939          Code  Wk  startup_stm32h750xx.o [1]
HRTIM1_TIMC_IRQHandler   0x801'193d          Code  Wk  startup_stm32h750xx.o [1]
HRTIM1_TIMD_IRQHandler   0x801'1941          Code  Wk  startup_stm32h750xx.o [1]
HRTIM1_TIME_IRQHandler   0x801'1945          Code  Wk  startup_stm32h750xx.o [1]
HSEM1_IRQHandler         0x801'1985          Code  Wk  startup_stm32h750xx.o [1]
HardFault_Handler        0x801'1497     0x2  Code  Gb  stm32h7xx_it.o [2]
I2C1_ER_IRQHandler       0x801'1831          Code  Wk  startup_stm32h750xx.o [1]
I2C1_EV_IRQHandler       0x801'182d          Code  Wk  startup_stm32h750xx.o [1]
I2C2_ER_IRQHandler       0x801'1839          Code  Wk  startup_stm32h750xx.o [1]
I2C2_EV_IRQHandler       0x801'1835          Code  Wk  startup_stm32h750xx.o [1]
I2C3_ER_IRQHandler       0x801'18bd          Code  Wk  startup_stm32h750xx.o [1]
I2C3_EV_IRQHandler       0x801'18b9          Code  Wk  startup_stm32h750xx.o [1]
I2C4_ER_IRQHandler       0x801'1915          Code  Wk  startup_stm32h750xx.o [1]
I2C4_EV_IRQHandler       0x801'1911          Code  Wk  startup_stm32h750xx.o [1]
JPEG_IRQHandler          0x801'1979          Code  Wk  startup_stm32h750xx.o [1]
LCD_Address_Set          0x800'7d83    0x3e  Code  Gb  lcd_init.o [10]
LCD_DrawPoint            0x800'8009    0x16  Code  Gb  lcd.o [10]
LCD_Fill                 0x800'7fcd    0x3c  Code  Gb  lcd.o [10]
LCD_Init                 0x800'7dc1   0x1ee  Code  Gb  lcd_init.o [10]
LCD_ShowChar             0x800'801f   0x11e  Code  Gb  lcd.o [10]
LCD_ShowString           0x800'813d    0x38  Code  Gb  lcd.o [10]
LCD_WR_DATA              0x800'7d49    0x12  Code  Gb  lcd_init.o [10]
LCD_WR_DATA8             0x800'7d47     0x2  Code  Gb  lcd_init.o [10]
LCD_WR_REG               0x800'7d5b    0x28  Code  Gb  lcd_init.o [10]
LCD_Writ_Bus             0x800'7d35    0x12  Code  Gb  lcd_init.o [10]
LED_Init                 0x800'7a99    0x14  Code  Gb  UserInteraction.o [14]
LL_ADC_REG_IsTriggerSourceSWStart
                         0x800'9d1d     0xe  Code  Lc  stm32h7xx_hal_adc.o [12]
LL_ADC_SetChannelSamplingTime
                         0x800'9d2b    0x24  Code  Lc  stm32h7xx_hal_adc.o [12]
LPTIM1_IRQHandler        0x801'1909          Code  Wk  startup_stm32h750xx.o [1]
LPTIM2_IRQHandler        0x801'19b5          Code  Wk  startup_stm32h750xx.o [1]
LPTIM3_IRQHandler        0x801'19b9          Code  Wk  startup_stm32h750xx.o [1]
LPTIM4_IRQHandler        0x801'19bd          Code  Wk  startup_stm32h750xx.o [1]
LPTIM5_IRQHandler        0x801'19c1          Code  Wk  startup_stm32h750xx.o [1]
LPUART1_IRQHandler       0x801'19c5          Code  Wk  startup_stm32h750xx.o [1]
LTDC_ER_IRQHandler       0x801'18f9          Code  Wk  startup_stm32h750xx.o [1]
LTDC_IRQHandler          0x801'18f5          Code  Wk  startup_stm32h750xx.o [1]
MDIOS_IRQHandler         0x801'1975          Code  Wk  startup_stm32h750xx.o [1]
MDIOS_WKUP_IRQHandler    0x801'1971          Code  Wk  startup_stm32h750xx.o [1]
MDMA_IRQHandler          0x801'197d          Code  Wk  startup_stm32h750xx.o [1]
MX_ADC1_Init             0x800'72bd    0x76  Code  Gb  adc.o [2]
MX_ADC2_Init             0x800'7333    0x48  Code  Gb  adc.o [2]
MX_ADC3_Init             0x800'739b    0x64  Code  Gb  adc.o [2]
MX_DAC1_Init             0x800'6f99    0x58  Code  Gb  dac.o [2]
MX_DMA_Init              0x800'6f79    0x20  Code  Gb  dma.o [2]
MX_FATFS_Init            0x800'7565    0x10  Code  Gb  fatfs.o [3]
MX_FREERTOS_Init         0x800'8251    0x74  Code  Gb  freertos.o [2]
MX_FREERTOS_Init::os_thread_def_analyze_Task
                         0x800'8648    0x1c  Data  Lc  freertos.o [2]
MX_FREERTOS_Init::os_thread_def_cJSON_Task
                         0x800'862c    0x1c  Data  Lc  freertos.o [2]
MX_FREERTOS_Init::os_thread_def_default_Task
                         0x800'85d8    0x1c  Data  Lc  freertos.o [2]
MX_FREERTOS_Init::os_thread_def_sysLED_Task
                         0x800'85f4    0x1c  Data  Lc  freertos.o [2]
MX_FREERTOS_Init::os_thread_def_sysTemp_Task
                         0x800'8664    0x1c  Data  Lc  freertos.o [2]
MX_FREERTOS_Init::os_thread_def_sysTime_Task
                         0x800'8610    0x1c  Data  Lc  freertos.o [2]
MX_GPIO_Init             0x800'6ddd   0x162  Code  Gb  gpio.o [2]
MX_QUADSPI_Init          0x800'76f1    0x2e  Code  Gb  quadspi.o [2]
MX_RTC_Init              0x800'74e9    0x2c  Code  Gb  rtc.o [2]
MX_SDMMC1_SD_Init        0x800'7815    0x1a  Code  Gb  sdmmc.o [2]
MX_SPI1_Init             0x800'757d    0x1e  Code  Gb  spi.o [2]
MX_SPI4_Init             0x800'759b    0x20  Code  Gb  spi.o [2]
MX_TIM3_Init             0x800'6481    0x9e  Code  Gb  tim.o [2]
MX_TIM4_Init             0x800'651f    0x60  Code  Gb  tim.o [2]
MX_TIM6_Init             0x800'657f    0x3a  Code  Gb  tim.o [2]
MX_UART4_Init            0x800'70b1    0x34  Code  Gb  usart.o [2]
MX_USART1_UART_Init      0x800'70e5    0x34  Code  Gb  usart.o [2]
MX_USART2_UART_Init      0x800'7151    0x34  Code  Gb  usart.o [2]
MX_USB_OTG_FS_USB_Init   0x800'78d1     0x2  Code  Gb  usb_otg.o [2]
MemManage_Handler        0x801'1499     0x2  Code  Gb  stm32h7xx_it.o [2]
NMI_Handler              0x801'1495     0x2  Code  Gb  stm32h7xx_it.o [2]
OTG_FS_EP1_IN_IRQHandler
                         0x801'1921          Code  Wk  startup_stm32h750xx.o [1]
OTG_FS_EP1_OUT_IRQHandler
                         0x801'191d          Code  Wk  startup_stm32h750xx.o [1]
OTG_FS_IRQHandler        0x801'1929          Code  Wk  startup_stm32h750xx.o [1]
OTG_FS_WKUP_IRQHandler   0x801'1925          Code  Wk  startup_stm32h750xx.o [1]
OTG_HS_EP1_IN_IRQHandler
                         0x801'18c5          Code  Wk  startup_stm32h750xx.o [1]
OTG_HS_EP1_OUT_IRQHandler
                         0x801'18c1          Code  Wk  startup_stm32h750xx.o [1]
OTG_HS_IRQHandler        0x801'18cd          Code  Wk  startup_stm32h750xx.o [1]
OTG_HS_WKUP_IRQHandler   0x801'18c9          Code  Wk  startup_stm32h750xx.o [1]
PVD_AVD_IRQHandler       0x801'17c1          Code  Wk  startup_stm32h750xx.o [1]
PendSV_Handler           0x800'e7f5          Code  Gb  portasm.o [17]
PeriphCommonClock_Config
                         0x800'6969    0x68  Code  Gb  main.o [2]
QSPI_WaitFlagStateUntilTimeout
                         0x800'b355    0x4a  Code  Lc  stm32h7xx_hal_qspi.o [12]
QUADSPI_IRQHandler       0x801'1905          Code  Wk  startup_stm32h750xx.o [1]
RCCEx_PLL2_Config        0x800'553d    0xac  Code  Lc  stm32h7xx_hal_rcc_ex.o [12]
RCCEx_PLL3_Config        0x800'55e9    0xac  Code  Lc  stm32h7xx_hal_rcc_ex.o [12]
RCC_IRQHandler           0x801'17d1          Code  Wk  startup_stm32h750xx.o [1]
RTC_Alarm_IRQHandler     0x801'1855          Code  Wk  startup_stm32h750xx.o [1]
RTC_ByteToBcd2           0x800'abb5    0x16  Code  Gb  stm32h7xx_hal_rtc.o [12]
RTC_EnterInitMode        0x800'ab11    0x42  Code  Gb  stm32h7xx_hal_rtc.o [12]
RTC_ExitInitMode         0x800'ab53    0x4c  Code  Gb  stm32h7xx_hal_rtc.o [12]
RTC_WKUP_IRQHandler      0x801'17c9          Code  Wk  startup_stm32h750xx.o [1]
Region$$Table$$Base      0x801'16a8           --   Gb  - Linker created -
Region$$Table$$Limit     0x801'16d0           --   Gb  - Linker created -
Relay_Init               0x800'7ab5    0x22  Code  Gb  UserInteraction.o [14]
Relay_Off                0x800'7b1d    0x42  Code  Gb  UserInteraction.o [14]
Relay_On                 0x800'7ad9    0x42  Code  Gb  UserInteraction.o [14]
Reset_Handler            0x801'178d          Code  Wk  startup_stm32h750xx.o [1]
SAI1_IRQHandler          0x801'18f1          Code  Wk  startup_stm32h750xx.o [1]
SAI2_IRQHandler          0x801'1901          Code  Wk  startup_stm32h750xx.o [1]
SAI3_IRQHandler          0x801'195d          Code  Wk  startup_stm32h750xx.o [1]
SAI4_IRQHandler          0x801'19d1          Code  Wk  startup_stm32h750xx.o [1]
SDMMC1_IRQHandler        0x801'1871          Code  Wk  startup_stm32h750xx.o [1]
SDMMC2_IRQHandler        0x801'1981          Code  Wk  startup_stm32h750xx.o [1]
SDMMC_CmdAppCommand      0x801'0a45    0x16  Code  Gb  stm32h7xx_ll_sdmmc.o [12]
SDMMC_CmdAppOperCommand
                         0x801'0a5b     0xc  Code  Gb  stm32h7xx_ll_sdmmc.o [12]
SDMMC_CmdBlockLength     0x801'092d    0x16  Code  Gb  stm32h7xx_ll_sdmmc.o [12]
SDMMC_CmdBusWidth        0x801'0a67     0x4  Code  Gb  stm32h7xx_ll_sdmmc.o [12]
SDMMC_CmdGoIdleState     0x801'09cd    0x52  Code  Gb  stm32h7xx_ll_sdmmc.o [12]
SDMMC_CmdOperCond        0x801'0a1f    0x26  Code  Gb  stm32h7xx_ll_sdmmc.o [12]
SDMMC_CmdReadMultiBlock
                         0x801'0959    0x16  Code  Gb  stm32h7xx_ll_sdmmc.o [12]
SDMMC_CmdReadSingleBlock
                         0x801'0943    0x16  Code  Gb  stm32h7xx_ll_sdmmc.o [12]
SDMMC_CmdSelDesel        0x801'09b7    0x16  Code  Gb  stm32h7xx_ll_sdmmc.o [12]
SDMMC_CmdSendCID         0x801'0a7d    0x18  Code  Gb  stm32h7xx_ll_sdmmc.o [12]
SDMMC_CmdSendCSD         0x801'0a9f    0x1a  Code  Gb  stm32h7xx_ll_sdmmc.o [12]
SDMMC_CmdSendSCR         0x801'0a6b    0x12  Code  Gb  stm32h7xx_ll_sdmmc.o [12]
SDMMC_CmdSendStatus      0x801'0aff    0x16  Code  Gb  stm32h7xx_ll_sdmmc.o [12]
SDMMC_CmdSetRelAdd       0x801'0acb    0x2c  Code  Gb  stm32h7xx_ll_sdmmc.o [12]
SDMMC_CmdStatusRegister
                         0x801'0b15    0x12  Code  Gb  stm32h7xx_ll_sdmmc.o [12]
SDMMC_CmdWriteMultiBlock
                         0x801'0985    0x16  Code  Gb  stm32h7xx_ll_sdmmc.o [12]
SDMMC_CmdWriteSingleBlock
                         0x801'096f    0x16  Code  Gb  stm32h7xx_ll_sdmmc.o [12]
SDMMC_ConfigData         0x801'0901    0x26  Code  Gb  stm32h7xx_ll_sdmmc.o [12]
SDMMC_GetCmdResp1        0x801'0b6b   0x116  Code  Gb  stm32h7xx_ll_sdmmc.o [12]
SDMMC_GetCmdResp2        0x801'0c81    0x32  Code  Gb  stm32h7xx_ll_sdmmc.o [12]
SDMMC_GetCmdResp3        0x801'0cb3    0x2c  Code  Gb  stm32h7xx_ll_sdmmc.o [12]
SDMMC_GetCmdResp6        0x801'0d03    0x84  Code  Gb  stm32h7xx_ll_sdmmc.o [12]
SDMMC_GetCmdResp7        0x801'0da1    0x3e  Code  Gb  stm32h7xx_ll_sdmmc.o [12]
SDMMC_GetPowerState      0x801'08cf     0x8  Code  Gb  stm32h7xx_ll_sdmmc.o [12]
SDMMC_GetResponse        0x801'08fb     0x6  Code  Gb  stm32h7xx_ll_sdmmc.o [12]
SDMMC_Init               0x801'0899    0x26  Code  Gb  stm32h7xx_ll_sdmmc.o [12]
SDMMC_PowerState_ON      0x801'08c1     0x8  Code  Gb  stm32h7xx_ll_sdmmc.o [12]
SDMMC_ReadFIFO           0x801'08bf     0x2  Code  Gb  stm32h7xx_ll_sdmmc.o [12]
SDMMC_SendCommand        0x801'08d7    0x24  Code  Gb  stm32h7xx_ll_sdmmc.o [12]
SDPath                  0x2000'47c4     0x4  Data  Gb  fatfs.o [3]
SDQueueID               0x2000'001c     0x4  Data  Lc  sd_diskio.o [4]
SD_CheckStatus           0x801'113d    0x1a  Code  Lc  sd_diskio.o [4]
SD_CheckStatusWithTimeout
                         0x801'1119    0x24  Code  Lc  sd_diskio.o [4]
SD_Driver                0x801'1738    0x14  Data  Gb  sd_diskio.o [4]
SD_FindSCR               0x801'076b    0xe6  Code  Lc  stm32h7xx_hal_sd.o [12]
SD_initialize            0x801'1159    0x44  Code  Gb  sd_diskio.o [4]
SD_initialize{1}{2}{4}{5}{6}{7}::os_messageQ_def_SD_Queue
[...]
__basic_malloc           0x801'0de5    0x18  Code  Gb  heap0.o [18]
__basic_malloc_intern    0x801'0dfd    0x94  Code  Lc  heap0.o [18]
__basic_realloc          0x801'0f53   0x174  Code  Gb  heap0.o [18]
__cmain                  0x801'16d1          Code  Gb  cmain.o [20]
__data_GetMemChunk       0x801'10cd    0x2c  Code  Gb  xgetmemchunk.o [18]
__data_GetMemChunk::start
                        0x2000'47d8     0x4  Data  Lc  xgetmemchunk.o [18]
__exit                   0x800'fb01    0x14  Code  Gb  exit.o [21]
__iar_Fail_s             0x800'de21    0x1c  Code  Gb  xfail_s.o [18]
__iar_Memchr             0x800'de75          Code  Gb  memchr.o [20]
__iar_Memset             0x800'8d85          Code  Gb  ABImemset.o [20]
__iar_Memset4_word       0x800'dcb1          Code  Gb  ABImemset48.o [20]
__iar_Memset8_word       0x800'dcb1          Code  Gb  ABImemset48.o [20]
__iar_Memset_word        0x800'8d8d          Code  Gb  ABImemset.o [20]
__iar_Sin64              0x800'c24d   0x21e  Code  Lc  cos_sin64.o [19]
__iar_Stdout            0x2000'00b4    0x48  Data  Gb  xfiles.o [18]
__iar_Sto                0x800'e759     0x4  Code  Lc  strto64.o [19]
__iar_Sto64              0x800'e635    0xec  Code  Gb  strto64.o [19]
__iar_Stoflt             0x800'e9c9   0x1b8  Code  Gb  iar_Stoflt.o [18]
__iar_Stollx             0x800'fd0d    0xa4  Code  Gb  iar_Stollx.o [18]
__iar_Stopfx             0x800'e8a5   0x122  Code  Gb  iar_Stopfx.o [18]
__iar_Stoullx            0x800'fb59   0x1a4  Code  Gb  iar_Stoullx.o [18]
__iar_Stoxflt            0x800'eb81   0x1d4  Code  Gb  iar_Stoxflt.o [18]
__iar_Stoxflt::digits    0x800'ed58    0x18  Data  Lc  iar_Stoxflt.o [18]
__iar_Stoxflt::vals      0x800'ed70    0x18  Data  Lc  iar_Stoxflt.o [18]
__iar_Strchr             0x800'de09          Code  Gb  strchr.o [20]
__iar_data_init3         0x801'165d    0x28  Code  Gb  data_init.o [20]
__iar_frexp              0x800'df09          Code  Gb  frexp.o [19]
__iar_frexp64            0x800'dee5          Code  Gb  frexp.o [19]
__iar_frexpl             0x800'df09          Code  Gb  frexp.o [19]
__iar_globLocale        0x2000'006c    0x48  Data  Lc  xlocale_c.o [18]
__iar_global_Locale      0x800'e185     0x4  Code  Gb  xlocale_c.o [18]
__iar_init_vfp           0x801'1685          Code  Gb  fpinit_M.o [19]
__iar_ldexp64            0x800'dfe9          Code  Gb  ldexp.o [19]
__iar_lz77_init_single3
                         0x800'66bb    0x7e  Code  Gb  lz77_init_single.o [20]
__iar_program_start      0x801'1705          Code  Gb  cstartup_M.o [20]
__iar_scalbln64          0x800'dfe9          Code  Gb  ldexp.o [19]
__iar_scalbn64           0x800'dfe9          Code  Gb  ldexp.o [19]
__iar_sin64              0x800'c51d     0x4  Code  Gb  cos_sin64.o [19]
__iar_sin_medium         0x800'c51d     0x4  Code  Gb  cos_sin64.o [19]
__iar_sin_medium64       0x800'c51d     0x4  Code  Gb  cos_sin64.o [19]
__iar_sin_mediuml        0x800'c51d     0x4  Code  Gb  cos_sin64.o [19]
__iar_small_Memcpy       0x800'ded1          Code  Gb  ABImemcpy_small.o [20]
__iar_small_memcpy       0x800'decd          Code  Gb  ABImemcpy_small.o [20]
__iar_small_memcpy4      0x800'decd          Code  Gb  ABImemcpy_small.o [20]
__iar_small_memcpy8      0x800'decd          Code  Gb  ABImemcpy_small.o [20]
__iar_small_memmove      0x801'10f9          Code  Gb  ABImemmove_small.o [20]
__iar_small_memmove4     0x801'10f9          Code  Gb  ABImemmove_small.o [20]
__iar_small_memmove8     0x801'10f9          Code  Gb  ABImemmove_small.o [20]
__iar_small_strlen       0x800'de61          Code  Gb  strlen_small.o [20]
__iar_small_uldivmod     0x800'dced          Code  Gb  I64DivMod_small.o [20]
__iar_softfp___iar_Sto64
                         0x800'fb43     0x8  Code  Gb  math_wrappers64.o [19]
__iar_softfp___iar_frexp64
                         0x800'defd          Code  Gb  frexp.o [19]
__iar_softfp___iar_ldexp64
                         0x800'dfd5          Code  Gb  ldexp.o [19]
__iar_softfp___iar_scalbln64
                         0x800'dfd5          Code  Gb  ldexp.o [19]
__iar_softfp___iar_scalbn64
                         0x800'dfd5          Code  Gb  ldexp.o [19]
__iar_softfp_frexp       0x800'defd          Code  Gb  frexp.o [19]
__iar_softfp_frexpl      0x800'defd          Code  Gb  frexp.o [19]
__iar_softfp_ldexp       0x800'dfd5          Code  Gb  ldexp.o [19]
__iar_softfp_ldexpl      0x800'dfd5          Code  Gb  ldexp.o [19]
__iar_softfp_scalbln     0x800'dfd5          Code  Gb  ldexp.o [19]
__iar_softfp_scalblnl    0x800'dfd5          Code  Gb  ldexp.o [19]
__iar_softfp_scalbn      0x800'dfd5          Code  Gb  ldexp.o [19]
__iar_softfp_scalbnl     0x800'dfd5          Code  Gb  ldexp.o [19]
__iar_zero_init3         0x801'15c5    0x38  Code  Gb  zero_init3.o [20]
__isinf                  0x800'e761    0x24  Code  Wk  cJSON.o [15]
__low_level_init         0x801'16ef     0x4  Code  Gb  low_level_init.o [18]
__vector_table           0x800'0000          Data  Gb  startup_stm32h750xx.o [1]
__write                  0x801'1595    0x30  Code  Gb  write.o [2]
_call_main               0x801'16dd          Code  Gb  cmain.o [20]
_exit                    0x801'16f9          Code  Gb  cexit.o [20]
abort                    0x800'e7c3     0x6  Code  Gb  abort.o [18]
analyze_TaskHandle      0x2000'4798     0x4  Data  Gb  freertos.o [2]
ascii_1206               0x800'0298   0x474  Data  Gb  lcd.o [10]
ascii_1608               0x800'070c   0x5f0  Data  Gb  lcd.o [10]
ascii_2412               0x800'0cfc  0x11d0  Data  Gb  lcd.o [10]
ascii_3216               0x800'1ecc  0x17c0  Data  Gb  lcd.o [10]
buffer_skip_whitespace   0x800'd12d    0x32  Code  Lc  cJSON.o [15]
cJSON_Delete             0x800'ccef    0x42  Code  Gb  cJSON.o [15]
cJSON_GetObjectItem      0x800'd979     0x4  Code  Gb  cJSON.o [15]
cJSON_InitHooks          0x800'cc99    0x3e  Code  Gb  cJSON.o [15]
cJSON_New_Item           0x800'ccd7    0x18  Code  Lc  cJSON.o [15]
cJSON_Parse              0x800'd24b     0x6  Code  Gb  cJSON.o [15]
cJSON_ParseWithLengthOpts
                         0x800'd17d    0xce  Code  Gb  cJSON.o [15]
cJSON_ParseWithOpts      0x800'd15f    0x1e  Code  Gb  cJSON.o [15]
cJSON_Print              0x800'd2ef     0x8  Code  Gb  cJSON.o [15]
cJSON_TaskHandle        0x2000'4794     0x4  Data  Gb  freertos.o [2]
compare_double           0x800'cdd1    0x38  Code  Lc  cJSON.o [15]
configureTimerForRunTimeStats
                         0x800'e45d     0x2  Code  Wk  freertos.o [2]
default_TaskHandle      0x2000'4788     0x4  Data  Gb  freertos.o [2]
digits                   0x801'146c    0x28  Data  Lc  iar_Stoullx.o [18]
disk                    0x2000'47b4     0xc  Data  Gb  ff_gen_drv.o [16]
ensure                   0x800'cd31    0x84  Code  Lc  cJSON.o [15]
exit                     0x801'16f3     0x4  Code  Gb  exit.o [18]
free                     0x801'17b5     0x4  Code  Gb  heaptramp0.o [18]
frexp                    0x800'dee5          Code  Gb  frexp.o [19]
frexpl                   0x800'dee5          Code  Gb  frexp.o [19]
getRunTimeCounterValue   0x800'e45f     0x4  Code  Wk  freertos.o [2]
get_object_item          0x800'd909    0x70  Code  Lc  cJSON.o [15]
global_error            0x2000'000c     0x8  Data  Lc  cJSON.o [15]
global_hooks            0x2000'0000     0xc  Data  Lc  cJSON.o [15]
hadc1                   0x2000'4468    0x64  Data  Gb  adc.o [2]
hadc2                   0x2000'44cc    0x64  Data  Gb  adc.o [2]
hadc3                   0x2000'4530    0x64  Data  Gb  adc.o [2]
hdac1                   0x2000'47a0    0x14  Data  Gb  dac.o [2]
hdma_dac1_ch2           0x2000'43f0    0x78  Data  Gb  dac.o [2]
hqspi                   0x2000'45e4    0x4c  Data  Gb  quadspi.o [2]
hrtc                    0x2000'4760    0x24  Data  Gb  rtc.o [2]
hsd1                    0x2000'4374    0x7c  Data  Gb  sdmmc.o [2]
hspi1                   0x2000'4264    0x88  Data  Gb  spi.o [2]
hspi4                   0x2000'42ec    0x88  Data  Gb  spi.o [2]
htim1                   0x2000'4630    0x4c  Data  Gb  stm32h7xx_hal_timebase_tim.o [2]
htim3                   0x2000'467c    0x4c  Data  Gb  tim.o [2]
htim4                   0x2000'46c8    0x4c  Data  Gb  tim.o [2]
htim6                   0x2000'4714    0x4c  Data  Gb  tim.o [2]
huart1                  0x2000'40b0    0x94  Data  Gb  usart.o [2]
huart2                  0x2000'4144    0x94  Data  Gb  usart.o [2]
huart4                  0x2000'401c    0x94  Data  Gb  usart.o [2]
isalpha                  0x800'fb29    0x14  Code  Gb  isalpha.o [18]
isspace                  0x800'fb15    0x14  Code  Gb  isspace.o [18]
ldexp                    0x800'dfe9          Code  Gb  ldexp.o [19]
ldexpl                   0x800'dfe9          Code  Gb  ldexp.o [19]
localeconv               0x800'e189     0x4  Code  Gb  xlocale_c.o [18]
main                     0x800'6739   0x132  Code  Gb  main.o [2]
makeFreeRtosPriority     0x800'8681     0xc  Code  Lc  cmsis_os.o [17]
memchr                   0x800'de75          Code  Gb  memchr.o [20]
memset                   0x800'6a3b    0x14  Code  Gb  memset.o [20]
ndigs                    0x801'1444    0x28  Data  Lc  iar_Stoullx.o [18]
obuf                    0x2000'4594    0x50  Data  Lc  xfiles.o [18]
osDelay                  0x800'8717     0xe  Code  Gb  cmsis_os.o [17]
osKernelRunning          0x800'8697    0x12  Code  Gb  cmsis_os.o [17]
osKernelStart            0x800'868d     0xa  Code  Gb  cmsis_os.o [17]
osKernelSysTick          0x800'86a9    0x10  Code  Gb  cmsis_os.o [17]
osMessageCreate          0x800'8739    0x2a  Code  Gb  cmsis_os.o [17]
osMessageGet             0x800'8763    0x68  Code  Gb  cmsis_os.o [17]
osThreadCreate           0x800'86b9    0x5e  Code  Gb  cmsis_os.o [17]
parse_hex4               0x800'ce09    0x44  Code  Lc  cJSON.o [15]
parse_string             0x800'ce4d   0x1b6  Code  Lc  cJSON.o [15]
parse_value              0x800'd301   0x282  Code  Lc  cJSON.o [15]
pows                     0x801'1508    0x48  Data  Lc  strto64.o [19]
print                    0x800'd251    0x9e  Code  Lc  cJSON.o [15]
print_string_ptr         0x800'd00d   0x116  Code  Lc  cJSON.o [15]
print_value              0x800'd5e1   0x2ee  Code  Lc  cJSON.o [15]
printf                   0x800'78d5    0x28  Code  Gb  printf.o [18]
prvAddCurrentTaskToDelayedList
                         0x800'cc25    0x5e  Code  Lc  tasks.o [17]
prvAddNewTaskToReadyList
                         0x800'c64b    0xb2  Code  Lc  tasks.o [17]
prvCopyDataFromQueue     0x800'dc01    0x26  Code  Lc  queue.o [17]
prvDeleteTCB             0x800'caa5    0x22  Code  Lc  tasks.o [17]
prvIdleTask              0x800'ca41    0x44  Code  Lc  tasks.o [17]
prvInitialiseNewQueue    0x800'da87    0x20  Code  Lc  queue.o [17]
prvInitialiseNewTask     0x800'c5b9    0x92  Code  Lc  tasks.o [17]
prvInsertBlockIntoFreeList
                         0x800'e2b1    0x46  Code  Lc  heap_4.o [17]
prvIsQueueEmpty          0x800'dc8f    0x16  Code  Lc  queue.o [17]
prvResetNextTaskUnblockTime
                         0x800'cac7    0x1c  Code  Lc  tasks.o [17]
prvTaskExitError         0x800'e3b9    0x10  Code  Lc  port.o [17]
prvUnlockQueue           0x800'dc27    0x68  Code  Lc  queue.o [17]
putchar                  0x801'1551    0x44  Code  Gb  putchar.o [18]
pvPortMalloc             0x800'e195    0xdc  Code  Gb  heap_4.o [17]
pxCurrentTCB            0x2000'3fa4     0x4  Data  Gb  tasks.o [17]
pxDelayedTaskList       0x2000'3fa8     0x4  Data  Lc  tasks.o [17]
pxEnd                   0x2000'0104     0x4  Data  Lc  heap_4.o [17]
pxOverflowDelayedTaskList
                        0x2000'3fac     0x4  Data  Lc  tasks.o [17]
pxPortInitialiseStack    0x800'e391    0x26  Code  Gb  port.o [17]
pxReadyTasksLists       0x2000'41d8    0x8c  Data  Lc  tasks.o [17]
ranmatch                 0x800'f8af    0x46  Code  Lc  xscanffull_nomb.o [18]
realloc                  0x801'17b9     0x4  Code  Gb  heaptramp0.o [18]
retSD                   0x2000'47c0     0x1  Data  Gb  fatfs.o [3]
scalbln                  0x800'dfe9          Code  Gb  ldexp.o [19]
scalblnl                 0x800'dfe9          Code  Gb  ldexp.o [19]
scalbn                   0x800'dfe9          Code  Gb  ldexp.o [19]
scalbnl                  0x800'dfe9          Code  Gb  ldexp.o [19]
scale                    0x800'c17d    0x46  Code  Lc  xprintffull_nomb.o [18]
sec_hand                0x2000'47d4     0x4  Data  Lc  xfail_s.o [18]
sin                      0x800'c51d     0x4  Code  Gb  cos_sin64.o [19]
sinl                     0x800'c51d     0x4  Code  Gb  cos_sin64.o [19]
sprintf                  0x800'd981    0x40  Code  Gb  sprintf.o [18]
sscanf                   0x800'e785    0x28  Code  Gb  sscanf.o [18]
strchr                   0x800'de09          Code  Gb  strchr.o [20]
strcmp                   0x800'd9c1          Code  Gb  strcmp.o [20]
strncmp                  0x800'e46b    0x2a  Code  Gb  strncmp.o [18]
strtod                   0x800'e75d     0x4  Code  Gb  strto64.o [19]
strtold                  0x800'e75d     0x4  Code  Gb  strto64.o [19]
strtoll                  0x800'fdb1     0x2  Code  Gb  iar_Stollx.o [18]
strtoull                 0x800'fd05     0x2  Code  Gb  iar_Stoullx.o [18]
sysLED_TaskHandle       0x2000'478c     0x4  Data  Gb  freertos.o [2]
sysTemp_TaskHandle      0x2000'479c     0x4  Data  Gb  freertos.o [2]
sysTime_TaskHandle      0x2000'4790     0x4  Data  Gb  freertos.o [2]
tolower                  0x800'e7ad    0x14  Code  Gb  tolower.o [18]
ucHeap                  0x2000'011c  0x3c00  Data  Lc  heap_4.o [17]
ulTaskSwitchedInTime    0x2000'3ff0     0x4  Data  Lc  tasks.o [17]
update_offset            0x800'cdb5    0x1a  Code  Lc  cJSON.o [15]
uwTick                  0x2000'0024     0x4  Data  Gb  stm32h7xx_hal.o [12]
uwTickFreq              0x2000'0020     0x1  Data  Gb  stm32h7xx_hal.o [12]
uwTickPrio              0x2000'0028     0x4  Data  Gb  stm32h7xx_hal.o [12]
uxCriticalNesting       0x2000'0014     0x4  Data  Lc  port.o [17]
uxCurrentNumberOfTasks  0x2000'3fc8     0x4  Data  Lc  tasks.o [17]
uxDeletedTasksWaitingCleanUp
                        0x2000'3fb0     0x4  Data  Lc  tasks.o [17]
uxListRemove             0x800'e369    0x28  Code  Gb  list.o [17]
uxSchedulerSuspended    0x2000'3fec     0x4  Data  Lc  tasks.o [17]
uxTaskNumber            0x2000'3fe4     0x4  Data  Lc  tasks.o [17]
uxTopReadyPriority      0x2000'3fd0     0x4  Data  Lc  tasks.o [17]
vApplicationGetIdleTaskMemory
                         0x800'8241    0x10  Code  Gb  freertos.o [2]
vListInitialise          0x800'e2fd    0x1a  Code  Gb  list.o [17]
vListInitialiseItem      0x800'e317     0x6  Code  Gb  list.o [17]
vListInsert              0x800'e337    0x32  Code  Gb  list.o [17]
vListInsertEnd           0x800'e31d    0x1a  Code  Gb  list.o [17]
vPortEnableVFP           0x800'e889          Code  Gb  portasm.o [17]
vPortEnterCritical       0x800'e3fd    0x18  Code  Gb  port.o [17]
vPortExitCritical        0x800'e415    0x10  Code  Gb  port.o [17]
vPortFree                0x800'e271    0x40  Code  Gb  heap_4.o [17]
vPortSetupTimerInterrupt
                         0x800'e7c9    0x2c  Code  Wk  port.o [17]
vPortStartFirstTask      0x800'e869          Code  Gb  portasm.o [17]
vTaskDelay               0x800'c707    0x20  Code  Gb  tasks.o [17]
vTaskInternalSetTimeOutState
                         0x800'c9dd     0xe  Code  Gb  tasks.o [17]
vTaskMissedYield         0x800'ca37     0xa  Code  Gb  tasks.o [17]
vTaskPlaceOnEventList    0x800'c96d    0x14  Code  Gb  tasks.o [17]
vTaskStartScheduler      0x800'c749    0x58  Code  Gb  tasks.o [17]
vTaskSuspendAll          0x800'c7a9     0xc  Code  Gb  tasks.o [17]
vTaskSwitchContext       0x800'c917    0x56  Code  Gb  tasks.o [17]
xBlockAllocatedBit      0x2000'0118     0x4  Data  Lc  heap_4.o [17]
xDelayedTaskList1       0x2000'3ff4    0x14  Data  Lc  tasks.o [17]
xDelayedTaskList2       0x2000'4008    0x14  Data  Lc  tasks.o [17]
xFreeBytesRemaining     0x2000'0108     0x4  Data  Lc  heap_4.o [17]
xIdleStack              0x2000'3d7c   0x200  Data  Lc  freertos.o [2]
xIdleTaskTCBBuffer      0x2000'3d1c    0x60  Data  Lc  freertos.o [2]
xMinimumEverFreeBytesRemaining
                        0x2000'010c     0x4  Data  Lc  heap_4.o [17]
xNextTaskUnblockTime    0x2000'3fe8     0x4  Data  Lc  tasks.o [17]
xNumOfOverflows         0x2000'3fe0     0x4  Data  Lc  tasks.o [17]
xNumberOfSuccessfulAllocations
                        0x2000'0110     0x4  Data  Lc  heap_4.o [17]
xNumberOfSuccessfulFrees
                        0x2000'0114     0x4  Data  Lc  heap_4.o [17]
xPendedTicks            0x2000'3fd8     0x4  Data  Lc  tasks.o [17]
xPendingReadyList       0x2000'3f7c    0x14  Data  Lc  tasks.o [17]
xPortStartScheduler      0x800'e3c9    0x34  Code  Gb  port.o [17]
xQueueGenericCreate      0x800'da57    0x30  Code  Gb  queue.o [17]
xQueueGenericCreateStatic
                         0x800'da3f    0x18  Code  Gb  queue.o [17]
xQueueGenericReset       0x800'd9d5    0x6a  Code  Gb  queue.o [17]
xQueueReceive            0x800'daa7    0xe4  Code  Gb  queue.o [17]
xQueueReceiveFromISR     0x800'dbab    0x56  Code  Gb  queue.o [17]
xSchedulerRunning       0x2000'3fd4     0x4  Data  Lc  tasks.o [17]
xStart                  0x2000'00fc     0x8  Data  Lc  heap_4.o [17]
xSuspendedTaskList      0x2000'3fb4    0x14  Data  Lc  tasks.o [17]
xTaskCheckForTimeOut     0x800'c9eb    0x4c  Code  Gb  tasks.o [17]
xTaskCreate              0x800'c55d    0x5c  Code  Gb  tasks.o [17]
xTaskCreateStatic        0x800'c521    0x3c  Code  Gb  tasks.o [17]
xTaskGenericNotifyFromISR
                         0x800'cb89    0x88  Code  Gb  tasks.o [17]
xTaskGetSchedulerState   0x800'cae3    0x18  Code  Gb  tasks.o [17]
xTaskGetTickCount        0x800'c84b     0x2  Code  Gb  tasks.o [17]
xTaskGetTickCountFromISR
                         0x800'c851     0x2  Code  Gb  tasks.o [17]
xTaskIncrementTick       0x800'c863    0xb4  Code  Gb  tasks.o [17]
xTaskNotifyWait          0x800'cb09    0x74  Code  Gb  tasks.o [17]
xTaskRemoveFromEventList
                         0x800'c98d    0x50  Code  Gb  tasks.o [17]
xTaskResumeAll           0x800'c7b5    0x96  Code  Gb  tasks.o [17]
xTasksWaitingTermination
                        0x2000'3f90    0x14  Data  Lc  tasks.o [17]
xTickCount              0x2000'3fcc     0x4  Data  Lc  tasks.o [17]
xYieldPending           0x2000'3fdc     0x4  Data  Lc  tasks.o [17]


[1] = d:\JD-Signal\3.Firmware\JD-Signal\EWARM\JD-Signal\Obj\Application\EWARM
[2] = d:\JD-Signal\3.Firmware\JD-Signal\EWARM\JD-Signal\Obj\Application\User\Core
[3] = d:\JD-Signal\3.Firmware\JD-Signal\EWARM\JD-Signal\Obj\Application\User\FATFS\App
[4] = d:\JD-Signal\3.Firmware\JD-Signal\EWARM\JD-Signal\Obj\Application\User\FATFS\Target
[5] = d:\JD-Signal\3.Firmware\JD-Signal\EWARM\JD-Signal\Obj\Drivers\Algorithm
[6] = d:\JD-Signal\3.Firmware\JD-Signal\EWARM\JD-Signal\Obj\Drivers\BodeSetting
[7] = d:\JD-Signal\3.Firmware\JD-Signal\EWARM\JD-Signal\Obj\Drivers\CMSIS
[8] = d:\JD-Signal\3.Firmware\JD-Signal\EWARM\JD-Signal\Obj\Drivers\CMSIS-DSP
[9] = d:\JD-Signal\3.Firmware\JD-Signal\EWARM\JD-Signal\Obj\Drivers\IPort3
[10] = d:\JD-Signal\3.Firmware\JD-Signal\EWARM\JD-Signal\Obj\Drivers\LCD
[11] = d:\JD-Signal\3.Firmware\JD-Signal\EWARM\JD-Signal\Obj\Drivers\LTC6912
[12] = d:\JD-Signal\3.Firmware\JD-Signal\EWARM\JD-Signal\Obj\Drivers\STM32H7xx_HAL_Driver
[13] = d:\JD-Signal\3.Firmware\JD-Signal\EWARM\JD-Signal\Obj\Drivers\SaveInCSV
[14] = d:\JD-Signal\3.Firmware\JD-Signal\EWARM\JD-Signal\Obj\Drivers\UserInteraction
[15] = d:\JD-Signal\3.Firmware\JD-Signal\EWARM\JD-Signal\Obj\Drivers\cJSON
[16] = d:\JD-Signal\3.Firmware\JD-Signal\EWARM\JD-Signal\Obj\Middlewares\FatFs
[17] = d:\JD-Signal\3.Firmware\JD-Signal\EWARM\JD-Signal\Obj\Middlewares\FreeRTOS
[18] = dl7M_tlf.a
[19] = m7M_tlv.a
[20] = rt7M_tl.a
[21] = shb_l.a

  58'467 bytes of readonly  code memory
  13'798 bytes of readonly  data memory
  49'372 bytes of readwrite data memory

Errors: none
Warnings: none
